../Core/Src/bmp581.c:25:20:readRegisters	24	static
../Core/Src/bmp581.c:46:20:writeRegisters	24	static
../Core/Src/bmp581.c:67:6:usDelay	16	static
../Core/Src/bmp581.c:72:8:begin	16	static
../Core/Src/bmp581.c:95:8:beginSPI	8	static
../Core/Src/bmp581.c:104:8:init	32	static
../Core/Src/bmp581.c:130:8:setMode	16	static
../Core/Src/bmp581.c:135:8:getMode	16	static
../Core/Src/bmp581.c:140:8:enablePress	16	static
../Core/Src/bmp581.c:146:8:getSensorData	16	static
../Core/Src/bmp581.c:151:7:kalman_filter	32	static
../Core/Src/bmp581.c:181:7:calcAltitude	40	static
../Core/Src/bmp581.c:190:8:setODRFrequency	16	static
../Core/Src/bmp581.c:202:8:getODRFrequency	16	static
../Core/Src/bmp581.c:208:8:setOSRMultipliers	16	static
../Core/Src/bmp581.c:224:8:getOSRMultipliers	16	static
../Core/Src/bmp581.c:231:8:getOSREffective	16	static
../Core/Src/bmp581.c:236:8:setFilterConfig	16	static
../Core/Src/bmp581.c:241:8:setOORConfig	16	static
../Core/Src/bmp581.c:246:8:setFIFOConfig	24	static
../Core/Src/bmp581.c:281:8:getFIFOLength	24	static
../Core/Src/bmp581.c:310:8:getFIFOData	56	dynamic
../Core/Src/bmp581.c:347:8:flushFIFO	16	static
../Core/Src/bmp581.c:388:8:readNVM	16	static
../Core/Src/bmp581.c:393:8:writeNVM	16	static
