../Core/Inc/bno055_stm32.h:18:6:bno055_assignI2C	16	static
../Core/Inc/bno055_stm32.h:22:6:bno055_delay	16	static
../Core/Inc/bno055_stm32.h:30:6:bno055_writeData	40	static
../Core/Inc/bno055_stm32.h:94:6:bno055_readData	24	static
../Core/Src/main.c:108:6:ParseReceivedCommand	48	static
../Core/Src/main.c:177:6:FigherLighter	24	static
../Core/Src/main.c:184:6:LogData	16	static
../Core/Src/main.c:194:6:HAL_UARTEx_RxEventCallback	24	static
../Core/Src/main.c:220:5:main	288	static
../Core/Src/main.c:441:6:SystemClock_Config	88	static
../Core/Src/main.c:488:13:MX_I2C2_Init	8	static
../Core/Src/main.c:522:13:MX_SDIO_SD_Init	4	static
../Core/Src/main.c:550:13:MX_SPI1_Init	8	static
../Core/Src/main.c:588:13:MX_SPI3_Init	8	static
../Core/Src/main.c:626:13:MX_USART2_UART_Init	8	static
../Core/Src/main.c:657:13:MX_DMA_Init	16	static
../Core/Src/main.c:685:13:MX_GPIO_Init	56	static
../Core/Src/main.c:766:6:Error_Handler	4	static,ignoring_inline_asm
