../Core/Inc/bno055_stm32.h:18:6:bno055_assignI2C	16	static
../Core/Inc/bno055_stm32.h:22:6:bno055_delay	16	static
../Core/Inc/bno055_stm32.h:30:6:bno055_writeData	40	static
../Core/Inc/bno055_stm32.h:94:6:bno055_readData	24	static
../Core/Src/main.c:86:6:ParseReceivedCommand	40	static
../Core/Src/main.c:118:6:FigherLighter	24	static
../Core/Src/main.c:132:5:main	200	static
../Core/Src/main.c:247:6:SystemClock_Config	88	static
../Core/Src/main.c:294:13:MX_I2C2_Init	8	static
../Core/Src/main.c:328:13:MX_SDIO_SD_Init	4	static
../Core/Src/main.c:356:13:MX_SPI3_Init	8	static
../Core/Src/main.c:392:13:MX_DMA_Init	16	static
../Core/Src/main.c:413:13:MX_GPIO_Init	56	static
../Core/Src/main.c:468:6:Error_Handler	4	static,ignoring_inline_asm
