../Core/Src/NRF24L01.c:33:6:CS_Select	8	static
../Core/Src/NRF24L01.c:38:6:CS_UnSelect	8	static
../Core/Src/NRF24L01.c:44:6:CE_Enable	8	static
../Core/Src/NRF24L01.c:49:6:CE_Disable	8	static
../Core/Src/NRF24L01.c:57:6:nrf24_WriteReg	24	static
../Core/Src/NRF24L01.c:73:6:nrf24_WriteRegMulti	32	static
../Core/Src/NRF24L01.c:90:9:nrf24_ReadReg	24	static
../Core/Src/NRF24L01.c:108:6:nrf24_ReadReg_Multi	24	static
../Core/Src/NRF24L01.c:122:6:nrfsendCmd	16	static
../Core/Src/NRF24L01.c:133:6:nrf24_reset	40	static
../Core/Src/NRF24L01.c:181:6:NRF24_Init	16	static
../Core/Src/NRF24L01.c:214:6:NRF24_TxMode_with_ACK_Payload	24	static
../Core/Src/NRF24L01.c:250:6:NRF24_TxRxMode	32	static
../Core/Src/NRF24L01.c:292:6:NRF24_TxMode	16	static
../Core/Src/NRF24L01.c:310:6:NRF24_RxMode	16	static
../Core/Src/NRF24L01.c:329:9:NRF24_Transmit	24	static
../Core/Src/NRF24L01.c:367:6:flush_tx_fifo	16	static
../Core/Src/NRF24L01.c:374:6:flush_rx_fifo	16	static
../Core/Src/NRF24L01.c:381:6:NRF24_Receive_ACK_Payload	24	static
../Core/Src/NRF24L01.c:411:9:isDataAvailable	16	static
../Core/Src/NRF24L01.c:427:6:NRF24_Receive	24	static
