../Core/Src/NRF24L01.c:34:6:CS_Select	8	static
../Core/Src/NRF24L01.c:39:6:CS_UnSelect	8	static
../Core/Src/NRF24L01.c:45:6:CE_Enable	8	static
../Core/Src/NRF24L01.c:50:6:CE_Disable	8	static
../Core/Src/NRF24L01.c:58:6:nrf24_WriteReg	24	static
../Core/Src/NRF24L01.c:74:6:nrf24_WriteRegMulti	32	static
../Core/Src/NRF24L01.c:91:9:nrf24_ReadReg	24	static
../Core/Src/NRF24L01.c:109:6:nrf24_ReadReg_Multi	24	static
../Core/Src/NRF24L01.c:123:6:nrfsendCmd	16	static
../Core/Src/NRF24L01.c:134:6:nrf24_reset	40	static
../Core/Src/NRF24L01.c:182:6:NRF24_Init	8	static
../Core/Src/NRF24L01.c:213:6:NRF24_TxMode_with_ACK_Payload	24	static
../Core/Src/NRF24L01.c:249:6:NRF24_TxRxMode	32	static
../Core/Src/NRF24L01.c:291:6:NRF24_TxMode	16	static
../Core/Src/NRF24L01.c:309:6:NRF24_RxMode	16	static
../Core/Src/NRF24L01.c:328:9:NRF24_Transmit	24	static
../Core/Src/NRF24L01.c:365:6:flush_tx_fifo	16	static
../Core/Src/NRF24L01.c:372:6:flush_rx_fifo	16	static
../Core/Src/NRF24L01.c:379:6:NRF24_Receive_ACK_Payload	24	static
../Core/Src/NRF24L01.c:409:9:isDataAvailable	16	static
../Core/Src/NRF24L01.c:424:6:NRF24_Receive	24	static
