Archive member included to satisfy reference by file (symbol)

/home/dat/.config/Code/User/globalStorage/litaitech.stm32-colir-one/@xpack-dev-tools/arm-none-eabi-gcc/13.3.1-1.1.1/.content/bin/../lib/gcc/arm-none-eabi/13.3.1/../../../../arm-none-eabi/lib/thumb/v7e-m+fp/hard/libc_nano.a(libc_a-atexit.o)
                              /home/dat/.config/Code/User/globalStorage/litaitech.stm32-colir-one/@xpack-dev-tools/arm-none-eabi-gcc/13.3.1-1.1.1/.content/bin/../lib/gcc/arm-none-eabi/13.3.1/../../../../arm-none-eabi/lib/thumb/v7e-m+fp/hard/crt0.o (atexit)
/home/dat/.config/Code/User/globalStorage/litaitech.stm32-colir-one/@xpack-dev-tools/arm-none-eabi-gcc/13.3.1-1.1.1/.content/bin/../lib/gcc/arm-none-eabi/13.3.1/../../../../arm-none-eabi/lib/thumb/v7e-m+fp/hard/libc_nano.a(libc_a-exit.o)
                              /home/dat/.config/Code/User/globalStorage/litaitech.stm32-colir-one/@xpack-dev-tools/arm-none-eabi-gcc/13.3.1-1.1.1/.content/bin/../lib/gcc/arm-none-eabi/13.3.1/../../../../arm-none-eabi/lib/thumb/v7e-m+fp/hard/crt0.o (exit)
/home/dat/.config/Code/User/globalStorage/litaitech.stm32-colir-one/@xpack-dev-tools/arm-none-eabi-gcc/13.3.1-1.1.1/.content/bin/../lib/gcc/arm-none-eabi/13.3.1/../../../../arm-none-eabi/lib/thumb/v7e-m+fp/hard/libc_nano.a(libc_a-malloc.o)
                              build/nmea_parse.o (malloc)
/home/dat/.config/Code/User/globalStorage/litaitech.stm32-colir-one/@xpack-dev-tools/arm-none-eabi-gcc/13.3.1-1.1.1/.content/bin/../lib/gcc/arm-none-eabi/13.3.1/../../../../arm-none-eabi/lib/thumb/v7e-m+fp/hard/libc_nano.a(libc_a-mallocr.o)
                              /home/dat/.config/Code/User/globalStorage/litaitech.stm32-colir-one/@xpack-dev-tools/arm-none-eabi-gcc/13.3.1-1.1.1/.content/bin/../lib/gcc/arm-none-eabi/13.3.1/../../../../arm-none-eabi/lib/thumb/v7e-m+fp/hard/libc_nano.a(libc_a-malloc.o) (_malloc_r)
/home/dat/.config/Code/User/globalStorage/litaitech.stm32-colir-one/@xpack-dev-tools/arm-none-eabi-gcc/13.3.1-1.1.1/.content/bin/../lib/gcc/arm-none-eabi/13.3.1/../../../../arm-none-eabi/lib/thumb/v7e-m+fp/hard/libc_nano.a(libc_a-mlock.o)
                              /home/dat/.config/Code/User/globalStorage/litaitech.stm32-colir-one/@xpack-dev-tools/arm-none-eabi-gcc/13.3.1-1.1.1/.content/bin/../lib/gcc/arm-none-eabi/13.3.1/../../../../arm-none-eabi/lib/thumb/v7e-m+fp/hard/libc_nano.a(libc_a-mallocr.o) (__malloc_lock)
/home/dat/.config/Code/User/globalStorage/litaitech.stm32-colir-one/@xpack-dev-tools/arm-none-eabi-gcc/13.3.1-1.1.1/.content/bin/../lib/gcc/arm-none-eabi/13.3.1/../../../../arm-none-eabi/lib/thumb/v7e-m+fp/hard/libc_nano.a(libc_a-strtod.o)
                              build/nmea_parse.o (strtof)
/home/dat/.config/Code/User/globalStorage/litaitech.stm32-colir-one/@xpack-dev-tools/arm-none-eabi-gcc/13.3.1-1.1.1/.content/bin/../lib/gcc/arm-none-eabi/13.3.1/../../../../arm-none-eabi/lib/thumb/v7e-m+fp/hard/libc_nano.a(libc_a-strtol.o)
                              build/nmea_parse.o (strtol)
/home/dat/.config/Code/User/globalStorage/litaitech.stm32-colir-one/@xpack-dev-tools/arm-none-eabi-gcc/13.3.1-1.1.1/.content/bin/../lib/gcc/arm-none-eabi/13.3.1/../../../../arm-none-eabi/lib/thumb/v7e-m+fp/hard/libc_nano.a(libc_a-ctype_.o)
                              /home/dat/.config/Code/User/globalStorage/litaitech.stm32-colir-one/@xpack-dev-tools/arm-none-eabi-gcc/13.3.1-1.1.1/.content/bin/../lib/gcc/arm-none-eabi/13.3.1/../../../../arm-none-eabi/lib/thumb/v7e-m+fp/hard/libc_nano.a(libc_a-strtol.o) (_ctype_)
/home/dat/.config/Code/User/globalStorage/litaitech.stm32-colir-one/@xpack-dev-tools/arm-none-eabi-gcc/13.3.1-1.1.1/.content/bin/../lib/gcc/arm-none-eabi/13.3.1/../../../../arm-none-eabi/lib/thumb/v7e-m+fp/hard/libc_nano.a(libc_a-nano-vfprintf_float.o)
                              (_printf_float)
/home/dat/.config/Code/User/globalStorage/litaitech.stm32-colir-one/@xpack-dev-tools/arm-none-eabi-gcc/13.3.1-1.1.1/.content/bin/../lib/gcc/arm-none-eabi/13.3.1/../../../../arm-none-eabi/lib/thumb/v7e-m+fp/hard/libc_nano.a(libc_a-nano-vfprintf_i.o)
                              /home/dat/.config/Code/User/globalStorage/litaitech.stm32-colir-one/@xpack-dev-tools/arm-none-eabi-gcc/13.3.1-1.1.1/.content/bin/../lib/gcc/arm-none-eabi/13.3.1/../../../../arm-none-eabi/lib/thumb/v7e-m+fp/hard/libc_nano.a(libc_a-nano-vfprintf_float.o) (_printf_common)
/home/dat/.config/Code/User/globalStorage/litaitech.stm32-colir-one/@xpack-dev-tools/arm-none-eabi-gcc/13.3.1-1.1.1/.content/bin/../lib/gcc/arm-none-eabi/13.3.1/../../../../arm-none-eabi/lib/thumb/v7e-m+fp/hard/libc_nano.a(libc_a-findfp.o)
                              /home/dat/.config/Code/User/globalStorage/litaitech.stm32-colir-one/@xpack-dev-tools/arm-none-eabi-gcc/13.3.1-1.1.1/.content/bin/../lib/gcc/arm-none-eabi/13.3.1/../../../../arm-none-eabi/lib/thumb/v7e-m+fp/hard/libc_nano.a(libc_a-exit.o) (__stdio_exit_handler)
[...]
Memory Configuration

Name             Origin             Length             Attributes
RAM              0x20000000         0x00020000         xrw
CCMRAM           0x10000000         0x00010000         xrw
FLASH            0x08000000         0x00080000         xr
*default*        0x00000000         0xffffffff

Linker script and memory map

LOAD /home/dat/.config/Code/User/globalStorage/litaitech.stm32-colir-one/@xpack-dev-tools/arm-none-eabi-gcc/13.3.1-1.1.1/.content/bin/../lib/gcc/arm-none-eabi/13.3.1/thumb/v7e-m+fp/hard/crti.o
LOAD /home/dat/.config/Code/User/globalStorage/litaitech.stm32-colir-one/@xpack-dev-tools/arm-none-eabi-gcc/13.3.1-1.1.1/.content/bin/../lib/gcc/arm-none-eabi/13.3.1/thumb/v7e-m+fp/hard/crtbegin.o
LOAD /home/dat/.config/Code/User/globalStorage/litaitech.stm32-colir-one/@xpack-dev-tools/arm-none-eabi-gcc/13.3.1-1.1.1/.content/bin/../lib/gcc/arm-none-eabi/13.3.1/../../../../arm-none-eabi/lib/thumb/v7e-m+fp/hard/crt0.o
LOAD build/nrf24.o
LOAD build/bmp581.o
LOAD build/bno055.o
LOAD build/fifo.o
LOAD build/log.o
LOAD build/nmea_parse.o
LOAD build/pca9685.o
LOAD build/redirect.o
LOAD build/stm32f4xx_hal_msp.o
LOAD build/stm32f4xx_it.o
LOAD build/syscalls.o
LOAD build/sysmem.o
LOAD build/system_stm32f4xx.o
LOAD build/uart.o
LOAD build/usb_com.o
LOAD build/util.o
LOAD build/w25qxx.o
LOAD build/init.o
LOAD build/stm32f4xx_hal.o
LOAD build/stm32f4xx_hal_cortex.o
LOAD build/stm32f4xx_hal_dma.o
LOAD build/stm32f4xx_hal_dma_ex.o
LOAD build/stm32f4xx_hal_exti.o
LOAD build/stm32f4xx_hal_flash.o
LOAD build/stm32f4xx_hal_flash_ex.o
LOAD build/stm32f4xx_hal_flash_ramfunc.o
LOAD build/stm32f4xx_hal_gpio.o
LOAD build/stm32f4xx_hal_i2c.o
LOAD build/stm32f4xx_hal_i2c_ex.o
LOAD build/stm32f4xx_hal_pcd.o
LOAD build/stm32f4xx_hal_pcd_ex.o
LOAD build/stm32f4xx_hal_pwr.o
LOAD build/stm32f4xx_hal_pwr_ex.o
LOAD build/stm32f4xx_hal_rcc.o
LOAD build/stm32f4xx_hal_rcc_ex.o
LOAD build/stm32f4xx_hal_sd.o
LOAD build/stm32f4xx_hal_spi.o
LOAD build/stm32f4xx_hal_tim.o
LOAD build/stm32f4xx_hal_tim_ex.o
LOAD build/stm32f4xx_hal_uart.o
LOAD build/stm32f4xx_ll_sdmmc.o
LOAD build/stm32f4xx_ll_usb.o
LOAD build/bmp5.o
LOAD build/fatfs.o
LOAD build/bsp_driver_sd.o
LOAD build/fatfs_platform.o
LOAD build/sd_diskio.o
LOAD build/usbd_cdc.o
LOAD build/usbd_core.o
LOAD build/usbd_ctlreq.o
LOAD build/usbd_ioreq.o
LOAD build/diskio.o
LOAD build/ff.o
LOAD build/ff_gen_drv.o
LOAD build/ccsbcs.o
LOAD build/syscall.o
LOAD build/usb_device.o
LOAD build/usbd_cdc_if.o
LOAD build/usbd_desc.o
LOAD build/usbd_conf.o
LOAD build/barometer.o
LOAD build/colir_one.o
LOAD build/gps.o
LOAD build/imu.o
LOAD build/lighter.o
LOAD build/servo.o
LOAD build/rf.o
LOAD build/logger.o
LOAD build/sdcard.o
LOAD build/main.o
LOAD build/startup_stm32f407xx.o
LOAD /home/dat/.config/Code/User/globalStorage/litaitech.stm32-colir-one/@xpack-dev-tools/arm-none-eabi-gcc/13.3.1-1.1.1/.content/bin/../lib/gcc/arm-none-eabi/13.3.1/../../../../arm-none-eabi/lib/thumb/v7e-m+fp/hard/libc_nano.a
LOAD /home/dat/.config/Code/User/globalStorage/litaitech.stm32-colir-one/@xpack-dev-tools/arm-none-eabi-gcc/13.3.1-1.1.1/.content/bin/../lib/gcc/arm-none-eabi/13.3.1/../../../../arm-none-eabi/lib/thumb/v7e-m+fp/hard/libm.a
LOAD /home/dat/.config/Code/User/globalStorage/litaitech.stm32-colir-one/@xpack-dev-tools/arm-none-eabi-gcc/13.3.1-1.1.1/.content/bin/../lib/gcc/arm-none-eabi/13.3.1/../../../../arm-none-eabi/lib/thumb/v7e-m+fp/hard/libnosys.a
START GROUP
LOAD /home/dat/.config/Code/User/globalStorage/litaitech.stm32-colir-one/@xpack-dev-tools/arm-none-eabi-gcc/13.3.1-1.1.1/.content/bin/../lib/gcc/arm-none-eabi/13.3.1/thumb/v7e-m+fp/hard/libgcc.a
LOAD /home/dat/.config/Code/User/globalStorage/litaitech.stm32-colir-one/@xpack-dev-tools/arm-none-eabi-gcc/13.3.1-1.1.1/.content/bin/../lib/gcc/arm-none-eabi/13.3.1/../../../../arm-none-eabi/lib/thumb/v7e-m+fp/hard/libc_nano.a
END GROUP
START GROUP
LOAD /home/dat/.config/Code/User/globalStorage/litaitech.stm32-colir-one/@xpack-dev-tools/arm-none-eabi-gcc/13.3.1-1.1.1/.content/bin/../lib/gcc/arm-none-eabi/13.3.1/thumb/v7e-m+fp/hard/libgcc.a
LOAD /home/dat/.config/Code/User/globalStorage/litaitech.stm32-colir-one/@xpack-dev-tools/arm-none-eabi-gcc/13.3.1-1.1.1/.content/bin/../lib/gcc/arm-none-eabi/13.3.1/../../../../arm-none-eabi/lib/thumb/v7e-m+fp/hard/libc_nano.a
END GROUP
LOAD /home/dat/.config/Code/User/globalStorage/litaitech.stm32-colir-one/@xpack-dev-tools/arm-none-eabi-gcc/13.3.1-1.1.1/.content/bin/../lib/gcc/arm-none-eabi/13.3.1/thumb/v7e-m+fp/hard/crtend.o
LOAD /home/dat/.config/Code/User/globalStorage/litaitech.stm32-colir-one/@xpack-dev-tools/arm-none-eabi-gcc/13.3.1-1.1.1/.content/bin/../lib/gcc/arm-none-eabi/13.3.1/thumb/v7e-m+fp/hard/crtn.o
                0x20020000                        _estack = (ORIGIN (RAM) + LENGTH (RAM))
                0x00000400                        _Min_Heap_Size = 0x400
                0x00000800                        _Min_Stack_Size = 0x800

.isr_vector     0x08000000      0x188
                0x08000000                        . = ALIGN (0x4)
 *(.isr_vector)
 .isr_vector    0x08000000      0x188 build/startup_stm32f407xx.o
                0x08000000                g_pfnVectors
                0x08000188                        . = ALIGN (0x4)

.text           0x08000190    0x1364c
                0x08000190                        . = ALIGN (0x4)
 *(.text)
 .text          0x08000190       0xa0 /home/dat/.config/Code/User/globalStorage/litaitech.stm32-colir-one/@xpack-dev-tools/arm-none-eabi-gcc/13.3.1-1.1.1/.content/bin/../lib/gcc/arm-none-eabi/13.3.1/../../../../arm-none-eabi/lib/thumb/v7e-m+fp/hard/libc_nano.a(libc_a-memchr.o)
                0x08000190                memchr
 .text          0x08000230       0x10 /home/dat/.config/Code/User/globalStorage/litaitech.stm32-colir-one/@xpack-dev-tools/arm-none-eabi-gcc/13.3.1-1.1.1/.content/bin/../lib/gcc/arm-none-eabi/13.3.1/../../../../arm-none-eabi/lib/thumb/v7e-m+fp/hard/libc_nano.a(libc_a-strlen.o)
                0x08000230                strlen
 .text          0x08000240      0x378 /home/dat/.config/Code/User/globalStorage/litaitech.stm32-colir-one/@xpack-dev-tools/arm-none-eabi-gcc/13.3.1-1.1.1/.content/bin/../lib/gcc/arm-none-eabi/13.3.1/thumb/v7e-m+fp/hard/libgcc.a(_arm_addsubdf3.o)
                0x08000240                __aeabi_drsub
                0x08000248                __aeabi_dsub
                0x08000248                __subdf3
                0x0800024c                __adddf3
                0x0800024c                __aeabi_dadd
                0x080004c4                __aeabi_ui2d
                0x080004c4                __floatunsidf
                0x080004e4                __floatsidf
                0x080004e4                __aeabi_i2d
                0x08000508                __extendsfdf2
                0x08000508                __aeabi_f2d
                0x0800054c                __aeabi_ul2d
                0x0800054c                __floatundidf
                0x0800055c                __floatdidf
                0x0800055c                __aeabi_l2d
 .text          0x080005b8      0x424 /home/dat/.config/Code/User/globalStorage/litaitech.stm32-colir-one/@xpack-dev-tools/arm-none-eabi-gcc/13.3.1-1.1.1/.content/bin/../lib/gcc/arm-none-eabi/13.3.1/thumb/v7e-m+fp/hard/libgcc.a(_arm_muldivdf3.o)
                0x080005b8                __aeabi_dmul
                0x080005b8                __muldf3
                0x0800080c                __aeabi_ddiv
                0x0800080c                __divdf3
 .text          0x080009dc      0x110 /home/dat/.config/Code/User/globalStorage/litaitech.stm32-colir-one/@xpack-dev-tools/arm-none-eabi-gcc/13.3.1-1.1.1/.content/bin/../lib/gcc/arm-none-eabi/13.3.1/thumb/v7e-m+fp/hard/libgcc.a(_arm_cmpdf2.o)
                0x080009dc                __gtdf2
                0x080009dc                __gedf2
                0x080009e4                __ltdf2
                0x080009e4                __ledf2
                0x080009ec                __cmpdf2
                0x080009ec                __eqdf2
                0x080009ec                __nedf2
                0x08000a68                __aeabi_cdrcmple
                0x08000a78                __aeabi_cdcmple
                0x08000a78                __aeabi_cdcmpeq
                0x08000a88                __aeabi_dcmpeq
                0x08000a9c                __aeabi_dcmplt
                0x08000ab0                __aeabi_dcmple
                0x08000ac4                __aeabi_dcmpge
                0x08000ad8                __aeabi_dcmpgt
 .text          0x08000aec       0x2c /home/dat/.config/Code/User/globalStorage/litaitech.stm32-colir-one/@xpack-dev-tools/arm-none-eabi-gcc/13.3.1-1.1.1/.content/bin/../lib/gcc/arm-none-eabi/13.3.1/thumb/v7e-m+fp/hard/libgcc.a(_arm_unorddf2.o)
                0x08000aec                __aeabi_dcmpun
                0x08000aec                __unorddf2
 .text          0x08000b18       0x50 /home/dat/.config/Code/User/globalStorage/litaitech.stm32-colir-one/@xpack-dev-tools/arm-none-eabi-gcc/13.3.1-1.1.1/.content/bin/../lib/gcc/arm-none-eabi/13.3.1/thumb/v7e-m+fp/hard/libgcc.a(_arm_fixdfsi.o)
                0x08000b18                __fixdfsi
                0x08000b18                __aeabi_d2iz
 .text          0x08000b68       0x40 /home/dat/.config/Code/User/globalStorage/litaitech.stm32-colir-one/@xpack-dev-tools/arm-none-eabi-gcc/13.3.1-1.1.1/.content/bin/../lib/gcc/arm-none-eabi/13.3.1/thumb/v7e-m+fp/hard/libgcc.a(_arm_fixunsdfsi.o)
                0x08000b68                __fixunsdfsi
                0x08000b68                __aeabi_d2uiz
 .text          0x08000ba8       0xa0 /home/dat/.config/Code/User/globalStorage/litaitech.stm32-colir-one/@xpack-dev-tools/arm-none-eabi-gcc/13.3.1-1.1.1/.content/bin/../lib/gcc/arm-none-eabi/13.3.1/thumb/v7e-m+fp/hard/libgcc.a(_arm_truncdfsf2.o)
                0x08000ba8                __aeabi_d2f
                0x08000ba8                __truncdfsf2
 .text          0x08000c48       0x30 /home/dat/.config/Code/User/globalStorage/litaitech.stm32-colir-one/@xpack-dev-tools/arm-none-eabi-gcc/13.3.1-1.1.1/.content/bin/../lib/gcc/arm-none-eabi/13.3.1/thumb/v7e-m+fp/hard/libgcc.a(_aeabi_uldivmod.o)
                0x08000c48                __aeabi_uldivmod
 .text          0x08000c78      0x1ac /home/dat/.config/Code/User/globalStorage/litaitech.stm32-colir-one/@xpack-dev-tools/arm-none-eabi-gcc/13.3.1-1.1.1/.content/bin/../lib/gcc/arm-none-eabi/13.3.1/thumb/v7e-m+fp/hard/libgcc.a(libunwind.o)
                0x08000c78                __restore_core_regs
                0x08000c78                restore_core_regs
                0x08000c90                __gnu_Unwind_Restore_VFP
                0x08000c98                __gnu_Unwind_Save_VFP
                0x08000ca0                __gnu_Unwind_Restore_VFP_D
                0x08000ca8                __gnu_Unwind_Save_VFP_D
                0x08000cb0                __gnu_Unwind_Restore_VFP_D_16_to_31
                0x08000cb8                __gnu_Unwind_Save_VFP_D_16_to_31
                0x08000cc0                __gnu_Unwind_Restore_WMMXD
                0x08000d04                __gnu_Unwind_Save_WMMXD
                0x08000d48                __gnu_Unwind_Restore_WMMXC
                0x08000d5c                __gnu_Unwind_Save_WMMXC
                0x08000d70                ___Unwind_RaiseException
                0x08000d70                _Unwind_RaiseException
                0x08000d94                ___Unwind_Resume
                0x08000d94                _Unwind_Resume
                0x08000db8                _Unwind_Resume_or_Rethrow
                0x08000db8                ___Unwind_Resume_or_Rethrow
                0x08000ddc                ___Unwind_ForcedUnwind
                0x08000ddc                _Unwind_ForcedUnwind
                0x08000e00                _Unwind_Backtrace
                0x08000e00                ___Unwind_Backtrace
 .text          0x08000e24        0x4 /home/dat/.config/Code/User/globalStorage/litaitech.stm32-colir-one/@xpack-dev-tools/arm-none-eabi-gcc/13.3.1-1.1.1/.content/bin/../lib/gcc/arm-none-eabi/13.3.1/thumb/v7e-m+fp/hard/libgcc.a(_dvmd_tls.o)
                0x08000e24                __aeabi_ldiv0
                0x08000e24                __aeabi_idiv0
 *(.text*)
 .text.__do_global_dtors_aux
                0x08000e28       0x24 /home/dat/.config/Code/User/globalStorage/litaitech.stm32-colir-one/@xpack-dev-tools/arm-none-eabi-gcc/13.3.1-1.1.1/.content/bin/../lib/gcc/arm-none-eabi/13.3.1/thumb/v7e-m+fp/hard/crtbegin.o
 .text.frame_dummy
                0x08000e4c       0x1c /home/dat/.config/Code/User/globalStorage/litaitech.stm32-colir-one/@xpack-dev-tools/arm-none-eabi-gcc/13.3.1-1.1.1/.content/bin/../lib/gcc/arm-none-eabi/13.3.1/thumb/v7e-m+fp/hard/crtbegin.o
 .text.csn_high
                0x08000e68       0x14 build/nrf24.o
                0x08000e68                csn_high
 .text.csn_low  0x08000e7c       0x14 build/nrf24.o
                0x08000e7c                csn_low
 .text.ce_high  0x08000e90       0x14 build/nrf24.o
                0x08000e90                ce_high
 .text.ce_low   0x08000ea4       0x14 build/nrf24.o
                0x08000ea4                ce_low
 .text.nrf24_w_reg
                0x08000eb8       0x40 build/nrf24.o
                0x08000eb8                nrf24_w_reg
 .text.nrf24_r_reg
                0x08000ef8       0x48 build/nrf24.o
                0x08000ef8                nrf24_r_reg
 .text.nrf24_w_spec_cmd
                0x08000f40       0x24 build/nrf24.o
                0x08000f40                nrf24_w_spec_cmd
 .text.nrf24_pwr_up
                0x08000f64       0x2e build/nrf24.o
                0x08000f64                nrf24_pwr_up
 .text.nrf24_tx_pwr
                0x08000f92       0x38 build/nrf24.o
                0x08000f92                nrf24_tx_pwr
 .text.nrf24_data_rate
                0x08000fca       0x4c build/nrf24.o
                0x08000fca                nrf24_data_rate
 .text.nrf24_set_channel
                0x08001016       0x1a build/nrf24.o
                0x08001016                nrf24_set_channel
 .text.nrf24_open_tx_pipe
                0x08001030        0xe build/nrf24.o
                0x08001030                nrf24_open_tx_pipe
 .text.nrf24_pipe_pld_size
                0x0800103e       0x7a build/nrf24.o
                0x0800103e                nrf24_pipe_pld_size
 .text.nrf24_open_rx_pipe
                0x080010b8       0xc6 build/nrf24.o
                0x080010b8                nrf24_open_rx_pipe
 .text.nrf24_set_crc
                0x0800117e       0x3a build/nrf24.o
                0x0800117e                nrf24_set_crc
 .text.nrf24_set_addr_width
                0x080011b8       0x22 build/nrf24.o
                0x080011b8                nrf24_set_addr_width
 .text.nrf24_flush_tx
                0x080011da       0x12 build/nrf24.o
                0x080011da                nrf24_flush_tx
 .text.nrf24_flush_rx
                0x080011ec       0x12 build/nrf24.o
                0x080011ec                nrf24_flush_rx
 *fill*         0x080011fe        0x2 
 .text.nrf24_r_status
                0x08001200       0x3c build/nrf24.o
                0x08001200                nrf24_r_status
 .text.nrf24_clear_rx_dr
                0x0800123c       0x2c build/nrf24.o
                0x0800123c                nrf24_clear_rx_dr
 .text.nrf24_clear_tx_ds
                0x08001268       0x2c build/nrf24.o
                0x08001268                nrf24_clear_tx_ds
 .text.nrf24_clear_max_rt
                0x08001294       0x2c build/nrf24.o
                0x08001294                nrf24_clear_max_rt
 .text.nrf24_stop_listen
                0x080012c0       0x2e build/nrf24.o
                0x080012c0                nrf24_stop_listen
 .text.nrf24_dpl
                0x080012ee       0x38 build/nrf24.o
                0x080012ee                nrf24_dpl
 .text.nrf24_set_rx_dpl
                0x08001326       0x46 build/nrf24.o
                0x08001326                nrf24_set_rx_dpl
 .text.nrf24_auto_ack_all
                0x0800136c       0x32 build/nrf24.o
                0x0800136c                nrf24_auto_ack_all
 .text.nrf24_en_ack_pld
                0x0800139e       0x36 build/nrf24.o
                0x0800139e                nrf24_en_ack_pld
 .text.nrf24_auto_retr_delay
                0x080013d4       0x32 build/nrf24.o
                0x080013d4                nrf24_auto_retr_delay
 .text.nrf24_auto_retr_limit
                0x08001406       0x30 build/nrf24.o
                0x08001406                nrf24_auto_retr_limit
 .text.nrf24_init
                0x08001436       0x1c build/nrf24.o
                0x08001436                nrf24_init
 *fill*         0x08001452        0x2 
 .text.writeRegisters
                0x08001454       0x58 build/bmp581.o
                0x08001454                writeRegisters
 .text.readRegisters
                0x080014ac       0x68 build/bmp581.o
                0x080014ac                readRegisters
 .text.usDelay  0x08001514        0x8 build/bmp581.o
                0x08001514                usDelay
 .text.init     0x0800151c       0x48 build/bmp581.o
                0x0800151c                init
 .text.setMode  0x08001564       0x10 build/bmp581.o
                0x08001564                setMode
 .text.enablePress
                0x08001574       0x18 build/bmp581.o
                0x08001574                enablePress
 .text.begin    0x0800158c       0x24 build/bmp581.o
                0x0800158c                begin
 .text.beginSPI
                0x080015b0       0x18 build/bmp581.o
                0x080015b0                beginSPI
 .text.getSensorData
                0x080015c8       0x14 build/bmp581.o
                0x080015c8                getSensorData
 *fill*         0x080015dc        0x4 
 .text.calcAltitude
                0x080015e0       0x64 build/bmp581.o
                0x080015e0                calcAltitude
 .text.bno055_writeData
                0x08001644       0x28 build/bno055.o
 .text.bno055_setPage
                0x0800166c        0xc build/bno055.o
 .text.bno055_readData
                0x08001678       0x48 build/bno055.o
 .text.bno055_getVector
                0x080016c0      0x1d0 build/bno055.o
 .text.bno055_delay
                0x08001890        0x8 build/bno055.o
 .text.bno055_assignI2C
                0x08001898        0xc build/bno055.o
                0x08001898                bno055_assignI2C
 .text.bno055_setOperationMode
                0x080018a4       0x22 build/bno055.o
                0x080018a4                bno055_setOperationMode
 .text.bno055_setOperationModeConfig
                0x080018c6        0xa build/bno055.o
                0x080018c6                bno055_setOperationModeConfig
 .text.bno055_setOperationModeNDOF
                0x080018d0        0xa build/bno055.o
                0x080018d0                bno055_setOperationModeNDOF
 .text.bno055_reset
                0x080018da       0x18 build/bno055.o
                0x080018da                bno055_reset
 *fill*         0x080018f2        0x2 
 .text.bno055_setup
                0x080018f4       0x5c build/bno055.o
                0x080018f4                bno055_setup
 .text.bno055_getVectorGyroscope
                0x08001950        0xc build/bno055.o
                0x08001950                bno055_getVectorGyroscope
 .text.bno055_getVectorEuler
                0x0800195c        0xc build/bno055.o
                0x0800195c                bno055_getVectorEuler
 .text.bno055_getVectorLinearAccel
                0x08001968        0xc build/bno055.o
                0x08001968                bno055_getVectorLinearAccel
 .text.bno055_getVectorQuaternion
                0x08001974        0xc build/bno055.o
                0x08001974                bno055_getVectorQuaternion
 .text.gps_checksum
                0x08001980       0x5c build/nmea_parse.o
 .text.nmea_GPGSA
                0x080019dc       0xa8 build/nmea_parse.o
 .text.nmea_GPGLL
                0x08001a84      0x1bc build/nmea_parse.o
 .text.nmea_GPGGA
                0x08001c40      0x224 build/nmea_parse.o
 .text.nmea_parse
                0x08001e64       0xf4 build/nmea_parse.o
                0x08001e64                nmea_parse
 .text._write   0x08001f58       0x1e build/redirect.o
                0x08001f58                _write
 *fill*         0x08001f76        0x2 
 .text.HAL_MspInit
                0x08001f78       0x38 build/stm32f4xx_hal_msp.o
                0x08001f78                HAL_MspInit
 .text.HAL_I2C_MspInit
                0x08001fb0       0x70 build/stm32f4xx_hal_msp.o
                0x08001fb0                HAL_I2C_MspInit
 .text.HAL_SD_MspInit
                0x08002020      0x198 build/stm32f4xx_hal_msp.o
                0x08002020                HAL_SD_MspInit
 .text.HAL_SPI_MspInit
                0x080021b8       0xc4 build/stm32f4xx_hal_msp.o
                0x080021b8                HAL_SPI_MspInit
 .text.HAL_UART_MspInit
                0x0800227c      0x13c build/stm32f4xx_hal_msp.o
                0x0800227c                HAL_UART_MspInit
 .text.NMI_Handler
                0x080023b8        0x2 build/stm32f4xx_it.o
                0x080023b8                NMI_Handler
 .text.HardFault_Handler
                0x080023ba        0x2 build/stm32f4xx_it.o
                0x080023ba                HardFault_Handler
 .text.MemManage_Handler
                0x080023bc        0x2 build/stm32f4xx_it.o
                0x080023bc                MemManage_Handler
 .text.BusFault_Handler
                0x080023be        0x2 build/stm32f4xx_it.o
                0x080023be                BusFault_Handler
 .text.UsageFault_Handler
                0x080023c0        0x2 build/stm32f4xx_it.o
                0x080023c0                UsageFault_Handler
 .text.SVC_Handler
                0x080023c2        0x2 build/stm32f4xx_it.o
                0x080023c2                SVC_Handler
 .text.DebugMon_Handler
                0x080023c4        0x2 build/stm32f4xx_it.o
                0x080023c4                DebugMon_Handler
 .text.PendSV_Handler
                0x080023c6        0x2 build/stm32f4xx_it.o
                0x080023c6                PendSV_Handler
 .text.SysTick_Handler
                0x080023c8        0x8 build/stm32f4xx_it.o
                0x080023c8                SysTick_Handler
 .text.DMA1_Stream5_IRQHandler
                0x080023d0       0x10 build/stm32f4xx_it.o
                0x080023d0                DMA1_Stream5_IRQHandler
 .text.DMA1_Stream6_IRQHandler
                0x080023e0       0x10 build/stm32f4xx_it.o
                0x080023e0                DMA1_Stream6_IRQHandler
 .text.SDIO_IRQHandler
                0x080023f0       0x10 build/stm32f4xx_it.o
                0x080023f0                SDIO_IRQHandler
 .text.DMA2_Stream3_IRQHandler
                0x08002400       0x10 build/stm32f4xx_it.o
                0x08002400                DMA2_Stream3_IRQHandler
 .text.OTG_FS_IRQHandler
                0x08002410       0x10 build/stm32f4xx_it.o
                0x08002410                OTG_FS_IRQHandler
 .text.DMA2_Stream6_IRQHandler
                0x08002420       0x10 build/stm32f4xx_it.o
                0x08002420                DMA2_Stream6_IRQHandler
 .text._getpid  0x08002430        0x4 build/syscalls.o
                0x08002430                _getpid
 .text._kill    0x08002434       0x10 build/syscalls.o
                0x08002434                _kill
 .text._exit    0x08002444        0xc build/syscalls.o
                0x08002444                _exit
 .text._read    0x08002450       0x20 build/syscalls.o
                0x08002450                _read
 .text._close   0x08002470        0x6 build/syscalls.o
                0x08002470                _close
 .text._fstat   0x08002476        0xa build/syscalls.o
                0x08002476                _fstat
 .text._isatty  0x08002480        0x4 build/syscalls.o
                0x08002480                _isatty
 .text._lseek   0x08002484        0x4 build/syscalls.o
                0x08002484                _lseek
 .text._sbrk    0x08002488       0x48 build/sysmem.o
                0x08002488                _sbrk
 .text.SystemInit
                0x080024d0       0x14 build/system_stm32f4xx.o
                0x080024d0                SystemInit
 .text.uart1_transmit
                0x080024e4       0x14 build/uart.o
                0x080024e4                uart1_transmit
 .text.usb_transmit
                0x080024f8        0x8 build/usb_com.o
                0x080024f8                usb_transmit
 .text.W25qxx_Spi
                0x08002500       0x2c build/w25qxx.o
                0x08002500                W25qxx_Spi
 .text.W25qxx_ReadID
                0x0800252c       0x48 build/w25qxx.o
                0x0800252c                W25qxx_ReadID
 .text.W25qxx_ReadUniqID
                0x08002574       0x50 build/w25qxx.o
                0x08002574                W25qxx_ReadUniqID
 .text.W25qxx_WriteEnable
                0x080025c4       0x2c build/w25qxx.o
                0x080025c4                W25qxx_WriteEnable
 .text.W25qxx_ReadStatusRegister
                0x080025f0       0x6c build/w25qxx.o
                0x080025f0                W25qxx_ReadStatusRegister
 .text.W25qxx_WaitForWriteEnd
                0x0800265c       0x48 build/w25qxx.o
                0x0800265c                W25qxx_WaitForWriteEnd
 .text.W25qxx_Init
                0x080026a4      0x11c build/w25qxx.o
                0x080026a4                W25qxx_Init
 .text.W25qxx_EraseSector
                0x080027c0       0x88 build/w25qxx.o
                0x080027c0                W25qxx_EraseSector
 .text.W25qxx_PageToSector
                0x08002848       0x14 build/w25qxx.o
                0x08002848                W25qxx_PageToSector
 .text.W25qxx_WritePage
                0x0800285c       0xb8 build/w25qxx.o
                0x0800285c                W25qxx_WritePage
 .text.W25qxx_ReadBytes
                0x08002914       0x90 build/w25qxx.o
                0x08002914                W25qxx_ReadBytes
 .text.W25qxx_ReadPage
                0x080029a4       0xb0 build/w25qxx.o
                0x080029a4                W25qxx_ReadPage
 .text.MX_SDIO_SD_Init
                0x08002a54       0x20 build/init.o
 .text.MX_GPIO_Init
                0x08002a74      0x154 build/init.o
 .text.MX_DMA_Init
                0x08002bc8       0x78 build/init.o
 .text.Error_Handler
                0x08002c40        0x4 build/init.o
                0x08002c40                Error_Handler
 .text.SystemClock_Config
                0x08002c44       0xa4 build/init.o
 .text.MX_I2C2_Init
                0x08002ce8       0x38 build/init.o
 .text.MX_SPI3_Init
                0x08002d20       0x40 build/init.o
 .text.MX_SPI1_Init
                0x08002d60       0x40 build/init.o
 .text.MX_USART2_UART_Init
                0x08002da0       0x34 build/init.o
 .text.MX_USART1_UART_Init
                0x08002dd4       0x34 build/init.o
 .text.stm32_init
                0x08002e08       0x48 build/init.o
                0x08002e08                stm32_init
 .text.HAL_InitTick
                0x08002e50       0x4c build/stm32f4xx_hal.o
                0x08002e50                HAL_InitTick
 .text.HAL_Init
                0x08002e9c       0x34 build/stm32f4xx_hal.o
                0x08002e9c                HAL_Init
 .text.HAL_IncTick
                0x08002ed0       0x18 build/stm32f4xx_hal.o
                0x08002ed0                HAL_IncTick
 .text.HAL_GetTick
                0x08002ee8        0xc build/stm32f4xx_hal.o
                0x08002ee8                HAL_GetTick
 .text.HAL_Delay
                0x08002ef4       0x28 build/stm32f4xx_hal.o
                0x08002ef4                HAL_Delay
 .text.__NVIC_EnableIRQ
                0x08002f1c       0x1c build/stm32f4xx_hal_cortex.o
 .text.__NVIC_SetPriority
                0x08002f38       0x28 build/stm32f4xx_hal_cortex.o
 .text.NVIC_EncodePriority
                0x08002f60       0x3e build/stm32f4xx_hal_cortex.o
 *fill*         0x08002f9e        0x2 
 .text.HAL_NVIC_SetPriorityGrouping
                0x08002fa0       0x24 build/stm32f4xx_hal_cortex.o
                0x08002fa0                HAL_NVIC_SetPriorityGrouping
 .text.HAL_NVIC_SetPriority
                0x08002fc4       0x20 build/stm32f4xx_hal_cortex.o
                0x08002fc4                HAL_NVIC_SetPriority
 .text.HAL_NVIC_EnableIRQ
                0x08002fe4        0x8 build/stm32f4xx_hal_cortex.o
                0x08002fe4                HAL_NVIC_EnableIRQ
 .text.HAL_SYSTICK_Config
                0x08002fec       0x28 build/stm32f4xx_hal_cortex.o
                0x08002fec                HAL_SYSTICK_Config
 .text.DMA_SetConfig
                0x08003014       0x2c build/stm32f4xx_hal_dma.o
 .text.DMA_CalcBaseAndBitshift
                0x08003040       0x3c build/stm32f4xx_hal_dma.o
 .text.DMA_CheckFifoParam
                0x0800307c       0x8e build/stm32f4xx_hal_dma.o
 *fill*         0x0800310a        0x2 
 .text.HAL_DMA_Init
                0x0800310c       0xcc build/stm32f4xx_hal_dma.o
                0x0800310c                HAL_DMA_Init
 .text.HAL_DMA_Start_IT
                0x080031d8       0x6a build/stm32f4xx_hal_dma.o
                0x080031d8                HAL_DMA_Start_IT
 .text.HAL_DMA_Abort_IT
                0x08003242       0x26 build/stm32f4xx_hal_dma.o
                0x08003242                HAL_DMA_Abort_IT
 .text.HAL_DMA_IRQHandler
                0x08003268      0x1dc build/stm32f4xx_hal_dma.o
                0x08003268                HAL_DMA_IRQHandler
 .text.HAL_GPIO_Init
                0x08003444      0x1ec build/stm32f4xx_hal_gpio.o
                0x08003444                HAL_GPIO_Init
 .text.HAL_GPIO_ReadPin
                0x08003630        0xe build/stm32f4xx_hal_gpio.o
                0x08003630                HAL_GPIO_ReadPin
 .text.HAL_GPIO_WritePin
                0x0800363e        0xc build/stm32f4xx_hal_gpio.o
                0x0800363e                HAL_GPIO_WritePin
 .text.I2C_IsAcknowledgeFailed
                0x0800364a       0x32 build/stm32f4xx_hal_i2c.o
 .text.I2C_WaitOnFlagUntilTimeout
                0x0800367c       0xaa build/stm32f4xx_hal_i2c.o
 .text.I2C_WaitOnMasterAddressFlagUntilTimeout
                0x08003726       0xd6 build/stm32f4xx_hal_i2c.o
 .text.I2C_MasterRequestWrite
                0x080037fc       0xb4 build/stm32f4xx_hal_i2c.o
 .text.I2C_MasterRequestRead
                0x080038b0      0x120 build/stm32f4xx_hal_i2c.o
 .text.I2C_WaitOnTXEFlagUntilTimeout
                0x080039d0       0x5e build/stm32f4xx_hal_i2c.o
 .text.I2C_WaitOnBTFFlagUntilTimeout
                0x08003a2e       0x5e build/stm32f4xx_hal_i2c.o
 .text.I2C_WaitOnRXNEFlagUntilTimeout
                0x08003a8c       0x78 build/stm32f4xx_hal_i2c.o
 .text.HAL_I2C_Init
                0x08003b04      0x1bc build/stm32f4xx_hal_i2c.o
                0x08003b04                HAL_I2C_Init
 .text.HAL_I2C_Master_Transmit
                0x08003cc0      0x178 build/stm32f4xx_hal_i2c.o
                0x08003cc0                HAL_I2C_Master_Transmit
 .text.HAL_I2C_Master_Receive
                0x08003e38      0x2fc build/stm32f4xx_hal_i2c.o
                0x08003e38                HAL_I2C_Master_Receive
 .text.PCD_WriteEmptyTxFifo
                0x08004134       0xd0 build/stm32f4xx_hal_pcd.o
 .text.HAL_PCD_Init
                0x08004204      0x102 build/stm32f4xx_hal_pcd.o
                0x08004204                HAL_PCD_Init
 .text.HAL_PCD_Start
                0x08004306       0x44 build/stm32f4xx_hal_pcd.o
                0x08004306                HAL_PCD_Start
 *fill*         0x0800434a        0x2 
 .text.PCD_EP_OutXfrComplete_int
                0x0800434c      0x104 build/stm32f4xx_hal_pcd.o
 .text.PCD_EP_OutSetupPacket_int
                0x08004450       0x50 build/stm32f4xx_hal_pcd.o
 .text.HAL_PCD_SetAddress
                0x080044a0       0x26 build/stm32f4xx_hal_pcd.o
                0x080044a0                HAL_PCD_SetAddress
 .text.HAL_PCD_EP_Open
                0x080044c6       0x8c build/stm32f4xx_hal_pcd.o
                0x080044c6                HAL_PCD_EP_Open
 .text.HAL_PCD_EP_Close
                0x08004552       0x70 build/stm32f4xx_hal_pcd.o
                0x08004552                HAL_PCD_EP_Close
 .text.HAL_PCD_EP_Receive
                0x080045c2       0x4a build/stm32f4xx_hal_pcd.o
                0x080045c2                HAL_PCD_EP_Receive
 .text.HAL_PCD_EP_GetRxCount
                0x0800460c       0x12 build/stm32f4xx_hal_pcd.o
                0x0800460c                HAL_PCD_EP_GetRxCount
 .text.HAL_PCD_EP_Transmit
                0x0800461e       0x4a build/stm32f4xx_hal_pcd.o
                0x0800461e                HAL_PCD_EP_Transmit
 .text.HAL_PCD_EP_SetStall
                0x08004668       0x86 build/stm32f4xx_hal_pcd.o
                0x08004668                HAL_PCD_EP_SetStall
 .text.HAL_PCD_EP_ClrStall
                0x080046ee       0x74 build/stm32f4xx_hal_pcd.o
                0x080046ee                HAL_PCD_EP_ClrStall
 .text.HAL_PCD_EP_Abort
                0x08004762       0x34 build/stm32f4xx_hal_pcd.o
                0x08004762                HAL_PCD_EP_Abort
 .text.HAL_PCD_IRQHandler
                0x08004796      0x5c0 build/stm32f4xx_hal_pcd.o
                0x08004796                HAL_PCD_IRQHandler
 .text.HAL_PCDEx_SetTxFiFo
                0x08004d56       0x4c build/stm32f4xx_hal_pcd_ex.o
                0x08004d56                HAL_PCDEx_SetTxFiFo
 .text.HAL_PCDEx_SetRxFiFo
                0x08004da2        0x8 build/stm32f4xx_hal_pcd_ex.o
                0x08004da2                HAL_PCDEx_SetRxFiFo
 .text.HAL_PCDEx_LPM_Callback
                0x08004daa        0x2 build/stm32f4xx_hal_pcd_ex.o
                0x08004daa                HAL_PCDEx_LPM_Callback
 .text.HAL_RCC_OscConfig
                0x08004dac      0x3f8 build/stm32f4xx_hal_rcc.o
                0x08004dac                HAL_RCC_OscConfig
 .text.HAL_RCC_GetSysClockFreq
                0x080051a4       0xdc build/stm32f4xx_hal_rcc.o
                0x080051a4                HAL_RCC_GetSysClockFreq
 .text.HAL_RCC_ClockConfig
                0x08005280      0x160 build/stm32f4xx_hal_rcc.o
                0x08005280                HAL_RCC_ClockConfig
 .text.HAL_RCC_GetHCLKFreq
                0x080053e0        0xc build/stm32f4xx_hal_rcc.o
                0x080053e0                HAL_RCC_GetHCLKFreq
 .text.HAL_RCC_GetPCLK1Freq
                0x080053ec       0x20 build/stm32f4xx_hal_rcc.o
                0x080053ec                HAL_RCC_GetPCLK1Freq
 .text.HAL_RCC_GetPCLK2Freq
                0x0800540c       0x20 build/stm32f4xx_hal_rcc.o
                0x0800540c                HAL_RCC_GetPCLK2Freq
 .text.SD_PowerON
                0x0800542c       0xc0 build/stm32f4xx_hal_sd.o
 .text.SD_Read_IT
                0x080054ec       0x38 build/stm32f4xx_hal_sd.o
 .text.SD_Write_IT
                0x08005524       0x48 build/stm32f4xx_hal_sd.o
 .text.SD_SendStatus
                0x0800556c       0x2c build/stm32f4xx_hal_sd.o
 .text.HAL_SD_ReadBlocks
                0x08005598      0x250 build/stm32f4xx_hal_sd.o
                0x08005598                HAL_SD_ReadBlocks
 .text.HAL_SD_WriteBlocks
                0x080057e8      0x20c build/stm32f4xx_hal_sd.o
                0x080057e8                HAL_SD_WriteBlocks
 .text.HAL_SD_ErrorCallback
                0x080059f4        0x2 build/stm32f4xx_hal_sd.o
                0x080059f4                HAL_SD_ErrorCallback
 *fill*         0x080059f6        0x2 
 .text.HAL_SD_GetCardCSD
                0x080059f8      0x1b8 build/stm32f4xx_hal_sd.o
                0x080059f8                HAL_SD_GetCardCSD
 .text.SD_InitCard
                0x08005bb0      0x100 build/stm32f4xx_hal_sd.o
 .text.HAL_SD_InitCard
                0x08005cb0       0xa8 build/stm32f4xx_hal_sd.o
                0x08005cb0                HAL_SD_InitCard
 .text.HAL_SD_Init
                0x08005d58       0x36 build/stm32f4xx_hal_sd.o
                0x08005d58                HAL_SD_Init
 .text.HAL_SD_GetCardInfo
                0x08005d8e       0x24 build/stm32f4xx_hal_sd.o
                0x08005d8e                HAL_SD_GetCardInfo
 .text.HAL_SD_GetCardState
                0x08005db2       0x22 build/stm32f4xx_hal_sd.o
                0x08005db2                HAL_SD_GetCardState
 .text.SD_DMATxAbort
                0x08005dd4       0x44 build/stm32f4xx_hal_sd.o
 .text.SD_DMARxAbort
                0x08005e18       0x44 build/stm32f4xx_hal_sd.o
 .text.HAL_SD_IRQHandler
                0x08005e5c      0x1e0 build/stm32f4xx_hal_sd.o
                0x08005e5c                HAL_SD_IRQHandler
 .text.SPI_WaitFlagStateUntilTimeout
                0x0800603c       0xc8 build/stm32f4xx_hal_spi.o
 .text.SPI_EndRxTxTransaction
                0x08006104       0x80 build/stm32f4xx_hal_spi.o
 .text.SPI_EndRxTransaction
                0x08006184       0x8c build/stm32f4xx_hal_spi.o
 .text.HAL_SPI_Init
                0x08006210       0xbe build/stm32f4xx_hal_spi.o
                0x08006210                HAL_SPI_Init
 .text.HAL_SPI_Transmit
                0x080062ce      0x1c4 build/stm32f4xx_hal_spi.o
                0x080062ce                HAL_SPI_Transmit
 .text.HAL_SPI_TransmitReceive
                0x08006492      0x254 build/stm32f4xx_hal_spi.o
                0x08006492                HAL_SPI_TransmitReceive
 .text.HAL_SPI_Receive
                0x080066e6      0x188 build/stm32f4xx_hal_spi.o
                0x080066e6                HAL_SPI_Receive
 .text.UART_EndTxTransfer
                0x0800686e       0x20 build/stm32f4xx_hal_uart.o
 .text.UART_EndRxTransfer
                0x0800688e       0x5c build/stm32f4xx_hal_uart.o
 *fill*         0x080068ea        0x2 
 .text.UART_SetConfig
                0x080068ec      0x110 build/stm32f4xx_hal_uart.o
 .text.UART_WaitOnFlagUntilTimeout
                0x080069fc       0x86 build/stm32f4xx_hal_uart.o
 .text.HAL_UART_Init
                0x08006a82       0x60 build/stm32f4xx_hal_uart.o
                0x08006a82                HAL_UART_Init
 .text.HAL_UART_Transmit
                0x08006ae2       0xcc build/stm32f4xx_hal_uart.o
                0x08006ae2                HAL_UART_Transmit
 .text.HAL_UART_RxCpltCallback
                0x08006bae        0x2 build/stm32f4xx_hal_uart.o
                0x08006bae                HAL_UART_RxCpltCallback
 .text.HAL_UART_RxHalfCpltCallback
                0x08006bb0        0x2 build/stm32f4xx_hal_uart.o
                0x08006bb0                HAL_UART_RxHalfCpltCallback
 .text.HAL_UART_ErrorCallback
                0x08006bb2        0x2 build/stm32f4xx_hal_uart.o
                0x08006bb2                HAL_UART_ErrorCallback
 .text.UART_DMAError
                0x08006bb4       0x58 build/stm32f4xx_hal_uart.o
 .text.UART_DMARxHalfCplt
                0x08006c0c       0x1e build/stm32f4xx_hal_uart.o
 .text.UART_DMAReceiveCplt
                0x08006c2a       0x9a build/stm32f4xx_hal_uart.o
 .text.UART_Start_Receive_DMA
                0x08006cc4       0xa4 build/stm32f4xx_hal_uart.o
                0x08006cc4                UART_Start_Receive_DMA
 .text.HAL_UARTEx_ReceiveToIdle_DMA
                0x08006d68       0x66 build/stm32f4xx_hal_uart.o
                0x08006d68                HAL_UARTEx_ReceiveToIdle_DMA
 *fill*         0x08006dce        0x2 
 .text.SDMMC_GetCmdError
                0x08006dd0       0x38 build/stm32f4xx_ll_sdmmc.o
 .text.SDIO_Init
                0x08006e08       0x32 build/stm32f4xx_ll_sdmmc.o
                0x08006e08                SDIO_Init
 .text.SDIO_ReadFIFO
                0x08006e3a        0x6 build/stm32f4xx_ll_sdmmc.o
                0x08006e3a                SDIO_ReadFIFO
 .text.SDIO_WriteFIFO
                0x08006e40        0xa build/stm32f4xx_ll_sdmmc.o
                0x08006e40                SDIO_WriteFIFO
 .text.SDIO_PowerState_ON
                0x08006e4a        0x8 build/stm32f4xx_ll_sdmmc.o
                0x08006e4a                SDIO_PowerState_ON
 .text.SDIO_GetPowerState
                0x08006e52        0x8 build/stm32f4xx_ll_sdmmc.o
                0x08006e52                SDIO_GetPowerState
 .text.SDIO_SendCommand
                0x08006e5a       0x20 build/stm32f4xx_ll_sdmmc.o
                0x08006e5a                SDIO_SendCommand
 .text.SDIO_GetCommandResponse
                0x08006e7a        0x6 build/stm32f4xx_ll_sdmmc.o
                0x08006e7a                SDIO_GetCommandResponse
 .text.SDIO_GetResponse
                0x08006e80        0x6 build/stm32f4xx_ll_sdmmc.o
                0x08006e80                SDIO_GetResponse
 .text.SDIO_ConfigData
                0x08006e86       0x24 build/stm32f4xx_ll_sdmmc.o
                0x08006e86                SDIO_ConfigData
 .text.SDMMC_CmdGoIdleState
                0x08006eaa       0x26 build/stm32f4xx_ll_sdmmc.o
                0x08006eaa                SDMMC_CmdGoIdleState
 .text.SDMMC_GetCmdResp1
                0x08006ed0      0x154 build/stm32f4xx_ll_sdmmc.o
                0x08006ed0                SDMMC_GetCmdResp1
 .text.SDMMC_CmdBlockLength
                0x08007024       0x30 build/stm32f4xx_ll_sdmmc.o
                0x08007024                SDMMC_CmdBlockLength
 .text.SDMMC_CmdReadSingleBlock
                0x08007054       0x30 build/stm32f4xx_ll_sdmmc.o
                0x08007054                SDMMC_CmdReadSingleBlock
 .text.SDMMC_CmdReadMultiBlock
                0x08007084       0x30 build/stm32f4xx_ll_sdmmc.o
                0x08007084                SDMMC_CmdReadMultiBlock
 .text.SDMMC_CmdWriteSingleBlock
                0x080070b4       0x30 build/stm32f4xx_ll_sdmmc.o
                0x080070b4                SDMMC_CmdWriteSingleBlock
 .text.SDMMC_CmdWriteMultiBlock
                0x080070e4       0x30 build/stm32f4xx_ll_sdmmc.o
                0x080070e4                SDMMC_CmdWriteMultiBlock
 .text.SDMMC_CmdStopTransfer
                0x08007114       0x34 build/stm32f4xx_ll_sdmmc.o
                0x08007114                SDMMC_CmdStopTransfer
 .text.SDMMC_CmdSelDesel
                0x08007148       0x30 build/stm32f4xx_ll_sdmmc.o
                0x08007148                SDMMC_CmdSelDesel
 .text.SDMMC_CmdAppCommand
                0x08007178       0x30 build/stm32f4xx_ll_sdmmc.o
                0x08007178                SDMMC_CmdAppCommand
 .text.SDMMC_CmdSendStatus
                0x080071a8       0x30 build/stm32f4xx_ll_sdmmc.o
                0x080071a8                SDMMC_CmdSendStatus
 .text.SDMMC_GetCmdResp2
                0x080071d8       0x5c build/stm32f4xx_ll_sdmmc.o
                0x080071d8                SDMMC_GetCmdResp2
 .text.SDMMC_CmdSendCID
                0x08007234       0x2a build/stm32f4xx_ll_sdmmc.o
                0x08007234                SDMMC_CmdSendCID
 .text.SDMMC_CmdSendCSD
                0x0800725e       0x2a build/stm32f4xx_ll_sdmmc.o
                0x0800725e                SDMMC_CmdSendCSD
 .text.SDMMC_GetCmdResp3
                0x08007288       0x4c build/stm32f4xx_ll_sdmmc.o
                0x08007288                SDMMC_GetCmdResp3
 .text.SDMMC_CmdAppOperCommand
                0x080072d4       0x32 build/stm32f4xx_ll_sdmmc.o
                0x080072d4                SDMMC_CmdAppOperCommand
 *fill*         0x08007306        0x2 
 .text.SDMMC_GetCmdResp6
                0x08007308       0xa0 build/stm32f4xx_ll_sdmmc.o
                0x08007308                SDMMC_GetCmdResp6
 .text.SDMMC_CmdSetRelAdd
                0x080073a8       0x30 build/stm32f4xx_ll_sdmmc.o
                0x080073a8                SDMMC_CmdSetRelAdd
 .text.SDMMC_GetCmdResp7
                0x080073d8       0x64 build/stm32f4xx_ll_sdmmc.o
                0x080073d8                SDMMC_GetCmdResp7
 .text.SDMMC_CmdOperCond
                0x0800743c       0x2e build/stm32f4xx_ll_sdmmc.o
                0x0800743c                SDMMC_CmdOperCond
 .text.USB_CoreReset
                0x0800746a       0x4a build/stm32f4xx_ll_usb.o
 .text.USB_CoreInit
                0x080074b4       0x92 build/stm32f4xx_ll_usb.o
                0x080074b4                USB_CoreInit
 *fill*         0x08007546        0x2 
 .text.USB_SetTurnaroundTime
                0x08007548       0xe4 build/stm32f4xx_ll_usb.o
                0x08007548                USB_SetTurnaroundTime
 .text.USB_EnableGlobalInt
                0x0800762c        0xc build/stm32f4xx_ll_usb.o
                0x0800762c                USB_EnableGlobalInt
 .text.USB_DisableGlobalInt
                0x08007638        0xc build/stm32f4xx_ll_usb.o
                0x08007638                USB_DisableGlobalInt
 .text.USB_FlushTxFifo
                0x08007644       0x4a build/stm32f4xx_ll_usb.o
                0x08007644                USB_FlushTxFifo
 .text.USB_FlushRxFifo
                0x0800768e       0x46 build/stm32f4xx_ll_usb.o
                0x0800768e                USB_FlushRxFifo
 .text.USB_SetDevSpeed
                0x080076d4        0xe build/stm32f4xx_ll_usb.o
                0x080076d4                USB_SetDevSpeed
 *fill*         0x080076e2        0x2 
 .text.USB_DevInit
                0x080076e4      0x194 build/stm32f4xx_ll_usb.o
                0x080076e4                USB_DevInit
 .text.USB_GetDevSpeed
                0x08007878       0x22 build/stm32f4xx_ll_usb.o
                0x08007878                USB_GetDevSpeed
 .text.USB_ActivateEndpoint
                0x0800789a       0x9a build/stm32f4xx_ll_usb.o
                0x0800789a                USB_ActivateEndpoint
 .text.USB_DeactivateEndpoint
                0x08007934       0xe0 build/stm32f4xx_ll_usb.o
                0x08007934                USB_DeactivateEndpoint
 .text.USB_EPStopXfer
                0x08007a14       0xbe build/stm32f4xx_ll_usb.o
                0x08007a14                USB_EPStopXfer
 .text.USB_WritePacket
                0x08007ad2       0x2e build/stm32f4xx_ll_usb.o
                0x08007ad2                USB_WritePacket
 .text.USB_EPStartXfer
                0x08007b00      0x244 build/stm32f4xx_ll_usb.o
                0x08007b00                USB_EPStartXfer
 .text.USB_ReadPacket
                0x08007d44       0x46 build/stm32f4xx_ll_usb.o
                0x08007d44                USB_ReadPacket
 .text.USB_EPSetStall
                0x08007d8a       0x5a build/stm32f4xx_ll_usb.o
                0x08007d8a                USB_EPSetStall
 .text.USB_EPClearStall
                0x08007de4       0x5c build/stm32f4xx_ll_usb.o
                0x08007de4                USB_EPClearStall
 .text.USB_SetDevAddress
                0x08007e40       0x20 build/stm32f4xx_ll_usb.o
                0x08007e40                USB_SetDevAddress
 .text.USB_DevConnect
                0x08007e60       0x1c build/stm32f4xx_ll_usb.o
                0x08007e60                USB_DevConnect
 .text.USB_DevDisconnect
                0x08007e7c       0x1c build/stm32f4xx_ll_usb.o
                0x08007e7c                USB_DevDisconnect
 .text.USB_ReadInterrupts
                0x08007e98        0x8 build/stm32f4xx_ll_usb.o
                0x08007e98                USB_ReadInterrupts
 .text.USB_ReadDevAllOutEpInterrupt
                0x08007ea0       0x10 build/stm32f4xx_ll_usb.o
                0x08007ea0                USB_ReadDevAllOutEpInterrupt
 .text.USB_ReadDevAllInEpInterrupt
                0x08007eb0       0x10 build/stm32f4xx_ll_usb.o
                0x08007eb0                USB_ReadDevAllInEpInterrupt
 .text.USB_ReadDevOutEPInterrupt
                0x08007ec0       0x12 build/stm32f4xx_ll_usb.o
                0x08007ec0                USB_ReadDevOutEPInterrupt
 .text.USB_ReadDevInEPInterrupt
                0x08007ed2       0x24 build/stm32f4xx_ll_usb.o
                0x08007ed2                USB_ReadDevInEPInterrupt
 .text.USB_GetMode
                0x08007ef6        0x8 build/stm32f4xx_ll_usb.o
                0x08007ef6                USB_GetMode
 .text.USB_SetCurrentMode
                0x08007efe       0x62 build/stm32f4xx_ll_usb.o
                0x08007efe                USB_SetCurrentMode
 .text.USB_ActivateSetup
                0x08007f60       0x1c build/stm32f4xx_ll_usb.o
                0x08007f60                USB_ActivateSetup
 .text.USB_EP0_OutStart
                0x08007f7c       0x60 build/stm32f4xx_ll_usb.o
                0x08007f7c                USB_EP0_OutStart
 .text.null_ptr_check
                0x08007fdc       0x2a build/bmp5.o
 .text.validate_chip_id
                0x08008006       0x10 build/bmp5.o
 .text.bmp5_get_regs
                0x08008016       0x48 build/bmp5.o
                0x08008016                bmp5_get_regs
 .text.get_nvm_status
                0x0800805e       0x18 build/bmp5.o
 .text.bmp5_set_regs
                0x08008076       0x72 build/bmp5.o
                0x08008076                bmp5_set_regs
 .text.set_deep_standby_mode
                0x080080e8       0xa2 build/bmp5.o
 .text.set_power_mode
                0x0800818a       0x4a build/bmp5.o
 .text.bmp5_soft_reset
                0x080081d4       0x44 build/bmp5.o
                0x080081d4                bmp5_soft_reset
 .text.bmp5_get_interrupt_status
                0x08008218       0x18 build/bmp5.o
                0x08008218                bmp5_get_interrupt_status
 .text.power_up_check
                0x08008230       0x44 build/bmp5.o
 .text.bmp5_init
                0x08008274       0x66 build/bmp5.o
                0x08008274                bmp5_init
 *fill*         0x080082da        0x2 
 .text.bmp5_get_sensor_data
                0x080082dc       0x88 build/bmp5.o
                0x080082dc                bmp5_get_sensor_data
 .text.bmp5_get_osr_odr_press_config
                0x08008364       0x40 build/bmp5.o
                0x08008364                bmp5_get_osr_odr_press_config
 .text.bmp5_get_iir_config
                0x080083a4       0x44 build/bmp5.o
                0x080083a4                bmp5_get_iir_config
 .text.check_deepstandby_mode
                0x080083e8       0x66 build/bmp5.o
 .text.bmp5_get_power_mode
                0x0800844e       0x62 build/bmp5.o
                0x0800844e                bmp5_get_power_mode
 .text.bmp5_set_power_mode
                0x080084b0       0x6a build/bmp5.o
                0x080084b0                bmp5_set_power_mode
 .text.set_standby_mode
                0x0800851a       0x28 build/bmp5.o
 .text.bmp5_set_osr_odr_press_config
                0x08008542       0x9c build/bmp5.o
                0x08008542                bmp5_set_osr_odr_press_config
 *fill*         0x080085de        0x2 
 .text.MX_FATFS_Init
                0x080085e0       0x1c build/fatfs.o
                0x080085e0                MX_FATFS_Init
 .text.get_fattime
                0x080085fc        0x4 build/fatfs.o
                0x080085fc                get_fattime
 .text.BSP_SD_ReadBlocks
                0x08008600       0x20 build/bsp_driver_sd.o
                0x08008600                BSP_SD_ReadBlocks
 .text.BSP_SD_WriteBlocks
                0x08008620       0x20 build/bsp_driver_sd.o
                0x08008620                BSP_SD_WriteBlocks
 .text.BSP_SD_GetCardState
                0x08008640       0x14 build/bsp_driver_sd.o
                0x08008640                BSP_SD_GetCardState
 .text.BSP_SD_GetCardInfo
                0x08008654       0x10 build/bsp_driver_sd.o
                0x08008654                BSP_SD_GetCardInfo
 .text.BSP_SD_AbortCallback
                0x08008664        0x2 build/bsp_driver_sd.o
                0x08008664                BSP_SD_AbortCallback
 .text.HAL_SD_AbortCallback
                0x08008666        0x8 build/bsp_driver_sd.o
                0x08008666                HAL_SD_AbortCallback
 .text.BSP_SD_WriteCpltCallback
                0x0800866e        0x2 build/bsp_driver_sd.o
                0x0800866e                BSP_SD_WriteCpltCallback
 .text.HAL_SD_TxCpltCallback
                0x08008670        0x8 build/bsp_driver_sd.o
                0x08008670                HAL_SD_TxCpltCallback
 .text.BSP_SD_ReadCpltCallback
                0x08008678        0x2 build/bsp_driver_sd.o
                0x08008678                BSP_SD_ReadCpltCallback
 .text.HAL_SD_RxCpltCallback
                0x0800867a        0x8 build/bsp_driver_sd.o
                0x0800867a                HAL_SD_RxCpltCallback
 .text.BSP_SD_IsDetected
                0x08008682       0x20 build/bsp_driver_sd.o
                0x08008682                BSP_SD_IsDetected
 *fill*         0x080086a2        0x2 
 .text.BSP_SD_Init
                0x080086a4       0x1c build/bsp_driver_sd.o
                0x080086a4                BSP_SD_Init
 .text.BSP_PlatformIsDetected
                0x080086c0       0x18 build/fatfs_platform.o
                0x080086c0                BSP_PlatformIsDetected
 .text.SD_CheckStatus
                0x080086d8       0x24 build/sd_diskio.o
 .text.SD_initialize
                0x080086fc       0x28 build/sd_diskio.o
                0x080086fc                SD_initialize
 .text.SD_status
                0x08008724        0x8 build/sd_diskio.o
                0x08008724                SD_status
 .text.SD_read  0x0800872c       0x24 build/sd_diskio.o
                0x0800872c                SD_read
 .text.SD_write
                0x08008750       0x24 build/sd_diskio.o
                0x08008750                SD_write
 .text.SD_ioctl
                0x08008774       0x58 build/sd_diskio.o
                0x08008774                SD_ioctl
 .text.USBD_CDC_EP0_RxReady
                0x080087cc       0x40 build/usbd_cdc.o
 .text.USBD_CDC_GetDeviceQualifierDescriptor
                0x0800880c        0xc build/usbd_cdc.o
                0x0800880c                USBD_CDC_GetDeviceQualifierDescriptor
 .text.USBD_CDC_GetOtherSpeedCfgDesc
                0x08008818       0x48 build/usbd_cdc.o
 .text.USBD_CDC_GetFSCfgDesc
                0x08008860       0x48 build/usbd_cdc.o
 .text.USBD_CDC_GetHSCfgDesc
                0x080088a8       0x48 build/usbd_cdc.o
 .text.USBD_CDC_DataOut
                0x080088f0       0x38 build/usbd_cdc.o
 .text.USBD_CDC_DataIn
                0x08008928       0x7c build/usbd_cdc.o
 .text.USBD_CDC_Setup
                0x080089a4      0x11a build/usbd_cdc.o
 .text.USBD_CDC_DeInit
                0x08008abe       0x64 build/usbd_cdc.o
 .text.USBD_CDC_Init
                0x08008b22       0xee build/usbd_cdc.o
 .text.USBD_CDC_RegisterInterface
                0x08008c10       0x16 build/usbd_cdc.o
                0x08008c10                USBD_CDC_RegisterInterface
 .text.USBD_CDC_SetTxBuffer
                0x08008c26       0x1c build/usbd_cdc.o
                0x08008c26                USBD_CDC_SetTxBuffer
 .text.USBD_CDC_SetRxBuffer
                0x08008c42       0x18 build/usbd_cdc.o
                0x08008c42                USBD_CDC_SetRxBuffer
 .text.USBD_CDC_TransmitPacket
                0x08008c5a       0x36 build/usbd_cdc.o
                0x08008c5a                USBD_CDC_TransmitPacket
 .text.USBD_CDC_ReceivePacket
                0x08008c90       0x38 build/usbd_cdc.o
                0x08008c90                USBD_CDC_ReceivePacket
 .text.USBD_Init
                0x08008cc8       0x2e build/usbd_core.o
                0x08008cc8                USBD_Init
 .text.USBD_RegisterClass
                0x08008cf6       0x40 build/usbd_core.o
                0x08008cf6                USBD_RegisterClass
 .text.USBD_Start
                0x08008d36        0x8 build/usbd_core.o
                0x08008d36                USBD_Start
 .text.USBD_SetClassConfig
                0x08008d3e       0x12 build/usbd_core.o
                0x08008d3e                USBD_SetClassConfig
 .text.USBD_ClrClassConfig
                0x08008d50       0x12 build/usbd_core.o
                0x08008d50                USBD_ClrClassConfig
 .text.USBD_LL_SetupStage
                0x08008d62       0x58 build/usbd_core.o
                0x08008d62                USBD_LL_SetupStage
 .text.USBD_LL_Reset
                0x08008dba       0x64 build/usbd_core.o
                0x08008dba                USBD_LL_Reset
 .text.USBD_LL_SetSpeed
                0x08008e1e        0x6 build/usbd_core.o
                0x08008e1e                USBD_LL_SetSpeed
 .text.USBD_LL_Suspend
                0x08008e24       0x1e build/usbd_core.o
                0x08008e24                USBD_LL_Suspend
 .text.USBD_LL_Resume
                0x08008e42       0x1a build/usbd_core.o
                0x08008e42                USBD_LL_Resume
 .text.USBD_LL_SOF
                0x08008e5c       0x22 build/usbd_core.o
                0x08008e5c                USBD_LL_SOF
 .text.USBD_LL_IsoINIncomplete
                0x08008e7e       0x2e build/usbd_core.o
                0x08008e7e                USBD_LL_IsoINIncomplete
 .text.USBD_LL_IsoOUTIncomplete
                0x08008eac       0x2e build/usbd_core.o
                0x08008eac                USBD_LL_IsoOUTIncomplete
 .text.USBD_LL_DevConnected
                0x08008eda        0x4 build/usbd_core.o
                0x08008eda                USBD_LL_DevConnected
 .text.USBD_LL_DevDisconnected
                0x08008ede       0x20 build/usbd_core.o
                0x08008ede                USBD_LL_DevDisconnected
 .text.USBD_CoreFindIF
                0x08008efe        0x4 build/usbd_core.o
                0x08008efe                USBD_CoreFindIF
 .text.USBD_CoreFindEP
                0x08008f02        0x4 build/usbd_core.o
                0x08008f02                USBD_CoreFindEP
 .text.USBD_LL_DataOutStage
                0x08008f06       0xc4 build/usbd_core.o
                0x08008f06                USBD_LL_DataOutStage
 .text.USBD_LL_DataInStage
                0x08008fca       0xd6 build/usbd_core.o
                0x08008fca                USBD_LL_DataInStage
 .text.USBD_GetNextDesc
                0x080090a0        0xe build/usbd_core.o
                0x080090a0                USBD_GetNextDesc
 .text.USBD_GetEpDesc
                0x080090ae       0x3e build/usbd_core.o
                0x080090ae                USBD_GetEpDesc
 .text.USBD_GetLen
                0x080090ec       0x14 build/usbd_ctlreq.o
 .text.USBD_ParseSetupRequest
                0x08009100       0x28 build/usbd_ctlreq.o
                0x08009100                USBD_ParseSetupRequest
 .text.USBD_CtlError
                0x08009128       0x14 build/usbd_ctlreq.o
                0x08009128                USBD_CtlError
 .text.USBD_GetDescriptor
                0x0800913c      0x18a build/usbd_ctlreq.o
 .text.USBD_SetAddress
                0x080092c6       0x50 build/usbd_ctlreq.o
 *fill*         0x08009316        0x2 
 .text.USBD_SetConfig
                0x08009318       0xcc build/usbd_ctlreq.o
 .text.USBD_GetConfig
                0x080093e4       0x40 build/usbd_ctlreq.o
 .text.USBD_GetStatus
                0x08009424       0x38 build/usbd_ctlreq.o
 .text.USBD_SetFeature
                0x0800945c       0x2a build/usbd_ctlreq.o
 .text.USBD_ClrFeature
                0x08009486       0x26 build/usbd_ctlreq.o
 .text.USBD_StdDevReq
                0x080094ac       0x76 build/usbd_ctlreq.o
                0x080094ac                USBD_StdDevReq
 .text.USBD_StdItfReq
                0x08009522       0x84 build/usbd_ctlreq.o
                0x08009522                USBD_StdItfReq
 .text.USBD_StdEPReq
                0x080095a6      0x230 build/usbd_ctlreq.o
                0x080095a6                USBD_StdEPReq
 .text.USBD_GetString
                0x080097d6       0x46 build/usbd_ctlreq.o
                0x080097d6                USBD_GetString
 .text.USBD_CtlSendData
                0x0800981c       0x1a build/usbd_ioreq.o
                0x0800981c                USBD_CtlSendData
 .text.USBD_CtlContinueSendData
                0x08009836       0x10 build/usbd_ioreq.o
                0x08009836                USBD_CtlContinueSendData
 .text.USBD_CtlPrepareRx
                0x08009846       0x1e build/usbd_ioreq.o
                0x08009846                USBD_CtlPrepareRx
 .text.USBD_CtlContinueRx
                0x08009864       0x10 build/usbd_ioreq.o
                0x08009864                USBD_CtlContinueRx
 .text.USBD_CtlSendStatus
                0x08009874       0x16 build/usbd_ioreq.o
                0x08009874                USBD_CtlSendStatus
 .text.USBD_CtlReceiveStatus
                0x0800988a       0x16 build/usbd_ioreq.o
                0x0800988a                USBD_CtlReceiveStatus
 .text.disk_status
                0x080098a0       0x18 build/diskio.o
                0x080098a0                disk_status
 .text.disk_initialize
                0x080098b8       0x2c build/diskio.o
                0x080098b8                disk_initialize
 .text.disk_read
                0x080098e4       0x18 build/diskio.o
                0x080098e4                disk_read
 .text.disk_write
                0x080098fc       0x18 build/diskio.o
                0x080098fc                disk_write
 .text.disk_ioctl
                0x08009914       0x18 build/diskio.o
                0x08009914                disk_ioctl
 .text.ld_word  0x0800992c        0xa build/ff.o
 .text.ld_dword
                0x08009936       0x16 build/ff.o
 .text.st_word  0x0800994c        0x8 build/ff.o
 .text.st_dword
                0x08009954       0x14 build/ff.o
 .text.mem_cpy  0x08009968       0x14 build/ff.o
 .text.mem_set  0x0800997c        0xa build/ff.o
 .text.mem_cmp  0x08009986       0x1a build/ff.o
 .text.chk_chr  0x080099a0       0x10 build/ff.o
 .text.chk_lock
                0x080099b0       0x74 build/ff.o
 .text.enq_lock
                0x08009a24       0x20 build/ff.o
 .text.inc_lock
                0x08009a44       0xa0 build/ff.o
 .text.dec_lock
                0x08009ae4       0x40 build/ff.o
 .text.clear_lock
                0x08009b24       0x3c build/ff.o
 .text.clust2sect
                0x08009b60       0x18 build/ff.o
 .text.clmt_clust
                0x08009b78       0x26 build/ff.o
 .text.ld_clust
                0x08009b9e       0x26 build/ff.o
 .text.st_clust
                0x08009bc4       0x26 build/ff.o
 *fill*         0x08009bea        0x2 
 .text.put_lfn  0x08009bec       0x78 build/ff.o
 .text.gen_numname
                0x08009c64       0xaa build/ff.o
 .text.sum_sfn  0x08009d0e       0x20 build/ff.o
 .text.get_ldnumber
                0x08009d2e       0x54 build/ff.o
 .text.validate
                0x08009d82       0x46 build/ff.o
 .text.sync_window
                0x08009dc8       0x54 build/ff.o
 .text.move_window
                0x08009e1c       0x36 build/ff.o
 *fill*         0x08009e52        0x2 
 .text.check_fs
                0x08009e54       0x78 build/ff.o
 .text.find_volume
                0x08009ecc      0x34c build/ff.o
 .text.put_fat  0x0800a218      0x136 build/ff.o
 .text.get_fat  0x0800a34e       0xfc build/ff.o
 .text.dir_sdi  0x0800a44a       0xc0 build/ff.o
 .text.create_chain
                0x0800a50a       0xcc build/ff.o
 .text.remove_chain
                0x0800a5d6       0x7e build/ff.o
 .text.dir_next
                0x0800a654      0x118 build/ff.o
 .text.dir_alloc
                0x0800a76c       0x50 build/ff.o
 .text.sync_fs  0x0800a7bc       0x88 build/ff.o
 .text.create_name
                0x0800a844      0x22c build/ff.o
 .text.get_fileinfo
                0x0800aa70       0xee build/ff.o
 *fill*         0x0800ab5e        0x2 
 .text.cmp_lfn  0x0800ab60       0xa0 build/ff.o
 .text.dir_find
                0x0800ac00       0xe6 build/ff.o
 .text.follow_path
                0x0800ace6       0x92 build/ff.o
 .text.dir_register
                0x0800ad78      0x140 build/ff.o
 .text.f_mount  0x0800aeb8       0x5c build/ff.o
                0x0800aeb8                f_mount
 .text.f_open   0x0800af14      0x234 build/ff.o
                0x0800af14                f_open
 .text.f_write  0x0800b148      0x210 build/ff.o
                0x0800b148                f_write
 .text.f_sync   0x0800b358       0x98 build/ff.o
                0x0800b358                f_sync
 .text.f_close  0x0800b3f0       0x2a build/ff.o
                0x0800b3f0                f_close
 .text.f_lseek  0x0800b41a      0x2a6 build/ff.o
                0x0800b41a                f_lseek
 .text.f_stat   0x0800b6c0       0x4e build/ff.o
                0x0800b6c0                f_stat
 .text.f_mkdir  0x0800b70e      0x16a build/ff.o
                0x0800b70e                f_mkdir
 .text.FATFS_LinkDriverEx
                0x0800b878       0x54 build/ff_gen_drv.o
                0x0800b878                FATFS_LinkDriverEx
 .text.FATFS_LinkDriver
                0x0800b8cc        0xa build/ff_gen_drv.o
                0x0800b8cc                FATFS_LinkDriver
 *fill*         0x0800b8d6        0x2 
 .text.ff_convert
                0x0800b8d8       0x3c build/ccsbcs.o
                0x0800b8d8                ff_convert
 .text.ff_wtoupper
                0x0800b914       0x9c build/ccsbcs.o
                0x0800b914                ff_wtoupper
 .text.MX_USB_DEVICE_Init
                0x0800b9b0       0x54 build/usb_device.o
                0x0800b9b0                MX_USB_DEVICE_Init
 .text.CDC_DeInit_FS
                0x0800ba04        0x4 build/usbd_cdc_if.o
 .text.CDC_Control_FS
                0x0800ba08        0x4 build/usbd_cdc_if.o
 .text.CDC_TransmitCplt_FS
                0x0800ba0c        0x4 build/usbd_cdc_if.o
 .text.CDC_Receive_FS
                0x0800ba10       0x1c build/usbd_cdc_if.o
 .text.CDC_Init_FS
                0x0800ba2c       0x28 build/usbd_cdc_if.o
 .text.CDC_Transmit_FS
                0x0800ba54       0x2c build/usbd_cdc_if.o
                0x0800ba54                CDC_Transmit_FS
 .text.USBD_FS_DeviceDescriptor
                0x0800ba80        0xc build/usbd_desc.o
                0x0800ba80                USBD_FS_DeviceDescriptor
 .text.USBD_FS_LangIDStrDescriptor
                0x0800ba8c        0xc build/usbd_desc.o
                0x0800ba8c                USBD_FS_LangIDStrDescriptor
 .text.IntToUnicode
                0x0800ba98       0x46 build/usbd_desc.o
 *fill*         0x0800bade        0x2 
 .text.Get_SerialNum
                0x0800bae0       0x38 build/usbd_desc.o
 .text.USBD_FS_SerialStrDescriptor
                0x0800bb18       0x14 build/usbd_desc.o
                0x0800bb18                USBD_FS_SerialStrDescriptor
 .text.USBD_FS_ProductStrDescriptor
                0x0800bb2c       0x24 build/usbd_desc.o
                0x0800bb2c                USBD_FS_ProductStrDescriptor
 .text.USBD_FS_ManufacturerStrDescriptor
                0x0800bb50       0x1c build/usbd_desc.o
                0x0800bb50                USBD_FS_ManufacturerStrDescriptor
 .text.USBD_FS_ConfigStrDescriptor
                0x0800bb6c       0x24 build/usbd_desc.o
                0x0800bb6c                USBD_FS_ConfigStrDescriptor
 .text.USBD_FS_InterfaceStrDescriptor
                0x0800bb90       0x24 build/usbd_desc.o
                0x0800bb90                USBD_FS_InterfaceStrDescriptor
 .text.HAL_PCD_MspInit
                0x0800bbb4       0x84 build/usbd_conf.o
                0x0800bbb4                HAL_PCD_MspInit
 .text.HAL_PCD_SetupStageCallback
                0x0800bc38       0x10 build/usbd_conf.o
                0x0800bc38                HAL_PCD_SetupStageCallback
 .text.HAL_PCD_DataOutStageCallback
                0x0800bc48       0x18 build/usbd_conf.o
                0x0800bc48                HAL_PCD_DataOutStageCallback
 .text.HAL_PCD_DataInStageCallback
                0x0800bc60       0x16 build/usbd_conf.o
                0x0800bc60                HAL_PCD_DataInStageCallback
 .text.HAL_PCD_SOFCallback
                0x0800bc76        0xc build/usbd_conf.o
                0x0800bc76                HAL_PCD_SOFCallback
 .text.HAL_PCD_ResetCallback
                0x0800bc82       0x28 build/usbd_conf.o
                0x0800bc82                HAL_PCD_ResetCallback
 *fill*         0x0800bcaa        0x2 
 .text.HAL_PCD_SuspendCallback
                0x0800bcac       0x30 build/usbd_conf.o
                0x0800bcac                HAL_PCD_SuspendCallback
 .text.HAL_PCD_ResumeCallback
                0x0800bcdc        0xc build/usbd_conf.o
                0x0800bcdc                HAL_PCD_ResumeCallback
 .text.HAL_PCD_ISOOUTIncompleteCallback
                0x0800bce8        0xc build/usbd_conf.o
                0x0800bce8                HAL_PCD_ISOOUTIncompleteCallback
 .text.HAL_PCD_ISOINIncompleteCallback
                0x0800bcf4        0xc build/usbd_conf.o
                0x0800bcf4                HAL_PCD_ISOINIncompleteCallback
 .text.HAL_PCD_ConnectCallback
                0x0800bd00        0xc build/usbd_conf.o
                0x0800bd00                HAL_PCD_ConnectCallback
 .text.HAL_PCD_DisconnectCallback
                0x0800bd0c        0xc build/usbd_conf.o
                0x0800bd0c                HAL_PCD_DisconnectCallback
 .text.USBD_LL_Init
                0x0800bd18       0x68 build/usbd_conf.o
                0x0800bd18                USBD_LL_Init
 .text.USBD_LL_IsStallEP
                0x0800bd80       0x2c build/usbd_conf.o
                0x0800bd80                USBD_LL_IsStallEP
 .text.USBD_LL_GetRxDataSize
                0x0800bdac        0xc build/usbd_conf.o
                0x0800bdac                USBD_LL_GetRxDataSize
 .text.USBD_static_malloc
                0x0800bdb8        0x8 build/usbd_conf.o
                0x0800bdb8                USBD_static_malloc
 .text.USBD_static_free
                0x0800bdc0        0x2 build/usbd_conf.o
                0x0800bdc0                USBD_static_free
 .text.USBD_Get_USB_Status
                0x0800bdc2       0x14 build/usbd_conf.o
                0x0800bdc2                USBD_Get_USB_Status
 .text.USBD_LL_Start
                0x0800bdd6       0x10 build/usbd_conf.o
                0x0800bdd6                USBD_LL_Start
 .text.USBD_LL_OpenEP
                0x0800bde6       0x16 build/usbd_conf.o
                0x0800bde6                USBD_LL_OpenEP
 .text.USBD_LL_CloseEP
                0x0800bdfc       0x10 build/usbd_conf.o
                0x0800bdfc                USBD_LL_CloseEP
 .text.USBD_LL_StallEP
                0x0800be0c       0x10 build/usbd_conf.o
                0x0800be0c                USBD_LL_StallEP
 .text.USBD_LL_ClearStallEP
                0x0800be1c       0x10 build/usbd_conf.o
                0x0800be1c                USBD_LL_ClearStallEP
 .text.USBD_LL_SetUSBAddress
                0x0800be2c       0x10 build/usbd_conf.o
                0x0800be2c                USBD_LL_SetUSBAddress
 .text.USBD_LL_Transmit
                0x0800be3c       0x10 build/usbd_conf.o
                0x0800be3c                USBD_LL_Transmit
 .text.USBD_LL_PrepareReceive
                0x0800be4c       0x10 build/usbd_conf.o
                0x0800be4c                USBD_LL_PrepareReceive
 .text._ZN9BarometerC2Ev
                0x0800be5c       0x10 build/barometer.o
                0x0800be5c                Barometer::Barometer()
                0x0800be5c                Barometer::Barometer()
 .text._ZN9Barometer4initEv
                0x0800be6c       0x24 build/barometer.o
                0x0800be6c                Barometer::init()
 .text._ZN9Barometer11getPressureEv
                0x0800be90       0x20 build/barometer.o
                0x0800be90                Barometer::getPressure()
 .text._ZN9Barometer14getTemperatureEv
                0x0800beb0       0x20 build/barometer.o
                0x0800beb0                Barometer::getTemperature()
 .text._ZN9Barometer17calculateAltitudeEf
                0x0800bed0        0x8 build/barometer.o
                0x0800bed0                Barometer::calculateAltitude(float)
 .text._ZN9Barometer25calculateSeaLevelAltitudeEf
                0x0800bed8       0x12 build/barometer.o
                0x0800bed8                Barometer::calculateSeaLevelAltitude(float)
 .text._ZN8ColirOneC2Ev
                0x0800beea       0x48 build/colir_one.o
                0x0800beea                ColirOne::ColirOne()
                0x0800beea                ColirOne::ColirOne()
 .text._ZN8ColirOne4initEv
                0x0800bf32       0x38 build/colir_one.o
                0x0800bf32                ColirOne::init()
 .text._ZN8ColirOne12getTimeStampEv
                0x0800bf6a        0x8 build/colir_one.o
                0x0800bf6a                ColirOne::getTimeStamp()
 .text._ZN3GPSC2Ev
                0x0800bf72       0x10 build/gps.o
                0x0800bf72                GPS::GPS()
                0x0800bf72                GPS::GPS()
 *fill*         0x0800bf82        0x2 
 .text.HAL_UARTEx_RxEventCallback
                0x0800bf84       0x94 build/gps.o
                0x0800bf84                HAL_UARTEx_RxEventCallback
 .text._ZN3GPS4initEv
                0x0800c018       0x28 build/gps.o
                0x0800c018                GPS::init()
 .text._ZN3GPS3runEv
                0x0800c040       0x10 build/gps.o
                0x0800c040                GPS::run()
 .text._ZN3GPS12getLongitudeEv
                0x0800c050        0x6 build/gps.o
                0x0800c050                GPS::getLongitude()
 .text._ZN3GPS11getLatitudeEv
                0x0800c056        0x6 build/gps.o
                0x0800c056                GPS::getLatitude()
 .text._ZN3GPS20getVisibleSatellitesEv
                0x0800c05c        0x4 build/gps.o
                0x0800c05c                GPS::getVisibleSatellites()
 .text._ZN3IMUC2Ev
                0x0800c060        0x2 build/imu.o
                0x0800c060                IMU::IMU()
                0x0800c060                IMU::IMU()
 *fill*         0x0800c062        0x2 
 .text._ZN3IMU4initEv
                0x0800c064       0x18 build/imu.o
                0x0800c064                IMU::init()
 .text._ZN3IMU15getAccelerationEv
                0x0800c07c       0x44 build/imu.o
                0x0800c07c                IMU::getAcceleration()
 .text._ZN3IMU12getGyroscopeEv
                0x0800c0c0       0x44 build/imu.o
                0x0800c0c0                IMU::getGyroscope()
 .text._ZN3IMU14getOrientationEv
                0x0800c104       0x44 build/imu.o
                0x0800c104                IMU::getOrientation()
 .text._ZN3IMU13getQuaternionEv
                0x0800c148       0x4c build/imu.o
                0x0800c148                IMU::getQuaternion()
 .text._ZN7LighterC2Ev
                0x0800c194        0x2 build/lighter.o
                0x0800c194                Lighter::Lighter()
                0x0800c194                Lighter::Lighter()
 .text._ZN5ServoC2Ev
                0x0800c196        0x2 build/servo.o
                0x0800c196                Servo::Servo()
                0x0800c196                Servo::Servo()
 .text._ZN2RFC2Ev
                0x0800c198        0x2 build/rf.o
                0x0800c198                RF::RF()
                0x0800c198                RF::RF()
 .text._ZN2RF4initEv
                0x0800c19a       0x94 build/rf.o
                0x0800c19a                RF::init()
 .text._ZN2RF13setTxRxAdressEPhS0_
                0x0800c22e       0x30 build/rf.o
                0x0800c22e                RF::setTxRxAdress(unsigned char*, unsigned char*)
 .text._ZN2RF9setTxModeEv
                0x0800c25e       0x12 build/rf.o
                0x0800c25e                RF::setTxMode()
 .text._ZN6LoggerC2Ev
                0x0800c270       0x22 build/logger.o
                0x0800c270                Logger::Logger()
                0x0800c270                Logger::Logger()
 *fill*         0x0800c292        0x2 
 .text._ZN6Logger11writeConfigEv
                0x0800c294       0x34 build/logger.o
                0x0800c294                Logger::writeConfig()
 .text._ZN6Logger10loadConfigEv
                0x0800c2c8       0x50 build/logger.o
                0x0800c2c8                Logger::loadConfig()
 .text._ZN6Logger15getLogFileIndexEPm
                0x0800c318        0xc build/logger.o
                0x0800c318                Logger::getLogFileIndex(unsigned long*)
 .text._ZN6Logger18updateLogFileIndexEv
                0x0800c324       0x14 build/logger.o
                0x0800c324                Logger::updateLogFileIndex()
 .text._ZN6Logger19findLastFreeAddressEv
                0x0800c338       0x44 build/logger.o
                0x0800c338                Logger::findLastFreeAddress()
 .text._ZN6Logger19findStartLogAddressEv
                0x0800c37c       0x3c build/logger.o
                0x0800c37c                Logger::findStartLogAddress()
 .text._ZN6Logger4initEv
                0x0800c3b8       0x68 build/logger.o
                0x0800c3b8                Logger::init()
 .text._ZN6Logger14getStorageInfoEv
                0x0800c420       0x38 build/logger.o
                0x0800c420                Logger::getStorageInfo()
 .text._ZN6Logger11isPageEmptyEm
                0x0800c458       0x2e build/logger.o
                0x0800c458                Logger::isPageEmpty(unsigned long)
 *fill*         0x0800c486        0x2 
 .text._ZN6Logger19eraseSectorIfNeededEmmm
                0x0800c488       0x5c build/logger.o
                0x0800c488                Logger::eraseSectorIfNeeded(unsigned long, unsigned long, unsigned long)
 .text._ZN6Logger8storeLogEPhm
                0x0800c4e4       0xc8 build/logger.o
                0x0800c4e4                Logger::storeLog(unsigned char*, unsigned long)
 .text._ZNK6Logger12getFreeSpaceEv
                0x0800c5ac       0x2c build/logger.o
                0x0800c5ac                Logger::getFreeSpace() const
 .text._ZNK6Logger12getUsedSpaceEv
                0x0800c5d8       0x16 build/logger.o
                0x0800c5d8                Logger::getUsedSpace() const
 *fill*         0x0800c5ee        0x2 
 .text._ZN6Logger24generateDefaultSystemLogEPcm
                0x0800c5f0       0x24 build/logger.o
                0x0800c5f0                Logger::generateDefaultSystemLog(char*, unsigned long)
 .text._ZN6Logger14storeSensorLogEP25colirone_payload_sensor_t
                0x0800c614      0x144 build/logger.o
                0x0800c614                Logger::storeSensorLog(colirone_payload_sensor_t*)
 .text._ZN6Logger20checkEnableWriteLogsEv
                0x0800c758        0xa build/logger.o
                0x0800c758                Logger::checkEnableWriteLogs()
 .text._ZN6Logger12startLoggingEv
                0x0800c762        0xc build/logger.o
                0x0800c762                Logger::startLogging()
 *fill*         0x0800c76e        0x2 
 .text._ZN6Logger16writeLogToSDCardEPKcmmm
                0x0800c770       0x84 build/logger.o
                0x0800c770                Logger::writeLogToSDCard(char const*, unsigned long, unsigned long, unsigned long)
 .text._ZN6Logger11initLogFileEPKcS1_
                0x0800c7f4       0x8c build/logger.o
                0x0800c7f4                Logger::initLogFile(char const*, char const*)
 .text._ZN6Logger16writeAllLogsFileEPKcS1_
                0x0800c880       0xd4 build/logger.o
                0x0800c880                Logger::writeAllLogsFile(char const*, char const*)
 .text._ZN6SDCardC2Ev
                0x0800c954       0x12 build/sdcard.o
                0x0800c954                SDCard::SDCard()
                0x0800c954                SDCard::SDCard()
 *fill*         0x0800c966        0x2 
 .text._ZN6SDCard9closeFileEv
                0x0800c968       0x30 build/sdcard.o
                0x0800c968                SDCard::closeFile()
 .text._ZN6SDCard14getMountStatusEv
                0x0800c998        0x4 build/sdcard.o
                0x0800c998                SDCard::getMountStatus()
 .text._ZN6SDCard15checkExistsFileEPKc
                0x0800c99c       0x28 build/sdcard.o
                0x0800c99c                SDCard::checkExistsFile(char const*)
 .text._ZN6SDCard17checkExistsFolderEPKc
                0x0800c9c4       0x3c build/sdcard.o
                0x0800c9c4                SDCard::checkExistsFolder(char const*)
 .text._ZN6SDCard13errorToStringE7FRESULT
                0x0800ca00       0xc4 build/sdcard.o
                0x0800ca00                SDCard::errorToString(FRESULT)
 .text._ZN6SDCard5mountEv
                0x0800cac4       0x3c build/sdcard.o
                0x0800cac4                SDCard::mount()
 .text._ZN6SDCard10createFileEPKc
                0x0800cb00       0x74 build/sdcard.o
                0x0800cb00                SDCard::createFile(char const*)
 .text._ZN6SDCard8openFileEPKc
                0x0800cb74       0x58 build/sdcard.o
                0x0800cb74                SDCard::openFile(char const*)
 .text._ZN6SDCard12appendToFileEPKcS1_j
                0x0800cbcc       0x78 build/sdcard.o
                0x0800cbcc                SDCard::appendToFile(char const*, char const*, unsigned int)
 .text._ZN6SDCard12createFolderEPKc
                0x0800cc44       0x4c build/sdcard.o
                0x0800cc44                SDCard::createFolder(char const*)
 .text.main     0x0800cc90      0x3e4 build/main.o
                0x0800cc90                main
 .text.Reset_Handler
                0x0800d074       0x50 build/startup_stm32f407xx.o
                0x0800d074                Reset_Handler
 .text.Default_Handler
                0x0800d0c4        0x2 build/startup_stm32f407xx.o
                0x0800d0c4                RTC_Alarm_IRQHandler
                0x0800d0c4                HASH_RNG_IRQHandler
                0x0800d0c4                EXTI2_IRQHandler
                0x0800d0c4                TIM8_CC_IRQHandler
                0x0800d0c4                TIM1_CC_IRQHandler
                0x0800d0c4                DMA2_Stream5_IRQHandler
                0x0800d0c4                PVD_IRQHandler
                0x0800d0c4                TAMP_STAMP_IRQHandler
                0x0800d0c4                CAN2_RX1_IRQHandler
                0x0800d0c4                EXTI3_IRQHandler
                0x0800d0c4                TIM8_TRG_COM_TIM14_IRQHandler
                0x0800d0c4                TIM1_UP_TIM10_IRQHandler
                0x0800d0c4                TIM8_UP_TIM13_IRQHandler
                0x0800d0c4                I2C3_ER_IRQHandler
                0x0800d0c4                EXTI0_IRQHandler
                0x0800d0c4                I2C2_EV_IRQHandler
                0x0800d0c4                DMA1_Stream2_IRQHandler
                0x0800d0c4                CAN1_RX0_IRQHandler
                0x0800d0c4                FPU_IRQHandler
                0x0800d0c4                OTG_HS_WKUP_IRQHandler
                0x0800d0c4                CAN2_SCE_IRQHandler
                0x0800d0c4                DMA2_Stream2_IRQHandler
                0x0800d0c4                SPI1_IRQHandler
                0x0800d0c4                TIM6_DAC_IRQHandler
                0x0800d0c4                TIM1_BRK_TIM9_IRQHandler
                0x0800d0c4                DCMI_IRQHandler
                0x0800d0c4                CAN2_RX0_IRQHandler
                0x0800d0c4                USART6_IRQHandler
                0x0800d0c4                USART3_IRQHandler
                0x0800d0c4                CAN1_RX1_IRQHandler
                0x0800d0c4                UART5_IRQHandler
                0x0800d0c4                DMA2_Stream0_IRQHandler
                0x0800d0c4                TIM4_IRQHandler
                0x0800d0c4                I2C1_EV_IRQHandler
                0x0800d0c4                DMA1_Stream1_IRQHandler
                0x0800d0c4                UART4_IRQHandler
                0x0800d0c4                TIM3_IRQHandler
                0x0800d0c4                RCC_IRQHandler
                0x0800d0c4                TIM8_BRK_TIM12_IRQHandler
                0x0800d0c4                Default_Handler
                0x0800d0c4                EXTI15_10_IRQHandler
                0x0800d0c4                ADC_IRQHandler
                0x0800d0c4                DMA1_Stream7_IRQHandler
                0x0800d0c4                TIM7_IRQHandler
                0x0800d0c4                CAN2_TX_IRQHandler
                0x0800d0c4                TIM5_IRQHandler
                0x0800d0c4                DMA2_Stream7_IRQHandler
                0x0800d0c4                I2C3_EV_IRQHandler
                0x0800d0c4                EXTI9_5_IRQHandler
                0x0800d0c4                RTC_WKUP_IRQHandler
                0x0800d0c4                ETH_WKUP_IRQHandler
                0x0800d0c4                SPI2_IRQHandler
                0x0800d0c4                OTG_HS_EP1_IN_IRQHandler
                0x0800d0c4                DMA1_Stream0_IRQHandler
                0x0800d0c4                CAN1_TX_IRQHandler
                0x0800d0c4                EXTI4_IRQHandler
                0x0800d0c4                FSMC_IRQHandler
                0x0800d0c4                ETH_IRQHandler
                0x0800d0c4                OTG_HS_EP1_OUT_IRQHandler
                0x0800d0c4                WWDG_IRQHandler
                0x0800d0c4                TIM2_IRQHandler
                0x0800d0c4                OTG_FS_WKUP_IRQHandler
                0x0800d0c4                TIM1_TRG_COM_TIM11_IRQHandler
                0x0800d0c4                OTG_HS_IRQHandler
                0x0800d0c4                EXTI1_IRQHandler
                0x0800d0c4                USART2_IRQHandler
                0x0800d0c4                I2C2_ER_IRQHandler
                0x0800d0c4                DMA2_Stream1_IRQHandler
                0x0800d0c4                CAN1_SCE_IRQHandler
                0x0800d0c4                FLASH_IRQHandler
                0x0800d0c4                DMA2_Stream4_IRQHandler
                0x0800d0c4                USART1_IRQHandler
                0x0800d0c4                SPI3_IRQHandler
                0x0800d0c4                DMA1_Stream4_IRQHandler
                0x0800d0c4                I2C1_ER_IRQHandler
                0x0800d0c4                DMA1_Stream3_IRQHandler
 *fill*         0x0800d0c6        0x2 
 .text.malloc   0x0800d0c8       0x10 /home/dat/.config/Code/User/globalStorage/litaitech.stm32-colir-one/@xpack-dev-tools/arm-none-eabi-gcc/13.3.1-1.1.1/.content/bin/../lib/gcc/arm-none-eabi/13.3.1/../../../../arm-none-eabi/lib/thumb/v7e-m+fp/hard/libc_nano.a(libc_a-malloc.o)
                0x0800d0c8                malloc
 .text.free     0x0800d0d8       0x10 /home/dat/.config/Code/User/globalStorage/litaitech.stm32-colir-one/@xpack-dev-tools/arm-none-eabi-gcc/13.3.1-1.1.1/.content/bin/../lib/gcc/arm-none-eabi/13.3.1/../../../../arm-none-eabi/lib/thumb/v7e-m+fp/hard/libc_nano.a(libc_a-malloc.o)
                0x0800d0d8                free
 .text.sbrk_aligned
                0x0800d0e8       0x44 /home/dat/.config/Code/User/globalStorage/litaitech.stm32-colir-one/@xpack-dev-tools/arm-none-eabi-gcc/13.3.1-1.1.1/.content/bin/../lib/gcc/arm-none-eabi/13.3.1/../../../../arm-none-eabi/lib/thumb/v7e-m+fp/hard/libc_nano.a(libc_a-mallocr.o)
 .text._malloc_r
                0x0800d12c      0x100 /home/dat/.config/Code/User/globalStorage/litaitech.stm32-colir-one/@xpack-dev-tools/arm-none-eabi-gcc/13.3.1-1.1.1/.content/bin/../lib/gcc/arm-none-eabi/13.3.1/../../../../arm-none-eabi/lib/thumb/v7e-m+fp/hard/libc_nano.a(libc_a-mallocr.o)
                0x0800d12c                _malloc_r
 .text.__malloc_lock
                0x0800d22c        0xc /home/dat/.config/Code/User/globalStorage/litaitech.stm32-colir-one/@xpack-dev-tools/arm-none-eabi-gcc/13.3.1-1.1.1/.content/bin/../lib/gcc/arm-none-eabi/13.3.1/../../../../arm-none-eabi/lib/thumb/v7e-m+fp/hard/libc_nano.a(libc_a-mlock.o)
                0x0800d22c                __malloc_lock
 .text.__malloc_unlock
                0x0800d238        0xc /home/dat/.config/Code/User/globalStorage/litaitech.stm32-colir-one/@xpack-dev-tools/arm-none-eabi-gcc/13.3.1-1.1.1/.content/bin/../lib/gcc/arm-none-eabi/13.3.1/../../../../arm-none-eabi/lib/thumb/v7e-m+fp/hard/libc_nano.a(libc_a-mlock.o)
                0x0800d238                __malloc_unlock
 .text.sulp     0x0800d244       0x3c /home/dat/.config/Code/User/globalStorage/litaitech.stm32-colir-one/@xpack-dev-tools/arm-none-eabi-gcc/13.3.1-1.1.1/.content/bin/../lib/gcc/arm-none-eabi/13.3.1/../../../../arm-none-eabi/lib/thumb/v7e-m+fp/hard/libc_nano.a(libc_a-strtod.o)
 .text._strtod_l
                0x0800d280      0xbc8 /home/dat/.config/Code/User/globalStorage/litaitech.stm32-colir-one/@xpack-dev-tools/arm-none-eabi-gcc/13.3.1-1.1.1/.content/bin/../lib/gcc/arm-none-eabi/13.3.1/../../../../arm-none-eabi/lib/thumb/v7e-m+fp/hard/libc_nano.a(libc_a-strtod.o)
                0x0800d280                _strtod_l
 .text.strtof   0x0800de48       0xc8 /home/dat/.config/Code/User/globalStorage/litaitech.stm32-colir-one/@xpack-dev-tools/arm-none-eabi-gcc/13.3.1-1.1.1/.content/bin/../lib/gcc/arm-none-eabi/13.3.1/../../../../arm-none-eabi/lib/thumb/v7e-m+fp/hard/libc_nano.a(libc_a-strtod.o)
                0x0800de48                strtof
 .text._strtol_l.isra.0
                0x0800df10       0xf4 /home/dat/.config/Code/User/globalStorage/litaitech.stm32-colir-one/@xpack-dev-tools/arm-none-eabi-gcc/13.3.1-1.1.1/.content/bin/../lib/gcc/arm-none-eabi/13.3.1/../../../../arm-none-eabi/lib/thumb/v7e-m+fp/hard/libc_nano.a(libc_a-strtol.o)
 .text.strtol   0x0800e004       0x14 /home/dat/.config/Code/User/globalStorage/litaitech.stm32-colir-one/@xpack-dev-tools/arm-none-eabi-gcc/13.3.1-1.1.1/.content/bin/../lib/gcc/arm-none-eabi/13.3.1/../../../../arm-none-eabi/lib/thumb/v7e-m+fp/hard/libc_nano.a(libc_a-strtol.o)
                0x0800e004                strtol
 .text.__cvt    0x0800e018       0xca /home/dat/.config/Code/User/globalStorage/litaitech.stm32-colir-one/@xpack-dev-tools/arm-none-eabi-gcc/13.3.1-1.1.1/.content/bin/../lib/gcc/arm-none-eabi/13.3.1/../../../../arm-none-eabi/lib/thumb/v7e-m+fp/hard/libc_nano.a(libc_a-nano-vfprintf_float.o)
                0x0800e018                __cvt
 .text.__exponent
                0x0800e0e2       0x74 /home/dat/.config/Code/User/globalStorage/litaitech.stm32-colir-one/@xpack-dev-tools/arm-none-eabi-gcc/13.3.1-1.1.1/.content/bin/../lib/gcc/arm-none-eabi/13.3.1/../../../../arm-none-eabi/lib/thumb/v7e-m+fp/hard/libc_nano.a(libc_a-nano-vfprintf_float.o)
                0x0800e0e2                __exponent
 *fill*         0x0800e156        0x2 
 .text._printf_float
                0x0800e158      0x454 /home/dat/.config/Code/User/globalStorage/litaitech.stm32-colir-one/@xpack-dev-tools/arm-none-eabi-gcc/13.3.1-1.1.1/.content/bin/../lib/gcc/arm-none-eabi/13.3.1/../../../../arm-none-eabi/lib/thumb/v7e-m+fp/hard/libc_nano.a(libc_a-nano-vfprintf_float.o)
                0x0800e158                _printf_float
 .text._printf_common
                0x0800e5ac       0xda /home/dat/.config/Code/User/globalStorage/litaitech.stm32-colir-one/@xpack-dev-tools/arm-none-eabi-gcc/13.3.1-1.1.1/.content/bin/../lib/gcc/arm-none-eabi/13.3.1/../../../../arm-none-eabi/lib/thumb/v7e-m+fp/hard/libc_nano.a(libc_a-nano-vfprintf_i.o)
                0x0800e5ac                _printf_common
 *fill*         0x0800e686        0x2 
 .text._printf_i
                0x0800e688      0x23c /home/dat/.config/Code/User/globalStorage/litaitech.stm32-colir-one/@xpack-dev-tools/arm-none-eabi-gcc/13.3.1-1.1.1/.content/bin/../lib/gcc/arm-none-eabi/13.3.1/../../../../arm-none-eabi/lib/thumb/v7e-m+fp/hard/libc_nano.a(libc_a-nano-vfprintf_i.o)
                0x0800e688                _printf_i
 .text.std      0x0800e8c4       0x6c /home/dat/.config/Code/User/globalStorage/litaitech.stm32-colir-one/@xpack-dev-tools/arm-none-eabi-gcc/13.3.1-1.1.1/.content/bin/../lib/gcc/arm-none-eabi/13.3.1/../../../../arm-none-eabi/lib/thumb/v7e-m+fp/hard/libc_nano.a(libc_a-findfp.o)
 .text.stdio_exit_handler
                0x0800e930       0x18 /home/dat/.config/Code/User/globalStorage/litaitech.stm32-colir-one/@xpack-dev-tools/arm-none-eabi-gcc/13.3.1-1.1.1/.content/bin/../lib/gcc/arm-none-eabi/13.3.1/../../../../arm-none-eabi/lib/thumb/v7e-m+fp/hard/libc_nano.a(libc_a-findfp.o)
 .text.cleanup_stdio
                0x0800e948       0x40 /home/dat/.config/Code/User/globalStorage/litaitech.stm32-colir-one/@xpack-dev-tools/arm-none-eabi-gcc/13.3.1-1.1.1/.content/bin/../lib/gcc/arm-none-eabi/13.3.1/../../../../arm-none-eabi/lib/thumb/v7e-m+fp/hard/libc_nano.a(libc_a-findfp.o)
 .text.global_stdio_init.part.0
                0x0800e988       0x3c /home/dat/.config/Code/User/globalStorage/litaitech.stm32-colir-one/@xpack-dev-tools/arm-none-eabi-gcc/13.3.1-1.1.1/.content/bin/../lib/gcc/arm-none-eabi/13.3.1/../../../../arm-none-eabi/lib/thumb/v7e-m+fp/hard/libc_nano.a(libc_a-findfp.o)
 .text.__sfp_lock_acquire
                0x0800e9c4        0xc /home/dat/.config/Code/User/globalStorage/litaitech.stm32-colir-one/@xpack-dev-tools/arm-none-eabi-gcc/13.3.1-1.1.1/.content/bin/../lib/gcc/arm-none-eabi/13.3.1/../../../../arm-none-eabi/lib/thumb/v7e-m+fp/hard/libc_nano.a(libc_a-findfp.o)
                0x0800e9c4                __sfp_lock_acquire
 .text.__sfp_lock_release
                0x0800e9d0        0xc /home/dat/.config/Code/User/globalStorage/litaitech.stm32-colir-one/@xpack-dev-tools/arm-none-eabi-gcc/13.3.1-1.1.1/.content/bin/../lib/gcc/arm-none-eabi/13.3.1/../../../../arm-none-eabi/lib/thumb/v7e-m+fp/hard/libc_nano.a(libc_a-findfp.o)
                0x0800e9d0                __sfp_lock_release
 .text.__sinit  0x0800e9dc       0x30 /home/dat/.config/Code/User/globalStorage/litaitech.stm32-colir-one/@xpack-dev-tools/arm-none-eabi-gcc/13.3.1-1.1.1/.content/bin/../lib/gcc/arm-none-eabi/13.3.1/../../../../arm-none-eabi/lib/thumb/v7e-m+fp/hard/libc_nano.a(libc_a-findfp.o)
                0x0800e9dc                __sinit
 .text._fwalk_sglue
                0x0800ea0c       0x3c /home/dat/.config/Code/User/globalStorage/litaitech.stm32-colir-one/@xpack-dev-tools/arm-none-eabi-gcc/13.3.1-1.1.1/.content/bin/../lib/gcc/arm-none-eabi/13.3.1/../../../../arm-none-eabi/lib/thumb/v7e-m+fp/hard/libc_nano.a(libc_a-fwalk.o)
                0x0800ea0c                _fwalk_sglue
 .text.printf   0x0800ea48       0x24 /home/dat/.config/Code/User/globalStorage/litaitech.stm32-colir-one/@xpack-dev-tools/arm-none-eabi-gcc/13.3.1-1.1.1/.content/bin/../lib/gcc/arm-none-eabi/13.3.1/../../../../arm-none-eabi/lib/thumb/v7e-m+fp/hard/libc_nano.a(libc_a-printf.o)
                0x0800ea48                printf