Archive member included to satisfy reference by file (symbol)

/home/dat/.config/Code/User/globalStorage/litaitech.stm32-colir-one/@xpack-dev-tools/arm-none-eabi-gcc/13.3.1-1.1.1/.content/bin/../lib/gcc/arm-none-eabi/13.3.1/../../../../arm-none-eabi/lib/thumb/v7e-m+fp/hard/libc_nano.a(libc_a-atexit.o)
                              /home/dat/.config/Code/User/globalStorage/litaitech.stm32-colir-one/@xpack-dev-tools/arm-none-eabi-gcc/13.3.1-1.1.1/.content/bin/../lib/gcc/arm-none-eabi/13.3.1/../../../../arm-none-eabi/lib/thumb/v7e-m+fp/hard/crt0.o (atexit)
/home/dat/.config/Code/User/globalStorage/litaitech.stm32-colir-one/@xpack-dev-tools/arm-none-eabi-gcc/13.3.1-1.1.1/.content/bin/../lib/gcc/arm-none-eabi/13.3.1/../../../../arm-none-eabi/lib/thumb/v7e-m+fp/hard/libc_nano.a(libc_a-exit.o)
                              /home/dat/.config/Code/User/globalStorage/litaitech.stm32-colir-one/@xpack-dev-tools/arm-none-eabi-gcc/13.3.1-1.1.1/.content/bin/../lib/gcc/arm-none-eabi/13.3.1/../../../../arm-none-eabi/lib/thumb/v7e-m+fp/hard/crt0.o (exit)
/home/dat/.config/Code/User/globalStorage/litaitech.stm32-colir-one/@xpack-dev-tools/arm-none-eabi-gcc/13.3.1-1.1.1/.content/bin/../lib/gcc/arm-none-eabi/13.3.1/../../../../arm-none-eabi/lib/thumb/v7e-m+fp/hard/libc_nano.a(libc_a-malloc.o)
                              build/nmea_parse.o (malloc)
/home/dat/.config/Code/User/globalStorage/litaitech.stm32-colir-one/@xpack-dev-tools/arm-none-eabi-gcc/13.3.1-1.1.1/.content/bin/../lib/gcc/arm-none-eabi/13.3.1/../../../../arm-none-eabi/lib/thumb/v7e-m+fp/hard/libc_nano.a(libc_a-mallocr.o)
                              /home/dat/.config/Code/User/globalStorage/litaitech.stm32-colir-one/@xpack-dev-tools/arm-none-eabi-gcc/13.3.1-1.1.1/.content/bin/../lib/gcc/arm-none-eabi/13.3.1/../../../../arm-none-eabi/lib/thumb/v7e-m+fp/hard/libc_nano.a(libc_a-malloc.o) (_malloc_r)
/home/dat/.config/Code/User/globalStorage/litaitech.stm32-colir-one/@xpack-dev-tools/arm-none-eabi-gcc/13.3.1-1.1.1/.content/bin/../lib/gcc/arm-none-eabi/13.3.1/../../../../arm-none-eabi/lib/thumb/v7e-m+fp/hard/libc_nano.a(libc_a-mlock.o)
                              /home/dat/.config/Code/User/globalStorage/litaitech.stm32-colir-one/@xpack-dev-tools/arm-none-eabi-gcc/13.3.1-1.1.1/.content/bin/../lib/gcc/arm-none-eabi/13.3.1/../../../../arm-none-eabi/lib/thumb/v7e-m+fp/hard/libc_nano.a(libc_a-mallocr.o) (__malloc_lock)
/home/dat/.config/Code/User/globalStorage/litaitech.stm32-colir-one/@xpack-dev-tools/arm-none-eabi-gcc/13.3.1-1.1.1/.content/bin/../lib/gcc/arm-none-eabi/13.3.1/../../../../arm-none-eabi/lib/thumb/v7e-m+fp/hard/libc_nano.a(libc_a-strtod.o)
                              build/nmea_parse.o (strtof)
/home/dat/.config/Code/User/globalStorage/litaitech.stm32-colir-one/@xpack-dev-tools/arm-none-eabi-gcc/13.3.1-1.1.1/.content/bin/../lib/gcc/arm-none-eabi/13.3.1/../../../../arm-none-eabi/lib/thumb/v7e-m+fp/hard/libc_nano.a(libc_a-strtol.o)
                              build/nmea_parse.o (strtol)
/home/dat/.config/Code/User/globalStorage/litaitech.stm32-colir-one/@xpack-dev-tools/arm-none-eabi-gcc/13.3.1-1.1.1/.content/bin/../lib/gcc/arm-none-eabi/13.3.1/../../../../arm-none-eabi/lib/thumb/v7e-m+fp/hard/libc_nano.a(libc_a-ctype_.o)
                              /home/dat/.config/Code/User/globalStorage/litaitech.stm32-colir-one/@xpack-dev-tools/arm-none-eabi-gcc/13.3.1-1.1.1/.content/bin/../lib/gcc/arm-none-eabi/13.3.1/../../../../arm-none-eabi/lib/thumb/v7e-m+fp/hard/libc_nano.a(libc_a-strtol.o) (_ctype_)
/home/dat/.config/Code/User/globalStorage/litaitech.stm32-colir-one/@xpack-dev-tools/arm-none-eabi-gcc/13.3.1-1.1.1/.content/bin/../lib/gcc/arm-none-eabi/13.3.1/../../../../arm-none-eabi/lib/thumb/v7e-m+fp/hard/libc_nano.a(libc_a-nano-vfprintf_float.o)
                              (_printf_float)
/home/dat/.config/Code/User/globalStorage/litaitech.stm32-colir-one/@xpack-dev-tools/arm-none-eabi-gcc/13.3.1-1.1.1/.content/bin/../lib/gcc/arm-none-eabi/13.3.1/../../../../arm-none-eabi/lib/thumb/v7e-m+fp/hard/libc_nano.a(libc_a-nano-vfprintf_i.o)
                              /home/dat/.config/Code/User/globalStorage/litaitech.stm32-colir-one/@xpack-dev-tools/arm-none-eabi-gcc/13.3.1-1.1.1/.content/bin/../lib/gcc/arm-none-eabi/13.3.1/../../../../arm-none-eabi/lib/thumb/v7e-m+fp/hard/libc_nano.a(libc_a-nano-vfprintf_float.o) (_printf_common)
/home/dat/.config/Code/User/globalStorage/litaitech.stm32-colir-one/@xpack-dev-tools/arm-none-eabi-gcc/13.3.1-1.1.1/.content/bin/../lib/gcc/arm-none-eabi/13.3.1/../../../../arm-none-eabi/lib/thumb/v7e-m+fp/hard/libc_nano.a(libc_a-findfp.o)
                              /home/dat/.config/Code/User/globalStorage/litaitech.stm32-colir-one/@xpack-dev-tools/arm-none-eabi-gcc/13.3.1-1.1.1/.content/bin/../lib/gcc/arm-none-eabi/13.3.1/../../../../arm-none-eabi/lib/thumb/v7e-m+fp/hard/libc_nano.a(libc_a-exit.o) (__stdio_exit_handler)
[...]
Memory Configuration

Name             Origin             Length             Attributes
RAM              0x20000000         0x00020000         xrw
CCMRAM           0x10000000         0x00010000         xrw
FLASH            0x08000000         0x00080000         xr
*default*        0x00000000         0xffffffff

Linker script and memory map

LOAD /home/dat/.config/Code/User/globalStorage/litaitech.stm32-colir-one/@xpack-dev-tools/arm-none-eabi-gcc/13.3.1-1.1.1/.content/bin/../lib/gcc/arm-none-eabi/13.3.1/thumb/v7e-m+fp/hard/crti.o
LOAD /home/dat/.config/Code/User/globalStorage/litaitech.stm32-colir-one/@xpack-dev-tools/arm-none-eabi-gcc/13.3.1-1.1.1/.content/bin/../lib/gcc/arm-none-eabi/13.3.1/thumb/v7e-m+fp/hard/crtbegin.o
LOAD /home/dat/.config/Code/User/globalStorage/litaitech.stm32-colir-one/@xpack-dev-tools/arm-none-eabi-gcc/13.3.1-1.1.1/.content/bin/../lib/gcc/arm-none-eabi/13.3.1/../../../../arm-none-eabi/lib/thumb/v7e-m+fp/hard/crt0.o
LOAD build/NRF24L01.o
LOAD build/bmp581.o
LOAD build/bno055.o
LOAD build/device.o
LOAD build/fifo.o
LOAD build/log.o
LOAD build/nmea_parse.o
LOAD build/pca9685.o
LOAD build/redirect.o
LOAD build/stm32f4xx_hal_msp.o
LOAD build/stm32f4xx_it.o
LOAD build/syscalls.o
LOAD build/sysmem.o
LOAD build/system_stm32f4xx.o
LOAD build/uart.o
LOAD build/usb_com.o
LOAD build/util.o
LOAD build/w25qxx.o
LOAD build/init.o
LOAD build/stm32f4xx_hal.o
LOAD build/stm32f4xx_hal_cortex.o
LOAD build/stm32f4xx_hal_dma.o
LOAD build/stm32f4xx_hal_dma_ex.o
LOAD build/stm32f4xx_hal_exti.o
LOAD build/stm32f4xx_hal_flash.o
LOAD build/stm32f4xx_hal_flash_ex.o
LOAD build/stm32f4xx_hal_flash_ramfunc.o
LOAD build/stm32f4xx_hal_gpio.o
LOAD build/stm32f4xx_hal_i2c.o
LOAD build/stm32f4xx_hal_i2c_ex.o
LOAD build/stm32f4xx_hal_pcd.o
LOAD build/stm32f4xx_hal_pcd_ex.o
LOAD build/stm32f4xx_hal_pwr.o
LOAD build/stm32f4xx_hal_pwr_ex.o
LOAD build/stm32f4xx_hal_rcc.o
LOAD build/stm32f4xx_hal_rcc_ex.o
LOAD build/stm32f4xx_hal_sd.o
LOAD build/stm32f4xx_hal_spi.o
LOAD build/stm32f4xx_hal_tim.o
LOAD build/stm32f4xx_hal_tim_ex.o
LOAD build/stm32f4xx_hal_uart.o
LOAD build/stm32f4xx_ll_sdmmc.o
LOAD build/stm32f4xx_ll_usb.o
LOAD build/bmp5.o
LOAD build/fatfs.o
LOAD build/bsp_driver_sd.o
LOAD build/fatfs_platform.o
LOAD build/sd_diskio.o
LOAD build/usbd_cdc.o
LOAD build/usbd_core.o
LOAD build/usbd_ctlreq.o
LOAD build/usbd_ioreq.o
LOAD build/diskio.o
LOAD build/ff.o
LOAD build/ff_gen_drv.o
LOAD build/ccsbcs.o
LOAD build/syscall.o
LOAD build/usb_device.o
LOAD build/usbd_cdc_if.o
LOAD build/usbd_desc.o
LOAD build/usbd_conf.o
LOAD build/barometer.o
LOAD build/colir_one.o
LOAD build/gps.o
LOAD build/imu.o
LOAD build/lighter.o
LOAD build/servo.o
LOAD build/rf.o
LOAD build/main.o
LOAD build/startup_stm32f407xx.o
LOAD /home/dat/.config/Code/User/globalStorage/litaitech.stm32-colir-one/@xpack-dev-tools/arm-none-eabi-gcc/13.3.1-1.1.1/.content/bin/../lib/gcc/arm-none-eabi/13.3.1/../../../../arm-none-eabi/lib/thumb/v7e-m+fp/hard/libc_nano.a
LOAD /home/dat/.config/Code/User/globalStorage/litaitech.stm32-colir-one/@xpack-dev-tools/arm-none-eabi-gcc/13.3.1-1.1.1/.content/bin/../lib/gcc/arm-none-eabi/13.3.1/../../../../arm-none-eabi/lib/thumb/v7e-m+fp/hard/libm.a
LOAD /home/dat/.config/Code/User/globalStorage/litaitech.stm32-colir-one/@xpack-dev-tools/arm-none-eabi-gcc/13.3.1-1.1.1/.content/bin/../lib/gcc/arm-none-eabi/13.3.1/../../../../arm-none-eabi/lib/thumb/v7e-m+fp/hard/libnosys.a
START GROUP
LOAD /home/dat/.config/Code/User/globalStorage/litaitech.stm32-colir-one/@xpack-dev-tools/arm-none-eabi-gcc/13.3.1-1.1.1/.content/bin/../lib/gcc/arm-none-eabi/13.3.1/thumb/v7e-m+fp/hard/libgcc.a
LOAD /home/dat/.config/Code/User/globalStorage/litaitech.stm32-colir-one/@xpack-dev-tools/arm-none-eabi-gcc/13.3.1-1.1.1/.content/bin/../lib/gcc/arm-none-eabi/13.3.1/../../../../arm-none-eabi/lib/thumb/v7e-m+fp/hard/libc_nano.a
END GROUP
START GROUP
LOAD /home/dat/.config/Code/User/globalStorage/litaitech.stm32-colir-one/@xpack-dev-tools/arm-none-eabi-gcc/13.3.1-1.1.1/.content/bin/../lib/gcc/arm-none-eabi/13.3.1/thumb/v7e-m+fp/hard/libgcc.a
LOAD /home/dat/.config/Code/User/globalStorage/litaitech.stm32-colir-one/@xpack-dev-tools/arm-none-eabi-gcc/13.3.1-1.1.1/.content/bin/../lib/gcc/arm-none-eabi/13.3.1/../../../../arm-none-eabi/lib/thumb/v7e-m+fp/hard/libc_nano.a
END GROUP
LOAD /home/dat/.config/Code/User/globalStorage/litaitech.stm32-colir-one/@xpack-dev-tools/arm-none-eabi-gcc/13.3.1-1.1.1/.content/bin/../lib/gcc/arm-none-eabi/13.3.1/thumb/v7e-m+fp/hard/crtend.o
LOAD /home/dat/.config/Code/User/globalStorage/litaitech.stm32-colir-one/@xpack-dev-tools/arm-none-eabi-gcc/13.3.1-1.1.1/.content/bin/../lib/gcc/arm-none-eabi/13.3.1/thumb/v7e-m+fp/hard/crtn.o
                0x20020000                        _estack = (ORIGIN (RAM) + LENGTH (RAM))
                0x00000400                        _Min_Heap_Size = 0x400
                0x00000800                        _Min_Stack_Size = 0x800

.isr_vector     0x08000000      0x188
                0x08000000                        . = ALIGN (0x4)
 *(.isr_vector)
 .isr_vector    0x08000000      0x188 build/startup_stm32f407xx.o
                0x08000000                g_pfnVectors
                0x08000188                        . = ALIGN (0x4)

.text           0x08000190     0xdc20
                0x08000190                        . = ALIGN (0x4)
 *(.text)
 .text          0x08000190       0xa0 /home/dat/.config/Code/User/globalStorage/litaitech.stm32-colir-one/@xpack-dev-tools/arm-none-eabi-gcc/13.3.1-1.1.1/.content/bin/../lib/gcc/arm-none-eabi/13.3.1/../../../../arm-none-eabi/lib/thumb/v7e-m+fp/hard/libc_nano.a(libc_a-memchr.o)
                0x08000190                memchr
 .text          0x08000230       0x10 /home/dat/.config/Code/User/globalStorage/litaitech.stm32-colir-one/@xpack-dev-tools/arm-none-eabi-gcc/13.3.1-1.1.1/.content/bin/../lib/gcc/arm-none-eabi/13.3.1/../../../../arm-none-eabi/lib/thumb/v7e-m+fp/hard/libc_nano.a(libc_a-strlen.o)
                0x08000230                strlen
 .text          0x08000240      0x378 /home/dat/.config/Code/User/globalStorage/litaitech.stm32-colir-one/@xpack-dev-tools/arm-none-eabi-gcc/13.3.1-1.1.1/.content/bin/../lib/gcc/arm-none-eabi/13.3.1/thumb/v7e-m+fp/hard/libgcc.a(_arm_addsubdf3.o)
                0x08000240                __aeabi_drsub
                0x08000248                __aeabi_dsub
                0x08000248                __subdf3
                0x0800024c                __adddf3
                0x0800024c                __aeabi_dadd
                0x080004c4                __aeabi_ui2d
                0x080004c4                __floatunsidf
                0x080004e4                __floatsidf
                0x080004e4                __aeabi_i2d
                0x08000508                __extendsfdf2
                0x08000508                __aeabi_f2d
                0x0800054c                __aeabi_ul2d
                0x0800054c                __floatundidf
                0x0800055c                __floatdidf
                0x0800055c                __aeabi_l2d
 .text          0x080005b8      0x424 /home/dat/.config/Code/User/globalStorage/litaitech.stm32-colir-one/@xpack-dev-tools/arm-none-eabi-gcc/13.3.1-1.1.1/.content/bin/../lib/gcc/arm-none-eabi/13.3.1/thumb/v7e-m+fp/hard/libgcc.a(_arm_muldivdf3.o)
                0x080005b8                __aeabi_dmul
                0x080005b8                __muldf3
                0x0800080c                __aeabi_ddiv
                0x0800080c                __divdf3
 .text          0x080009dc      0x110 /home/dat/.config/Code/User/globalStorage/litaitech.stm32-colir-one/@xpack-dev-tools/arm-none-eabi-gcc/13.3.1-1.1.1/.content/bin/../lib/gcc/arm-none-eabi/13.3.1/thumb/v7e-m+fp/hard/libgcc.a(_arm_cmpdf2.o)
                0x080009dc                __gtdf2
                0x080009dc                __gedf2
                0x080009e4                __ltdf2
                0x080009e4                __ledf2
                0x080009ec                __cmpdf2
                0x080009ec                __eqdf2
                0x080009ec                __nedf2
                0x08000a68                __aeabi_cdrcmple
                0x08000a78                __aeabi_cdcmple
                0x08000a78                __aeabi_cdcmpeq
                0x08000a88                __aeabi_dcmpeq
                0x08000a9c                __aeabi_dcmplt
                0x08000ab0                __aeabi_dcmple
                0x08000ac4                __aeabi_dcmpge
                0x08000ad8                __aeabi_dcmpgt
 .text          0x08000aec       0x2c /home/dat/.config/Code/User/globalStorage/litaitech.stm32-colir-one/@xpack-dev-tools/arm-none-eabi-gcc/13.3.1-1.1.1/.content/bin/../lib/gcc/arm-none-eabi/13.3.1/thumb/v7e-m+fp/hard/libgcc.a(_arm_unorddf2.o)
                0x08000aec                __aeabi_dcmpun
                0x08000aec                __unorddf2
 .text          0x08000b18       0x50 /home/dat/.config/Code/User/globalStorage/litaitech.stm32-colir-one/@xpack-dev-tools/arm-none-eabi-gcc/13.3.1-1.1.1/.content/bin/../lib/gcc/arm-none-eabi/13.3.1/thumb/v7e-m+fp/hard/libgcc.a(_arm_fixdfsi.o)
                0x08000b18                __fixdfsi
                0x08000b18                __aeabi_d2iz
 .text          0x08000b68       0xa0 /home/dat/.config/Code/User/globalStorage/litaitech.stm32-colir-one/@xpack-dev-tools/arm-none-eabi-gcc/13.3.1-1.1.1/.content/bin/../lib/gcc/arm-none-eabi/13.3.1/thumb/v7e-m+fp/hard/libgcc.a(_arm_truncdfsf2.o)
                0x08000b68                __aeabi_d2f
                0x08000b68                __truncdfsf2
 .text          0x08000c08       0x30 /home/dat/.config/Code/User/globalStorage/litaitech.stm32-colir-one/@xpack-dev-tools/arm-none-eabi-gcc/13.3.1-1.1.1/.content/bin/../lib/gcc/arm-none-eabi/13.3.1/thumb/v7e-m+fp/hard/libgcc.a(_aeabi_uldivmod.o)
                0x08000c08                __aeabi_uldivmod
 .text          0x08000c38      0x1ac /home/dat/.config/Code/User/globalStorage/litaitech.stm32-colir-one/@xpack-dev-tools/arm-none-eabi-gcc/13.3.1-1.1.1/.content/bin/../lib/gcc/arm-none-eabi/13.3.1/thumb/v7e-m+fp/hard/libgcc.a(libunwind.o)
                0x08000c38                __restore_core_regs
                0x08000c38                restore_core_regs
                0x08000c50                __gnu_Unwind_Restore_VFP
                0x08000c58                __gnu_Unwind_Save_VFP
                0x08000c60                __gnu_Unwind_Restore_VFP_D
                0x08000c68                __gnu_Unwind_Save_VFP_D
                0x08000c70                __gnu_Unwind_Restore_VFP_D_16_to_31
                0x08000c78                __gnu_Unwind_Save_VFP_D_16_to_31
                0x08000c80                __gnu_Unwind_Restore_WMMXD
                0x08000cc4                __gnu_Unwind_Save_WMMXD
                0x08000d08                __gnu_Unwind_Restore_WMMXC
                0x08000d1c                __gnu_Unwind_Save_WMMXC
                0x08000d30                ___Unwind_RaiseException
                0x08000d30                _Unwind_RaiseException
                0x08000d54                ___Unwind_Resume
                0x08000d54                _Unwind_Resume
                0x08000d78                _Unwind_Resume_or_Rethrow
                0x08000d78                ___Unwind_Resume_or_Rethrow
                0x08000d9c                ___Unwind_ForcedUnwind
                0x08000d9c                _Unwind_ForcedUnwind
                0x08000dc0                _Unwind_Backtrace
                0x08000dc0                ___Unwind_Backtrace
 .text          0x08000de4        0x4 /home/dat/.config/Code/User/globalStorage/litaitech.stm32-colir-one/@xpack-dev-tools/arm-none-eabi-gcc/13.3.1-1.1.1/.content/bin/../lib/gcc/arm-none-eabi/13.3.1/thumb/v7e-m+fp/hard/libgcc.a(_dvmd_tls.o)
                0x08000de4                __aeabi_ldiv0
                0x08000de4                __aeabi_idiv0
 *(.text*)
 .text.__do_global_dtors_aux
                0x08000de8       0x24 /home/dat/.config/Code/User/globalStorage/litaitech.stm32-colir-one/@xpack-dev-tools/arm-none-eabi-gcc/13.3.1-1.1.1/.content/bin/../lib/gcc/arm-none-eabi/13.3.1/thumb/v7e-m+fp/hard/crtbegin.o
 .text.frame_dummy
                0x08000e0c       0x1c /home/dat/.config/Code/User/globalStorage/litaitech.stm32-colir-one/@xpack-dev-tools/arm-none-eabi-gcc/13.3.1-1.1.1/.content/bin/../lib/gcc/arm-none-eabi/13.3.1/thumb/v7e-m+fp/hard/crtbegin.o
 .text.CE_Disable
                0x08000e28       0x14 build/NRF24L01.o
 .text.CS_Select
                0x08000e3c       0x14 build/NRF24L01.o
 .text.CS_UnSelect
                0x08000e50       0x14 build/NRF24L01.o
 .text.CE_Enable
                0x08000e64       0x14 build/NRF24L01.o
 .text.nrf24_writeMulti
                0x08000e78       0x44 build/NRF24L01.o
 .text.nrf24_write
                0x08000ebc       0x34 build/NRF24L01.o
 .text.nrf24_reset
                0x08000ef0      0x18c build/NRF24L01.o
 .text.nrf24_send_cmd
                0x0800107c       0x2c build/NRF24L01.o
 .text.nrf24_read
                0x080010a8       0x40 build/NRF24L01.o
 .text.nrf24_init
                0x080010e8       0x6a build/NRF24L01.o
                0x080010e8                nrf24_init
 .text.flush_tx_fifo
                0x08001152       0x16 build/NRF24L01.o
                0x08001152                flush_tx_fifo
 .text.flush_rx_fifo
                0x08001168       0x16 build/NRF24L01.o
                0x08001168                flush_rx_fifo
 .text.nrf24_TxRxMode
                0x0800117e       0xa8 build/NRF24L01.o
                0x0800117e                nrf24_TxRxMode
 .text.nrf24_RxMode
                0x08001226       0x1e build/NRF24L01.o
                0x08001226                nrf24_RxMode
 .text.nrf24_check_data_available
                0x08001244       0x40 build/NRF24L01.o
                0x08001244                nrf24_check_data_available
 .text.nrf24_receive
                0x08001284       0x5c build/NRF24L01.o
                0x08001284                nrf24_receive
 .text.writeRegisters
                0x080012e0       0x58 build/bmp581.o
                0x080012e0                writeRegisters
 .text.readRegisters
                0x08001338       0x68 build/bmp581.o
                0x08001338                readRegisters
 .text.usDelay  0x080013a0        0x8 build/bmp581.o
                0x080013a0                usDelay
 .text.init     0x080013a8       0x48 build/bmp581.o
                0x080013a8                init
 .text.setMode  0x080013f0       0x10 build/bmp581.o
                0x080013f0                setMode
 .text.enablePress
                0x08001400       0x18 build/bmp581.o
                0x08001400                enablePress
 .text.begin    0x08001418       0x24 build/bmp581.o
                0x08001418                begin
 .text.beginSPI
                0x0800143c       0x18 build/bmp581.o
                0x0800143c                beginSPI
 .text.getSensorData
                0x08001454       0x14 build/bmp581.o
                0x08001454                getSensorData
 .text.calcAltitude
                0x08001468       0x64 build/bmp581.o
                0x08001468                calcAltitude
 .text.bno055_writeData
                0x080014cc       0x28 build/bno055.o
 .text.bno055_setPage
                0x080014f4        0xc build/bno055.o
 .text.bno055_readData
                0x08001500       0x48 build/bno055.o
 .text.bno055_delay
                0x08001548        0x8 build/bno055.o
 .text.bno055_assignI2C
                0x08001550        0xc build/bno055.o
                0x08001550                bno055_assignI2C
 .text.bno055_setOperationMode
                0x0800155c       0x22 build/bno055.o
                0x0800155c                bno055_setOperationMode
 .text.bno055_setOperationModeConfig
                0x0800157e        0xa build/bno055.o
                0x0800157e                bno055_setOperationModeConfig
 .text.bno055_setOperationModeNDOF
                0x08001588        0xa build/bno055.o
                0x08001588                bno055_setOperationModeNDOF
 .text.bno055_reset
                0x08001592       0x18 build/bno055.o
                0x08001592                bno055_reset
 *fill*         0x080015aa        0x2 
 .text.bno055_setup
                0x080015ac       0x5c build/bno055.o
                0x080015ac                bno055_setup
 .text._write   0x08001608       0x1e build/redirect.o
                0x08001608                _write
 *fill*         0x08001626        0x2 
 .text.HAL_MspInit
                0x08001628       0x38 build/stm32f4xx_hal_msp.o
                0x08001628                HAL_MspInit
 .text.HAL_I2C_MspInit
                0x08001660       0x70 build/stm32f4xx_hal_msp.o
                0x08001660                HAL_I2C_MspInit
 .text.HAL_SD_MspInit
                0x080016d0      0x198 build/stm32f4xx_hal_msp.o
                0x080016d0                HAL_SD_MspInit
 .text.HAL_SPI_MspInit
                0x08001868       0xc4 build/stm32f4xx_hal_msp.o
                0x08001868                HAL_SPI_MspInit
 .text.HAL_SPI_MspDeInit
                0x0800192c       0x50 build/stm32f4xx_hal_msp.o
                0x0800192c                HAL_SPI_MspDeInit
 .text.HAL_UART_MspInit
                0x0800197c      0x13c build/stm32f4xx_hal_msp.o
                0x0800197c                HAL_UART_MspInit
 .text.NMI_Handler
                0x08001ab8        0x2 build/stm32f4xx_it.o
                0x08001ab8                NMI_Handler
 .text.HardFault_Handler
                0x08001aba        0x2 build/stm32f4xx_it.o
                0x08001aba                HardFault_Handler
 .text.MemManage_Handler
                0x08001abc        0x2 build/stm32f4xx_it.o
                0x08001abc                MemManage_Handler
 .text.BusFault_Handler
                0x08001abe        0x2 build/stm32f4xx_it.o
                0x08001abe                BusFault_Handler
 .text.UsageFault_Handler
                0x08001ac0        0x2 build/stm32f4xx_it.o
                0x08001ac0                UsageFault_Handler
 .text.SVC_Handler
                0x08001ac2        0x2 build/stm32f4xx_it.o
                0x08001ac2                SVC_Handler
 .text.DebugMon_Handler
                0x08001ac4        0x2 build/stm32f4xx_it.o
                0x08001ac4                DebugMon_Handler
 .text.PendSV_Handler
                0x08001ac6        0x2 build/stm32f4xx_it.o
                0x08001ac6                PendSV_Handler
 .text.SysTick_Handler
                0x08001ac8        0x8 build/stm32f4xx_it.o
                0x08001ac8                SysTick_Handler
 .text.DMA1_Stream5_IRQHandler
                0x08001ad0       0x10 build/stm32f4xx_it.o
                0x08001ad0                DMA1_Stream5_IRQHandler
 .text.DMA1_Stream6_IRQHandler
                0x08001ae0       0x10 build/stm32f4xx_it.o
                0x08001ae0                DMA1_Stream6_IRQHandler
 .text.SDIO_IRQHandler
                0x08001af0       0x10 build/stm32f4xx_it.o
                0x08001af0                SDIO_IRQHandler
 .text.DMA2_Stream3_IRQHandler
                0x08001b00       0x10 build/stm32f4xx_it.o
                0x08001b00                DMA2_Stream3_IRQHandler
 .text.OTG_FS_IRQHandler
                0x08001b10       0x10 build/stm32f4xx_it.o
                0x08001b10                OTG_FS_IRQHandler
 .text.DMA2_Stream6_IRQHandler
                0x08001b20       0x10 build/stm32f4xx_it.o
                0x08001b20                DMA2_Stream6_IRQHandler
 .text._getpid  0x08001b30        0x4 build/syscalls.o
                0x08001b30                _getpid
 .text._kill    0x08001b34       0x10 build/syscalls.o
                0x08001b34                _kill
 .text._exit    0x08001b44        0xc build/syscalls.o
                0x08001b44                _exit
 .text._read    0x08001b50       0x20 build/syscalls.o
                0x08001b50                _read
 .text._close   0x08001b70        0x6 build/syscalls.o
                0x08001b70                _close
 .text._fstat   0x08001b76        0xa build/syscalls.o
                0x08001b76                _fstat
 .text._isatty  0x08001b80        0x4 build/syscalls.o
                0x08001b80                _isatty
 .text._lseek   0x08001b84        0x4 build/syscalls.o
                0x08001b84                _lseek
 .text._sbrk    0x08001b88       0x48 build/sysmem.o
                0x08001b88                _sbrk
 .text.SystemInit
                0x08001bd0       0x14 build/system_stm32f4xx.o
                0x08001bd0                SystemInit
 .text.uart1_transmit
                0x08001be4       0x14 build/uart.o
                0x08001be4                uart1_transmit
 .text.usb_transmit
                0x08001bf8        0x8 build/usb_com.o
                0x08001bf8                usb_transmit
 .text.MX_SDIO_SD_Init
                0x08001c00       0x20 build/init.o
 .text.MX_GPIO_Init
                0x08001c20      0x154 build/init.o
 .text.MX_DMA_Init
                0x08001d74       0x78 build/init.o
 .text.Error_Handler
                0x08001dec        0x4 build/init.o
                0x08001dec                Error_Handler
 .text.SystemClock_Config
                0x08001df0       0xa4 build/init.o
 .text.MX_I2C2_Init
                0x08001e94       0x38 build/init.o
 .text.MX_SPI3_Init
                0x08001ecc       0x40 build/init.o
 .text.MX_SPI1_Init
                0x08001f0c       0x40 build/init.o
 .text.MX_USART2_UART_Init
                0x08001f4c       0x34 build/init.o
 .text.MX_USART1_UART_Init
                0x08001f80       0x34 build/init.o
 .text.stm32_init
                0x08001fb4       0x34 build/init.o
                0x08001fb4                stm32_init
 .text.HAL_InitTick
                0x08001fe8       0x4c build/stm32f4xx_hal.o
                0x08001fe8                HAL_InitTick
 .text.HAL_Init
                0x08002034       0x34 build/stm32f4xx_hal.o
                0x08002034                HAL_Init
 .text.HAL_IncTick
                0x08002068       0x18 build/stm32f4xx_hal.o
                0x08002068                HAL_IncTick
 .text.HAL_GetTick
                0x08002080        0xc build/stm32f4xx_hal.o
                0x08002080                HAL_GetTick
 .text.HAL_Delay
                0x0800208c       0x28 build/stm32f4xx_hal.o
                0x0800208c                HAL_Delay
 .text.__NVIC_EnableIRQ
                0x080020b4       0x1c build/stm32f4xx_hal_cortex.o
 .text.__NVIC_SetPriority
                0x080020d0       0x28 build/stm32f4xx_hal_cortex.o
 .text.NVIC_EncodePriority
                0x080020f8       0x3e build/stm32f4xx_hal_cortex.o
 *fill*         0x08002136        0x2 
 .text.HAL_NVIC_SetPriorityGrouping
                0x08002138       0x24 build/stm32f4xx_hal_cortex.o
                0x08002138                HAL_NVIC_SetPriorityGrouping
 .text.HAL_NVIC_SetPriority
                0x0800215c       0x20 build/stm32f4xx_hal_cortex.o
                0x0800215c                HAL_NVIC_SetPriority
 .text.HAL_NVIC_EnableIRQ
                0x0800217c        0x8 build/stm32f4xx_hal_cortex.o
                0x0800217c                HAL_NVIC_EnableIRQ
 .text.HAL_SYSTICK_Config
                0x08002184       0x28 build/stm32f4xx_hal_cortex.o
                0x08002184                HAL_SYSTICK_Config
 .text.DMA_SetConfig
                0x080021ac       0x2c build/stm32f4xx_hal_dma.o
 .text.DMA_CalcBaseAndBitshift
                0x080021d8       0x3c build/stm32f4xx_hal_dma.o
 .text.DMA_CheckFifoParam
                0x08002214       0x8e build/stm32f4xx_hal_dma.o
 *fill*         0x080022a2        0x2 
 .text.HAL_DMA_Init
                0x080022a4       0xcc build/stm32f4xx_hal_dma.o
                0x080022a4                HAL_DMA_Init
 .text.HAL_DMA_Start_IT
                0x08002370       0x6a build/stm32f4xx_hal_dma.o
                0x08002370                HAL_DMA_Start_IT
 .text.HAL_DMA_Abort_IT
                0x080023da       0x26 build/stm32f4xx_hal_dma.o
                0x080023da                HAL_DMA_Abort_IT
 .text.HAL_DMA_IRQHandler
                0x08002400      0x1dc build/stm32f4xx_hal_dma.o
                0x08002400                HAL_DMA_IRQHandler
 .text.HAL_GPIO_Init
                0x080025dc      0x1ec build/stm32f4xx_hal_gpio.o
                0x080025dc                HAL_GPIO_Init
 .text.HAL_GPIO_DeInit
                0x080027c8      0x134 build/stm32f4xx_hal_gpio.o
                0x080027c8                HAL_GPIO_DeInit
 .text.HAL_GPIO_ReadPin
                0x080028fc        0xe build/stm32f4xx_hal_gpio.o
                0x080028fc                HAL_GPIO_ReadPin
 .text.HAL_GPIO_WritePin
                0x0800290a        0xc build/stm32f4xx_hal_gpio.o
                0x0800290a                HAL_GPIO_WritePin
 .text.I2C_IsAcknowledgeFailed
                0x08002916       0x32 build/stm32f4xx_hal_i2c.o
 .text.I2C_WaitOnFlagUntilTimeout
                0x08002948       0xaa build/stm32f4xx_hal_i2c.o
 .text.I2C_WaitOnMasterAddressFlagUntilTimeout
                0x080029f2       0xd6 build/stm32f4xx_hal_i2c.o
 .text.I2C_MasterRequestWrite
                0x08002ac8       0xb4 build/stm32f4xx_hal_i2c.o
 .text.I2C_MasterRequestRead
                0x08002b7c      0x120 build/stm32f4xx_hal_i2c.o
 .text.I2C_WaitOnTXEFlagUntilTimeout
                0x08002c9c       0x5e build/stm32f4xx_hal_i2c.o
 .text.I2C_WaitOnBTFFlagUntilTimeout
                0x08002cfa       0x5e build/stm32f4xx_hal_i2c.o
 .text.I2C_WaitOnRXNEFlagUntilTimeout
                0x08002d58       0x78 build/stm32f4xx_hal_i2c.o
 .text.HAL_I2C_Init
                0x08002dd0      0x1bc build/stm32f4xx_hal_i2c.o
                0x08002dd0                HAL_I2C_Init
 .text.HAL_I2C_Master_Transmit
                0x08002f8c      0x178 build/stm32f4xx_hal_i2c.o
                0x08002f8c                HAL_I2C_Master_Transmit
 .text.HAL_I2C_Master_Receive
                0x08003104      0x2fc build/stm32f4xx_hal_i2c.o
                0x08003104                HAL_I2C_Master_Receive
 .text.PCD_WriteEmptyTxFifo
                0x08003400       0xd0 build/stm32f4xx_hal_pcd.o
 .text.HAL_PCD_Init
                0x080034d0      0x102 build/stm32f4xx_hal_pcd.o
                0x080034d0                HAL_PCD_Init
 .text.HAL_PCD_Start
                0x080035d2       0x44 build/stm32f4xx_hal_pcd.o
                0x080035d2                HAL_PCD_Start
 *fill*         0x08003616        0x2 
 .text.PCD_EP_OutXfrComplete_int
                0x08003618      0x104 build/stm32f4xx_hal_pcd.o
 .text.PCD_EP_OutSetupPacket_int
                0x0800371c       0x50 build/stm32f4xx_hal_pcd.o
 .text.HAL_PCD_SetAddress
                0x0800376c       0x26 build/stm32f4xx_hal_pcd.o
                0x0800376c                HAL_PCD_SetAddress
 .text.HAL_PCD_EP_Open
                0x08003792       0x8c build/stm32f4xx_hal_pcd.o
                0x08003792                HAL_PCD_EP_Open
 .text.HAL_PCD_EP_Close
                0x0800381e       0x70 build/stm32f4xx_hal_pcd.o
                0x0800381e                HAL_PCD_EP_Close
 .text.HAL_PCD_EP_Receive
                0x0800388e       0x4a build/stm32f4xx_hal_pcd.o
                0x0800388e                HAL_PCD_EP_Receive
 .text.HAL_PCD_EP_GetRxCount
                0x080038d8       0x12 build/stm32f4xx_hal_pcd.o
                0x080038d8                HAL_PCD_EP_GetRxCount
 .text.HAL_PCD_EP_Transmit
                0x080038ea       0x4a build/stm32f4xx_hal_pcd.o
                0x080038ea                HAL_PCD_EP_Transmit
 .text.HAL_PCD_EP_SetStall
                0x08003934       0x86 build/stm32f4xx_hal_pcd.o
                0x08003934                HAL_PCD_EP_SetStall
 .text.HAL_PCD_EP_ClrStall
                0x080039ba       0x74 build/stm32f4xx_hal_pcd.o
                0x080039ba                HAL_PCD_EP_ClrStall
 .text.HAL_PCD_EP_Abort
                0x08003a2e       0x34 build/stm32f4xx_hal_pcd.o
                0x08003a2e                HAL_PCD_EP_Abort
 .text.HAL_PCD_IRQHandler
                0x08003a62      0x5c0 build/stm32f4xx_hal_pcd.o
                0x08003a62                HAL_PCD_IRQHandler
 .text.HAL_PCDEx_SetTxFiFo
                0x08004022       0x4c build/stm32f4xx_hal_pcd_ex.o
                0x08004022                HAL_PCDEx_SetTxFiFo
 .text.HAL_PCDEx_SetRxFiFo
                0x0800406e        0x8 build/stm32f4xx_hal_pcd_ex.o
                0x0800406e                HAL_PCDEx_SetRxFiFo
 .text.HAL_PCDEx_LPM_Callback
                0x08004076        0x2 build/stm32f4xx_hal_pcd_ex.o
                0x08004076                HAL_PCDEx_LPM_Callback
 .text.HAL_RCC_OscConfig
                0x08004078      0x3f8 build/stm32f4xx_hal_rcc.o
                0x08004078                HAL_RCC_OscConfig
 .text.HAL_RCC_GetSysClockFreq
                0x08004470       0xdc build/stm32f4xx_hal_rcc.o
                0x08004470                HAL_RCC_GetSysClockFreq
 .text.HAL_RCC_ClockConfig
                0x0800454c      0x160 build/stm32f4xx_hal_rcc.o
                0x0800454c                HAL_RCC_ClockConfig
 .text.HAL_RCC_GetHCLKFreq
                0x080046ac        0xc build/stm32f4xx_hal_rcc.o
                0x080046ac                HAL_RCC_GetHCLKFreq
 .text.HAL_RCC_GetPCLK1Freq
                0x080046b8       0x20 build/stm32f4xx_hal_rcc.o
                0x080046b8                HAL_RCC_GetPCLK1Freq
 .text.HAL_RCC_GetPCLK2Freq
                0x080046d8       0x20 build/stm32f4xx_hal_rcc.o
                0x080046d8                HAL_RCC_GetPCLK2Freq
 .text.SD_PowerON
                0x080046f8       0xc0 build/stm32f4xx_hal_sd.o
 .text.SD_Read_IT
                0x080047b8       0x38 build/stm32f4xx_hal_sd.o
 .text.SD_Write_IT
                0x080047f0       0x48 build/stm32f4xx_hal_sd.o
 .text.SD_SendStatus
                0x08004838       0x2c build/stm32f4xx_hal_sd.o
 .text.HAL_SD_ReadBlocks
                0x08004864      0x250 build/stm32f4xx_hal_sd.o
                0x08004864                HAL_SD_ReadBlocks
 .text.HAL_SD_WriteBlocks
                0x08004ab4      0x20c build/stm32f4xx_hal_sd.o
                0x08004ab4                HAL_SD_WriteBlocks
 .text.HAL_SD_ErrorCallback
                0x08004cc0        0x2 build/stm32f4xx_hal_sd.o
                0x08004cc0                HAL_SD_ErrorCallback
 *fill*         0x08004cc2        0x2 
 .text.HAL_SD_GetCardCSD
                0x08004cc4      0x1b8 build/stm32f4xx_hal_sd.o
                0x08004cc4                HAL_SD_GetCardCSD
 .text.SD_InitCard
                0x08004e7c      0x100 build/stm32f4xx_hal_sd.o
 .text.HAL_SD_InitCard
                0x08004f7c       0xa8 build/stm32f4xx_hal_sd.o
                0x08004f7c                HAL_SD_InitCard
 .text.HAL_SD_Init
                0x08005024       0x36 build/stm32f4xx_hal_sd.o
                0x08005024                HAL_SD_Init
 .text.HAL_SD_GetCardInfo
                0x0800505a       0x24 build/stm32f4xx_hal_sd.o
                0x0800505a                HAL_SD_GetCardInfo
 .text.HAL_SD_GetCardState
                0x0800507e       0x22 build/stm32f4xx_hal_sd.o
                0x0800507e                HAL_SD_GetCardState
 .text.SD_DMATxAbort
                0x080050a0       0x44 build/stm32f4xx_hal_sd.o
 .text.SD_DMARxAbort
                0x080050e4       0x44 build/stm32f4xx_hal_sd.o
 .text.HAL_SD_IRQHandler
                0x08005128      0x1e0 build/stm32f4xx_hal_sd.o
                0x08005128                HAL_SD_IRQHandler
 .text.SPI_WaitFlagStateUntilTimeout
                0x08005308       0xc8 build/stm32f4xx_hal_spi.o
 .text.SPI_EndRxTxTransaction
                0x080053d0       0x80 build/stm32f4xx_hal_spi.o
 .text.SPI_EndRxTransaction
                0x08005450       0x8c build/stm32f4xx_hal_spi.o
 .text.HAL_SPI_Init
                0x080054dc       0xbe build/stm32f4xx_hal_spi.o
                0x080054dc                HAL_SPI_Init
 .text.HAL_SPI_DeInit
                0x0800559a       0x2c build/stm32f4xx_hal_spi.o
                0x0800559a                HAL_SPI_DeInit
 .text.HAL_SPI_Transmit
                0x080055c6      0x1c4 build/stm32f4xx_hal_spi.o
                0x080055c6                HAL_SPI_Transmit
 .text.HAL_SPI_TransmitReceive
                0x0800578a      0x254 build/stm32f4xx_hal_spi.o
                0x0800578a                HAL_SPI_TransmitReceive
 .text.HAL_SPI_Receive
                0x080059de      0x188 build/stm32f4xx_hal_spi.o
                0x080059de                HAL_SPI_Receive
 .text.UART_EndTxTransfer
                0x08005b66       0x20 build/stm32f4xx_hal_uart.o
 .text.UART_EndRxTransfer
                0x08005b86       0x5c build/stm32f4xx_hal_uart.o
 *fill*         0x08005be2        0x2 
 .text.UART_SetConfig
                0x08005be4      0x110 build/stm32f4xx_hal_uart.o
 .text.UART_WaitOnFlagUntilTimeout
                0x08005cf4       0x86 build/stm32f4xx_hal_uart.o
 .text.HAL_UART_Init
                0x08005d7a       0x60 build/stm32f4xx_hal_uart.o
                0x08005d7a                HAL_UART_Init
 .text.HAL_UART_Transmit
                0x08005dda       0xcc build/stm32f4xx_hal_uart.o
                0x08005dda                HAL_UART_Transmit
 .text.HAL_UART_RxCpltCallback
                0x08005ea6        0x2 build/stm32f4xx_hal_uart.o
                0x08005ea6                HAL_UART_RxCpltCallback
 .text.HAL_UART_RxHalfCpltCallback
                0x08005ea8        0x2 build/stm32f4xx_hal_uart.o
                0x08005ea8                HAL_UART_RxHalfCpltCallback
 .text.HAL_UART_ErrorCallback
                0x08005eaa        0x2 build/stm32f4xx_hal_uart.o
                0x08005eaa                HAL_UART_ErrorCallback
 .text.UART_DMAError
                0x08005eac       0x58 build/stm32f4xx_hal_uart.o
 .text.UART_DMARxHalfCplt
                0x08005f04       0x1e build/stm32f4xx_hal_uart.o
 .text.UART_DMAReceiveCplt
                0x08005f22       0x9a build/stm32f4xx_hal_uart.o
 .text.UART_Start_Receive_DMA
                0x08005fbc       0xa4 build/stm32f4xx_hal_uart.o
                0x08005fbc                UART_Start_Receive_DMA
 .text.HAL_UARTEx_ReceiveToIdle_DMA
                0x08006060       0x66 build/stm32f4xx_hal_uart.o
                0x08006060                HAL_UARTEx_ReceiveToIdle_DMA
 *fill*         0x080060c6        0x2 
 .text.SDMMC_GetCmdError
                0x080060c8       0x38 build/stm32f4xx_ll_sdmmc.o
 .text.SDIO_Init
                0x08006100       0x32 build/stm32f4xx_ll_sdmmc.o
                0x08006100                SDIO_Init
 .text.SDIO_ReadFIFO
                0x08006132        0x6 build/stm32f4xx_ll_sdmmc.o
                0x08006132                SDIO_ReadFIFO
 .text.SDIO_WriteFIFO
                0x08006138        0xa build/stm32f4xx_ll_sdmmc.o
                0x08006138                SDIO_WriteFIFO
 .text.SDIO_PowerState_ON
                0x08006142        0x8 build/stm32f4xx_ll_sdmmc.o
                0x08006142                SDIO_PowerState_ON
 .text.SDIO_GetPowerState
                0x0800614a        0x8 build/stm32f4xx_ll_sdmmc.o
                0x0800614a                SDIO_GetPowerState
 .text.SDIO_SendCommand
                0x08006152       0x20 build/stm32f4xx_ll_sdmmc.o
                0x08006152                SDIO_SendCommand
 .text.SDIO_GetCommandResponse
                0x08006172        0x6 build/stm32f4xx_ll_sdmmc.o
                0x08006172                SDIO_GetCommandResponse
 .text.SDIO_GetResponse
                0x08006178        0x6 build/stm32f4xx_ll_sdmmc.o
                0x08006178                SDIO_GetResponse
 .text.SDIO_ConfigData
                0x0800617e       0x24 build/stm32f4xx_ll_sdmmc.o
                0x0800617e                SDIO_ConfigData
 .text.SDMMC_CmdGoIdleState
                0x080061a2       0x26 build/stm32f4xx_ll_sdmmc.o
                0x080061a2                SDMMC_CmdGoIdleState
 .text.SDMMC_GetCmdResp1
                0x080061c8      0x154 build/stm32f4xx_ll_sdmmc.o
                0x080061c8                SDMMC_GetCmdResp1
 .text.SDMMC_CmdBlockLength
                0x0800631c       0x30 build/stm32f4xx_ll_sdmmc.o
                0x0800631c                SDMMC_CmdBlockLength
 .text.SDMMC_CmdReadSingleBlock
                0x0800634c       0x30 build/stm32f4xx_ll_sdmmc.o
                0x0800634c                SDMMC_CmdReadSingleBlock
 .text.SDMMC_CmdReadMultiBlock
                0x0800637c       0x30 build/stm32f4xx_ll_sdmmc.o
                0x0800637c                SDMMC_CmdReadMultiBlock
 .text.SDMMC_CmdWriteSingleBlock
                0x080063ac       0x30 build/stm32f4xx_ll_sdmmc.o
                0x080063ac                SDMMC_CmdWriteSingleBlock
 .text.SDMMC_CmdWriteMultiBlock
                0x080063dc       0x30 build/stm32f4xx_ll_sdmmc.o
                0x080063dc                SDMMC_CmdWriteMultiBlock
 .text.SDMMC_CmdStopTransfer
                0x0800640c       0x34 build/stm32f4xx_ll_sdmmc.o
                0x0800640c                SDMMC_CmdStopTransfer
 .text.SDMMC_CmdSelDesel
                0x08006440       0x30 build/stm32f4xx_ll_sdmmc.o
                0x08006440                SDMMC_CmdSelDesel
 .text.SDMMC_CmdAppCommand
                0x08006470       0x30 build/stm32f4xx_ll_sdmmc.o
                0x08006470                SDMMC_CmdAppCommand
 .text.SDMMC_CmdSendStatus
                0x080064a0       0x30 build/stm32f4xx_ll_sdmmc.o
                0x080064a0                SDMMC_CmdSendStatus
 .text.SDMMC_GetCmdResp2
                0x080064d0       0x5c build/stm32f4xx_ll_sdmmc.o
                0x080064d0                SDMMC_GetCmdResp2
 .text.SDMMC_CmdSendCID
                0x0800652c       0x2a build/stm32f4xx_ll_sdmmc.o
                0x0800652c                SDMMC_CmdSendCID
 .text.SDMMC_CmdSendCSD
                0x08006556       0x2a build/stm32f4xx_ll_sdmmc.o
                0x08006556                SDMMC_CmdSendCSD
 .text.SDMMC_GetCmdResp3
                0x08006580       0x4c build/stm32f4xx_ll_sdmmc.o
                0x08006580                SDMMC_GetCmdResp3
 .text.SDMMC_CmdAppOperCommand
                0x080065cc       0x32 build/stm32f4xx_ll_sdmmc.o
                0x080065cc                SDMMC_CmdAppOperCommand
 *fill*         0x080065fe        0x2 
 .text.SDMMC_GetCmdResp6
                0x08006600       0xa0 build/stm32f4xx_ll_sdmmc.o
                0x08006600                SDMMC_GetCmdResp6
 .text.SDMMC_CmdSetRelAdd
                0x080066a0       0x30 build/stm32f4xx_ll_sdmmc.o
                0x080066a0                SDMMC_CmdSetRelAdd
 .text.SDMMC_GetCmdResp7
                0x080066d0       0x64 build/stm32f4xx_ll_sdmmc.o
                0x080066d0                SDMMC_GetCmdResp7
 .text.SDMMC_CmdOperCond
                0x08006734       0x2e build/stm32f4xx_ll_sdmmc.o
                0x08006734                SDMMC_CmdOperCond
 .text.USB_CoreReset
                0x08006762       0x4a build/stm32f4xx_ll_usb.o
 .text.USB_CoreInit
                0x080067ac       0x92 build/stm32f4xx_ll_usb.o
                0x080067ac                USB_CoreInit
 *fill*         0x0800683e        0x2 
 .text.USB_SetTurnaroundTime
                0x08006840       0xe4 build/stm32f4xx_ll_usb.o
                0x08006840                USB_SetTurnaroundTime
 .text.USB_EnableGlobalInt
                0x08006924        0xc build/stm32f4xx_ll_usb.o
                0x08006924                USB_EnableGlobalInt
 .text.USB_DisableGlobalInt
                0x08006930        0xc build/stm32f4xx_ll_usb.o
                0x08006930                USB_DisableGlobalInt
 .text.USB_FlushTxFifo
                0x0800693c       0x4a build/stm32f4xx_ll_usb.o
                0x0800693c                USB_FlushTxFifo
 .text.USB_FlushRxFifo
                0x08006986       0x46 build/stm32f4xx_ll_usb.o
                0x08006986                USB_FlushRxFifo
 .text.USB_SetDevSpeed
                0x080069cc        0xe build/stm32f4xx_ll_usb.o
                0x080069cc                USB_SetDevSpeed
 *fill*         0x080069da        0x2 
 .text.USB_DevInit
                0x080069dc      0x194 build/stm32f4xx_ll_usb.o
                0x080069dc                USB_DevInit
 .text.USB_GetDevSpeed
                0x08006b70       0x22 build/stm32f4xx_ll_usb.o
                0x08006b70                USB_GetDevSpeed
 .text.USB_ActivateEndpoint
                0x08006b92       0x9a build/stm32f4xx_ll_usb.o
                0x08006b92                USB_ActivateEndpoint
 .text.USB_DeactivateEndpoint
                0x08006c2c       0xe0 build/stm32f4xx_ll_usb.o
                0x08006c2c                USB_DeactivateEndpoint
 .text.USB_EPStopXfer
                0x08006d0c       0xbe build/stm32f4xx_ll_usb.o
                0x08006d0c                USB_EPStopXfer
 .text.USB_WritePacket
                0x08006dca       0x2e build/stm32f4xx_ll_usb.o
                0x08006dca                USB_WritePacket
 .text.USB_EPStartXfer
                0x08006df8      0x244 build/stm32f4xx_ll_usb.o
                0x08006df8                USB_EPStartXfer
 .text.USB_ReadPacket
                0x0800703c       0x46 build/stm32f4xx_ll_usb.o
                0x0800703c                USB_ReadPacket
 .text.USB_EPSetStall
                0x08007082       0x5a build/stm32f4xx_ll_usb.o
                0x08007082                USB_EPSetStall
 .text.USB_EPClearStall
                0x080070dc       0x5c build/stm32f4xx_ll_usb.o
                0x080070dc                USB_EPClearStall
 .text.USB_SetDevAddress
                0x08007138       0x20 build/stm32f4xx_ll_usb.o
                0x08007138                USB_SetDevAddress
 .text.USB_DevConnect
                0x08007158       0x1c build/stm32f4xx_ll_usb.o
                0x08007158                USB_DevConnect
 .text.USB_DevDisconnect
                0x08007174       0x1c build/stm32f4xx_ll_usb.o
                0x08007174                USB_DevDisconnect
 .text.USB_ReadInterrupts
                0x08007190        0x8 build/stm32f4xx_ll_usb.o
                0x08007190                USB_ReadInterrupts
 .text.USB_ReadDevAllOutEpInterrupt
                0x08007198       0x10 build/stm32f4xx_ll_usb.o
                0x08007198                USB_ReadDevAllOutEpInterrupt
 .text.USB_ReadDevAllInEpInterrupt
                0x080071a8       0x10 build/stm32f4xx_ll_usb.o
                0x080071a8                USB_ReadDevAllInEpInterrupt
 .text.USB_ReadDevOutEPInterrupt
                0x080071b8       0x12 build/stm32f4xx_ll_usb.o
                0x080071b8                USB_ReadDevOutEPInterrupt
 .text.USB_ReadDevInEPInterrupt
                0x080071ca       0x24 build/stm32f4xx_ll_usb.o
                0x080071ca                USB_ReadDevInEPInterrupt
 .text.USB_GetMode
                0x080071ee        0x8 build/stm32f4xx_ll_usb.o
                0x080071ee                USB_GetMode
 .text.USB_SetCurrentMode
                0x080071f6       0x62 build/stm32f4xx_ll_usb.o
                0x080071f6                USB_SetCurrentMode
 .text.USB_ActivateSetup
                0x08007258       0x1c build/stm32f4xx_ll_usb.o
                0x08007258                USB_ActivateSetup
 .text.USB_EP0_OutStart
                0x08007274       0x60 build/stm32f4xx_ll_usb.o
                0x08007274                USB_EP0_OutStart
 .text.null_ptr_check
                0x080072d4       0x2a build/bmp5.o
 .text.validate_chip_id
                0x080072fe       0x10 build/bmp5.o
 .text.bmp5_get_regs
                0x0800730e       0x48 build/bmp5.o
                0x0800730e                bmp5_get_regs
 .text.get_nvm_status
                0x08007356       0x18 build/bmp5.o
 .text.bmp5_set_regs
                0x0800736e       0x72 build/bmp5.o
                0x0800736e                bmp5_set_regs
 .text.set_deep_standby_mode
                0x080073e0       0xa2 build/bmp5.o
 .text.set_power_mode
                0x08007482       0x4a build/bmp5.o
 .text.bmp5_soft_reset
                0x080074cc       0x44 build/bmp5.o
                0x080074cc                bmp5_soft_reset
 .text.bmp5_get_interrupt_status
                0x08007510       0x18 build/bmp5.o
                0x08007510                bmp5_get_interrupt_status
 .text.power_up_check
                0x08007528       0x44 build/bmp5.o
 .text.bmp5_init
                0x0800756c       0x66 build/bmp5.o
                0x0800756c                bmp5_init
 *fill*         0x080075d2        0x2 
 .text.bmp5_get_sensor_data
                0x080075d4       0x88 build/bmp5.o
                0x080075d4                bmp5_get_sensor_data
 .text.bmp5_get_osr_odr_press_config
                0x0800765c       0x40 build/bmp5.o
                0x0800765c                bmp5_get_osr_odr_press_config
 .text.bmp5_get_iir_config
                0x0800769c       0x44 build/bmp5.o
                0x0800769c                bmp5_get_iir_config
 .text.check_deepstandby_mode
                0x080076e0       0x66 build/bmp5.o
 .text.bmp5_get_power_mode
                0x08007746       0x62 build/bmp5.o
                0x08007746                bmp5_get_power_mode
 .text.bmp5_set_power_mode
                0x080077a8       0x6a build/bmp5.o
                0x080077a8                bmp5_set_power_mode
 .text.set_standby_mode
                0x08007812       0x28 build/bmp5.o
 .text.bmp5_set_osr_odr_press_config
                0x0800783a       0x9c build/bmp5.o
                0x0800783a                bmp5_set_osr_odr_press_config
 *fill*         0x080078d6        0x2 
 .text.MX_FATFS_Init
                0x080078d8       0x1c build/fatfs.o
                0x080078d8                MX_FATFS_Init
 .text.BSP_SD_ReadBlocks
                0x080078f4       0x20 build/bsp_driver_sd.o
                0x080078f4                BSP_SD_ReadBlocks
 .text.BSP_SD_WriteBlocks
                0x08007914       0x20 build/bsp_driver_sd.o
                0x08007914                BSP_SD_WriteBlocks
 .text.BSP_SD_GetCardState
                0x08007934       0x14 build/bsp_driver_sd.o
                0x08007934                BSP_SD_GetCardState
 .text.BSP_SD_GetCardInfo
                0x08007948       0x10 build/bsp_driver_sd.o
                0x08007948                BSP_SD_GetCardInfo
 .text.BSP_SD_AbortCallback
                0x08007958        0x2 build/bsp_driver_sd.o
                0x08007958                BSP_SD_AbortCallback
 .text.HAL_SD_AbortCallback
                0x0800795a        0x8 build/bsp_driver_sd.o
                0x0800795a                HAL_SD_AbortCallback
 .text.BSP_SD_WriteCpltCallback
                0x08007962        0x2 build/bsp_driver_sd.o
                0x08007962                BSP_SD_WriteCpltCallback
 .text.HAL_SD_TxCpltCallback
                0x08007964        0x8 build/bsp_driver_sd.o
                0x08007964                HAL_SD_TxCpltCallback
 .text.BSP_SD_ReadCpltCallback
                0x0800796c        0x2 build/bsp_driver_sd.o
                0x0800796c                BSP_SD_ReadCpltCallback
 .text.HAL_SD_RxCpltCallback
                0x0800796e        0x8 build/bsp_driver_sd.o
                0x0800796e                HAL_SD_RxCpltCallback
 .text.BSP_SD_IsDetected
                0x08007976       0x20 build/bsp_driver_sd.o
                0x08007976                BSP_SD_IsDetected
 *fill*         0x08007996        0x2 
 .text.BSP_SD_Init
                0x08007998       0x1c build/bsp_driver_sd.o
                0x08007998                BSP_SD_Init
 .text.BSP_PlatformIsDetected
                0x080079b4       0x18 build/fatfs_platform.o
                0x080079b4                BSP_PlatformIsDetected
 .text.SD_CheckStatus
                0x080079cc       0x24 build/sd_diskio.o
 .text.SD_initialize
                0x080079f0       0x28 build/sd_diskio.o
                0x080079f0                SD_initialize
 .text.SD_status
                0x08007a18        0x8 build/sd_diskio.o
                0x08007a18                SD_status
 .text.SD_read  0x08007a20       0x24 build/sd_diskio.o
                0x08007a20                SD_read
 .text.SD_write
                0x08007a44       0x24 build/sd_diskio.o
                0x08007a44                SD_write
 .text.SD_ioctl
                0x08007a68       0x58 build/sd_diskio.o
                0x08007a68                SD_ioctl
 .text.USBD_CDC_EP0_RxReady
                0x08007ac0       0x40 build/usbd_cdc.o
 .text.USBD_CDC_GetDeviceQualifierDescriptor
                0x08007b00        0xc build/usbd_cdc.o
                0x08007b00                USBD_CDC_GetDeviceQualifierDescriptor
 .text.USBD_CDC_GetOtherSpeedCfgDesc
                0x08007b0c       0x48 build/usbd_cdc.o
 .text.USBD_CDC_GetFSCfgDesc
                0x08007b54       0x48 build/usbd_cdc.o
 .text.USBD_CDC_GetHSCfgDesc
                0x08007b9c       0x48 build/usbd_cdc.o
 .text.USBD_CDC_DataOut
                0x08007be4       0x38 build/usbd_cdc.o
 .text.USBD_CDC_DataIn
                0x08007c1c       0x7c build/usbd_cdc.o
 .text.USBD_CDC_Setup
                0x08007c98      0x11a build/usbd_cdc.o
 .text.USBD_CDC_DeInit
                0x08007db2       0x64 build/usbd_cdc.o
 .text.USBD_CDC_Init
                0x08007e16       0xee build/usbd_cdc.o
 .text.USBD_CDC_RegisterInterface
                0x08007f04       0x16 build/usbd_cdc.o
                0x08007f04                USBD_CDC_RegisterInterface
 .text.USBD_CDC_SetTxBuffer
                0x08007f1a       0x1c build/usbd_cdc.o
                0x08007f1a                USBD_CDC_SetTxBuffer
 .text.USBD_CDC_SetRxBuffer
                0x08007f36       0x18 build/usbd_cdc.o
                0x08007f36                USBD_CDC_SetRxBuffer
 .text.USBD_CDC_TransmitPacket
                0x08007f4e       0x36 build/usbd_cdc.o
                0x08007f4e                USBD_CDC_TransmitPacket
 .text.USBD_CDC_ReceivePacket
                0x08007f84       0x38 build/usbd_cdc.o
                0x08007f84                USBD_CDC_ReceivePacket
 .text.USBD_Init
                0x08007fbc       0x2e build/usbd_core.o
                0x08007fbc                USBD_Init
 .text.USBD_RegisterClass
                0x08007fea       0x40 build/usbd_core.o
                0x08007fea                USBD_RegisterClass
 .text.USBD_Start
                0x0800802a        0x8 build/usbd_core.o
                0x0800802a                USBD_Start
 .text.USBD_SetClassConfig
                0x08008032       0x12 build/usbd_core.o
                0x08008032                USBD_SetClassConfig
 .text.USBD_ClrClassConfig
                0x08008044       0x12 build/usbd_core.o
                0x08008044                USBD_ClrClassConfig
 .text.USBD_LL_SetupStage
                0x08008056       0x58 build/usbd_core.o
                0x08008056                USBD_LL_SetupStage
 .text.USBD_LL_Reset
                0x080080ae       0x64 build/usbd_core.o
                0x080080ae                USBD_LL_Reset
 .text.USBD_LL_SetSpeed
                0x08008112        0x6 build/usbd_core.o
                0x08008112                USBD_LL_SetSpeed
 .text.USBD_LL_Suspend
                0x08008118       0x1e build/usbd_core.o
                0x08008118                USBD_LL_Suspend
 .text.USBD_LL_Resume
                0x08008136       0x1a build/usbd_core.o
                0x08008136                USBD_LL_Resume
 .text.USBD_LL_SOF
                0x08008150       0x22 build/usbd_core.o
                0x08008150                USBD_LL_SOF
 .text.USBD_LL_IsoINIncomplete
                0x08008172       0x2e build/usbd_core.o
                0x08008172                USBD_LL_IsoINIncomplete
 .text.USBD_LL_IsoOUTIncomplete
                0x080081a0       0x2e build/usbd_core.o
                0x080081a0                USBD_LL_IsoOUTIncomplete
 .text.USBD_LL_DevConnected
                0x080081ce        0x4 build/usbd_core.o
                0x080081ce                USBD_LL_DevConnected
 .text.USBD_LL_DevDisconnected
                0x080081d2       0x20 build/usbd_core.o
                0x080081d2                USBD_LL_DevDisconnected
 .text.USBD_CoreFindIF
                0x080081f2        0x4 build/usbd_core.o
                0x080081f2                USBD_CoreFindIF
 .text.USBD_CoreFindEP
                0x080081f6        0x4 build/usbd_core.o
                0x080081f6                USBD_CoreFindEP
 .text.USBD_LL_DataOutStage
                0x080081fa       0xc4 build/usbd_core.o
                0x080081fa                USBD_LL_DataOutStage
 .text.USBD_LL_DataInStage
                0x080082be       0xd6 build/usbd_core.o
                0x080082be                USBD_LL_DataInStage
 .text.USBD_GetNextDesc
                0x08008394        0xe build/usbd_core.o
                0x08008394                USBD_GetNextDesc
 .text.USBD_GetEpDesc
                0x080083a2       0x3e build/usbd_core.o
                0x080083a2                USBD_GetEpDesc
 .text.USBD_GetLen
                0x080083e0       0x14 build/usbd_ctlreq.o
 .text.USBD_ParseSetupRequest
                0x080083f4       0x28 build/usbd_ctlreq.o
                0x080083f4                USBD_ParseSetupRequest
 .text.USBD_CtlError
                0x0800841c       0x14 build/usbd_ctlreq.o
                0x0800841c                USBD_CtlError
 .text.USBD_GetDescriptor
                0x08008430      0x18a build/usbd_ctlreq.o
 .text.USBD_SetAddress
                0x080085ba       0x50 build/usbd_ctlreq.o
 *fill*         0x0800860a        0x2 
 .text.USBD_SetConfig
                0x0800860c       0xcc build/usbd_ctlreq.o
 .text.USBD_GetConfig
                0x080086d8       0x40 build/usbd_ctlreq.o
 .text.USBD_GetStatus
                0x08008718       0x38 build/usbd_ctlreq.o
 .text.USBD_SetFeature
                0x08008750       0x2a build/usbd_ctlreq.o
 .text.USBD_ClrFeature
                0x0800877a       0x26 build/usbd_ctlreq.o
 .text.USBD_StdDevReq
                0x080087a0       0x76 build/usbd_ctlreq.o
                0x080087a0                USBD_StdDevReq
 .text.USBD_StdItfReq
                0x08008816       0x84 build/usbd_ctlreq.o
                0x08008816                USBD_StdItfReq
 .text.USBD_StdEPReq
                0x0800889a      0x230 build/usbd_ctlreq.o
                0x0800889a                USBD_StdEPReq
 .text.USBD_GetString
                0x08008aca       0x46 build/usbd_ctlreq.o
                0x08008aca                USBD_GetString
 .text.USBD_CtlSendData
                0x08008b10       0x1a build/usbd_ioreq.o
                0x08008b10                USBD_CtlSendData
 .text.USBD_CtlContinueSendData
                0x08008b2a       0x10 build/usbd_ioreq.o
                0x08008b2a                USBD_CtlContinueSendData
 .text.USBD_CtlPrepareRx
                0x08008b3a       0x1e build/usbd_ioreq.o
                0x08008b3a                USBD_CtlPrepareRx
 .text.USBD_CtlContinueRx
                0x08008b58       0x10 build/usbd_ioreq.o
                0x08008b58                USBD_CtlContinueRx
 .text.USBD_CtlSendStatus
                0x08008b68       0x16 build/usbd_ioreq.o
                0x08008b68                USBD_CtlSendStatus
 .text.USBD_CtlReceiveStatus
                0x08008b7e       0x16 build/usbd_ioreq.o
                0x08008b7e                USBD_CtlReceiveStatus
 .text.FATFS_LinkDriverEx
                0x08008b94       0x54 build/ff_gen_drv.o
                0x08008b94                FATFS_LinkDriverEx
 .text.FATFS_LinkDriver
                0x08008be8        0xa build/ff_gen_drv.o
                0x08008be8                FATFS_LinkDriver
 *fill*         0x08008bf2        0x2 
 .text.MX_USB_DEVICE_Init
                0x08008bf4       0x54 build/usb_device.o
                0x08008bf4                MX_USB_DEVICE_Init
 .text.CDC_DeInit_FS
                0x08008c48        0x4 build/usbd_cdc_if.o
 .text.CDC_Control_FS
                0x08008c4c        0x4 build/usbd_cdc_if.o
 .text.CDC_TransmitCplt_FS
                0x08008c50        0x4 build/usbd_cdc_if.o
 .text.CDC_Receive_FS
                0x08008c54       0x1c build/usbd_cdc_if.o
 .text.CDC_Init_FS
                0x08008c70       0x28 build/usbd_cdc_if.o
 .text.CDC_Transmit_FS
                0x08008c98       0x2c build/usbd_cdc_if.o
                0x08008c98                CDC_Transmit_FS
 .text.USBD_FS_DeviceDescriptor
                0x08008cc4        0xc build/usbd_desc.o
                0x08008cc4                USBD_FS_DeviceDescriptor
 .text.USBD_FS_LangIDStrDescriptor
                0x08008cd0        0xc build/usbd_desc.o
                0x08008cd0                USBD_FS_LangIDStrDescriptor
 .text.IntToUnicode
                0x08008cdc       0x46 build/usbd_desc.o
 *fill*         0x08008d22        0x2 
 .text.Get_SerialNum
                0x08008d24       0x38 build/usbd_desc.o
 .text.USBD_FS_SerialStrDescriptor
                0x08008d5c       0x14 build/usbd_desc.o
                0x08008d5c                USBD_FS_SerialStrDescriptor
 .text.USBD_FS_ProductStrDescriptor
                0x08008d70       0x24 build/usbd_desc.o
                0x08008d70                USBD_FS_ProductStrDescriptor
 .text.USBD_FS_ManufacturerStrDescriptor
                0x08008d94       0x1c build/usbd_desc.o
                0x08008d94                USBD_FS_ManufacturerStrDescriptor
 .text.USBD_FS_ConfigStrDescriptor
                0x08008db0       0x24 build/usbd_desc.o
                0x08008db0                USBD_FS_ConfigStrDescriptor
 .text.USBD_FS_InterfaceStrDescriptor
                0x08008dd4       0x24 build/usbd_desc.o
                0x08008dd4                USBD_FS_InterfaceStrDescriptor
 .text.HAL_PCD_MspInit
                0x08008df8       0x84 build/usbd_conf.o
                0x08008df8                HAL_PCD_MspInit
 .text.HAL_PCD_SetupStageCallback
                0x08008e7c       0x10 build/usbd_conf.o
                0x08008e7c                HAL_PCD_SetupStageCallback
 .text.HAL_PCD_DataOutStageCallback
                0x08008e8c       0x18 build/usbd_conf.o
                0x08008e8c                HAL_PCD_DataOutStageCallback
 .text.HAL_PCD_DataInStageCallback
                0x08008ea4       0x16 build/usbd_conf.o
                0x08008ea4                HAL_PCD_DataInStageCallback
 .text.HAL_PCD_SOFCallback
                0x08008eba        0xc build/usbd_conf.o
                0x08008eba                HAL_PCD_SOFCallback
 .text.HAL_PCD_ResetCallback
                0x08008ec6       0x28 build/usbd_conf.o
                0x08008ec6                HAL_PCD_ResetCallback
 *fill*         0x08008eee        0x2 
 .text.HAL_PCD_SuspendCallback
                0x08008ef0       0x30 build/usbd_conf.o
                0x08008ef0                HAL_PCD_SuspendCallback
 .text.HAL_PCD_ResumeCallback
                0x08008f20        0xc build/usbd_conf.o
                0x08008f20                HAL_PCD_ResumeCallback
 .text.HAL_PCD_ISOOUTIncompleteCallback
                0x08008f2c        0xc build/usbd_conf.o
                0x08008f2c                HAL_PCD_ISOOUTIncompleteCallback
 .text.HAL_PCD_ISOINIncompleteCallback
                0x08008f38        0xc build/usbd_conf.o
                0x08008f38                HAL_PCD_ISOINIncompleteCallback
 .text.HAL_PCD_ConnectCallback
                0x08008f44        0xc build/usbd_conf.o
                0x08008f44                HAL_PCD_ConnectCallback
 .text.HAL_PCD_DisconnectCallback
                0x08008f50        0xc build/usbd_conf.o
                0x08008f50                HAL_PCD_DisconnectCallback
 .text.USBD_LL_Init
                0x08008f5c       0x68 build/usbd_conf.o
                0x08008f5c                USBD_LL_Init
 .text.USBD_LL_IsStallEP
                0x08008fc4       0x2c build/usbd_conf.o
                0x08008fc4                USBD_LL_IsStallEP
 .text.USBD_LL_GetRxDataSize
                0x08008ff0        0xc build/usbd_conf.o
                0x08008ff0                USBD_LL_GetRxDataSize
 .text.USBD_static_malloc
                0x08008ffc        0x8 build/usbd_conf.o
                0x08008ffc                USBD_static_malloc
 .text.USBD_static_free
                0x08009004        0x2 build/usbd_conf.o
                0x08009004                USBD_static_free
 .text.USBD_Get_USB_Status
                0x08009006       0x14 build/usbd_conf.o
                0x08009006                USBD_Get_USB_Status
 .text.USBD_LL_Start
                0x0800901a       0x10 build/usbd_conf.o
                0x0800901a                USBD_LL_Start
 .text.USBD_LL_OpenEP
                0x0800902a       0x16 build/usbd_conf.o
                0x0800902a                USBD_LL_OpenEP
 .text.USBD_LL_CloseEP
                0x08009040       0x10 build/usbd_conf.o
                0x08009040                USBD_LL_CloseEP
 .text.USBD_LL_StallEP
                0x08009050       0x10 build/usbd_conf.o
                0x08009050                USBD_LL_StallEP
 .text.USBD_LL_ClearStallEP
                0x08009060       0x10 build/usbd_conf.o
                0x08009060                USBD_LL_ClearStallEP
 .text.USBD_LL_SetUSBAddress
                0x08009070       0x10 build/usbd_conf.o
                0x08009070                USBD_LL_SetUSBAddress
 .text.USBD_LL_Transmit
                0x08009080       0x10 build/usbd_conf.o
                0x08009080                USBD_LL_Transmit
 .text.USBD_LL_PrepareReceive
                0x08009090       0x10 build/usbd_conf.o
                0x08009090                USBD_LL_PrepareReceive
 .text._ZN9BarometerC2Ev
                0x080090a0       0x10 build/barometer.o
                0x080090a0                Barometer::Barometer()
                0x080090a0                Barometer::Barometer()
 .text._ZN9Barometer4initEv
                0x080090b0       0x60 build/barometer.o
                0x080090b0                Barometer::init()
 .text._ZN8ColirOneC2Ev
                0x08009110       0x32 build/colir_one.o
                0x08009110                ColirOne::ColirOne()
                0x08009110                ColirOne::ColirOne()
 .text._ZN8ColirOne4initEv
                0x08009142       0x30 build/colir_one.o
                0x08009142                ColirOne::init()
 .text._ZN3GPSC2Ev
                0x08009172       0x10 build/gps.o
                0x08009172                GPS::GPS()
                0x08009172                GPS::GPS()
 *fill*         0x08009182        0x2 
 .text.HAL_UARTEx_RxEventCallback
                0x08009184       0x94 build/gps.o
                0x08009184                HAL_UARTEx_RxEventCallback
 .text._ZN3GPS4initEv
                0x08009218       0x28 build/gps.o
                0x08009218                GPS::init()
 .text._ZN3IMUC2Ev
                0x08009240        0x2 build/imu.o
                0x08009240                IMU::IMU()
                0x08009240                IMU::IMU()
 *fill*         0x08009242        0x2 
 .text._ZN3IMU4initEv
                0x08009244       0x18 build/imu.o
                0x08009244                IMU::init()
 .text._ZN7LighterC2Ev
                0x0800925c        0x2 build/lighter.o
                0x0800925c                Lighter::Lighter()
                0x0800925c                Lighter::Lighter()
 .text._ZN5ServoC2Ev
                0x0800925e        0x2 build/servo.o
                0x0800925e                Servo::Servo()
                0x0800925e                Servo::Servo()
 .text._ZN2RFC2Ev
                0x08009260        0x2 build/rf.o
                0x08009260                RF::RF()
                0x08009260                RF::RF()
 .text._ZN2RF4initEv
                0x08009262        0xe build/rf.o
                0x08009262                RF::init()
 .text._ZN2RF11setRxAdressEPh
                0x08009270       0x20 build/rf.o
                0x08009270                RF::setRxAdress(unsigned char*)
 .text._ZN2RF9setRxModeEv
                0x08009290       0x18 build/rf.o
                0x08009290                RF::setRxMode()
 .text._ZN2RF15hasReceivedDataEv
                0x080092a8        0x8 build/rf.o
                0x080092a8                RF::hasReceivedData()
 .text._ZN2RF15getReceivedDataEv
                0x080092b0       0x54 build/rf.o
                0x080092b0                RF::getReceivedData()
 .text.main     0x08009304       0x58 build/main.o
                0x08009304                main
 .text.Reset_Handler
                0x0800935c       0x50 build/startup_stm32f407xx.o
                0x0800935c                Reset_Handler
 .text.Default_Handler
                0x080093ac        0x2 build/startup_stm32f407xx.o
                0x080093ac                RTC_Alarm_IRQHandler
                0x080093ac                HASH_RNG_IRQHandler
                0x080093ac                EXTI2_IRQHandler
                0x080093ac                TIM8_CC_IRQHandler
                0x080093ac                TIM1_CC_IRQHandler
                0x080093ac                DMA2_Stream5_IRQHandler
                0x080093ac                PVD_IRQHandler
                0x080093ac                TAMP_STAMP_IRQHandler
                0x080093ac                CAN2_RX1_IRQHandler
                0x080093ac                EXTI3_IRQHandler
                0x080093ac                TIM8_TRG_COM_TIM14_IRQHandler
                0x080093ac                TIM1_UP_TIM10_IRQHandler
                0x080093ac                TIM8_UP_TIM13_IRQHandler
                0x080093ac                I2C3_ER_IRQHandler
                0x080093ac                EXTI0_IRQHandler
                0x080093ac                I2C2_EV_IRQHandler
                0x080093ac                DMA1_Stream2_IRQHandler
                0x080093ac                CAN1_RX0_IRQHandler
                0x080093ac                FPU_IRQHandler
                0x080093ac                OTG_HS_WKUP_IRQHandler
                0x080093ac                CAN2_SCE_IRQHandler
                0x080093ac                DMA2_Stream2_IRQHandler
                0x080093ac                SPI1_IRQHandler
                0x080093ac                TIM6_DAC_IRQHandler
                0x080093ac                TIM1_BRK_TIM9_IRQHandler
                0x080093ac                DCMI_IRQHandler
                0x080093ac                CAN2_RX0_IRQHandler
                0x080093ac                USART6_IRQHandler
                0x080093ac                USART3_IRQHandler
                0x080093ac                CAN1_RX1_IRQHandler
                0x080093ac                UART5_IRQHandler
                0x080093ac                DMA2_Stream0_IRQHandler
                0x080093ac                TIM4_IRQHandler
                0x080093ac                I2C1_EV_IRQHandler
                0x080093ac                DMA1_Stream1_IRQHandler
                0x080093ac                UART4_IRQHandler
                0x080093ac                TIM3_IRQHandler
                0x080093ac                RCC_IRQHandler
                0x080093ac                TIM8_BRK_TIM12_IRQHandler
                0x080093ac                Default_Handler
                0x080093ac                EXTI15_10_IRQHandler
                0x080093ac                ADC_IRQHandler
                0x080093ac                DMA1_Stream7_IRQHandler
                0x080093ac                TIM7_IRQHandler
                0x080093ac                CAN2_TX_IRQHandler
                0x080093ac                TIM5_IRQHandler
                0x080093ac                DMA2_Stream7_IRQHandler
                0x080093ac                I2C3_EV_IRQHandler
                0x080093ac                EXTI9_5_IRQHandler
                0x080093ac                RTC_WKUP_IRQHandler
                0x080093ac                ETH_WKUP_IRQHandler
                0x080093ac                SPI2_IRQHandler
                0x080093ac                OTG_HS_EP1_IN_IRQHandler
                0x080093ac                DMA1_Stream0_IRQHandler
                0x080093ac                CAN1_TX_IRQHandler
                0x080093ac                EXTI4_IRQHandler
                0x080093ac                FSMC_IRQHandler
                0x080093ac                ETH_IRQHandler
                0x080093ac                OTG_HS_EP1_OUT_IRQHandler
                0x080093ac                WWDG_IRQHandler
                0x080093ac                TIM2_IRQHandler
                0x080093ac                OTG_FS_WKUP_IRQHandler
                0x080093ac                TIM1_TRG_COM_TIM11_IRQHandler
                0x080093ac                OTG_HS_IRQHandler
                0x080093ac                EXTI1_IRQHandler
                0x080093ac                USART2_IRQHandler
                0x080093ac                I2C2_ER_IRQHandler
                0x080093ac                DMA2_Stream1_IRQHandler
                0x080093ac                CAN1_SCE_IRQHandler
                0x080093ac                FLASH_IRQHandler
                0x080093ac                DMA2_Stream4_IRQHandler
                0x080093ac                USART1_IRQHandler
                0x080093ac                SPI3_IRQHandler
                0x080093ac                DMA1_Stream4_IRQHandler
                0x080093ac                I2C1_ER_IRQHandler
                0x080093ac                DMA1_Stream3_IRQHandler
 *fill*         0x080093ae        0x2 
 .text.malloc   0x080093b0       0x10 /home/dat/.config/Code/User/globalStorage/litaitech.stm32-colir-one/@xpack-dev-tools/arm-none-eabi-gcc/13.3.1-1.1.1/.content/bin/../lib/gcc/arm-none-eabi/13.3.1/../../../../arm-none-eabi/lib/thumb/v7e-m+fp/hard/libc_nano.a(libc_a-malloc.o)
                0x080093b0                malloc
 .text.sbrk_aligned
                0x080093c0       0x44 /home/dat/.config/Code/User/globalStorage/litaitech.stm32-colir-one/@xpack-dev-tools/arm-none-eabi-gcc/13.3.1-1.1.1/.content/bin/../lib/gcc/arm-none-eabi/13.3.1/../../../../arm-none-eabi/lib/thumb/v7e-m+fp/hard/libc_nano.a(libc_a-mallocr.o)
 .text._malloc_r
                0x08009404      0x100 /home/dat/.config/Code/User/globalStorage/litaitech.stm32-colir-one/@xpack-dev-tools/arm-none-eabi-gcc/13.3.1-1.1.1/.content/bin/../lib/gcc/arm-none-eabi/13.3.1/../../../../arm-none-eabi/lib/thumb/v7e-m+fp/hard/libc_nano.a(libc_a-mallocr.o)
                0x08009404                _malloc_r
 .text.__malloc_lock
                0x08009504        0xc /home/dat/.config/Code/User/globalStorage/litaitech.stm32-colir-one/@xpack-dev-tools/arm-none-eabi-gcc/13.3.1-1.1.1/.content/bin/../lib/gcc/arm-none-eabi/13.3.1/../../../../arm-none-eabi/lib/thumb/v7e-m+fp/hard/libc_nano.a(libc_a-mlock.o)
                0x08009504                __malloc_lock
 .text.__malloc_unlock
                0x08009510        0xc /home/dat/.config/Code/User/globalStorage/litaitech.stm32-colir-one/@xpack-dev-tools/arm-none-eabi-gcc/13.3.1-1.1.1/.content/bin/../lib/gcc/arm-none-eabi/13.3.1/../../../../arm-none-eabi/lib/thumb/v7e-m+fp/hard/libc_nano.a(libc_a-mlock.o)
                0x08009510                __malloc_unlock
 .text.__cvt    0x0800951c       0xca /home/dat/.config/Code/User/globalStorage/litaitech.stm32-colir-one/@xpack-dev-tools/arm-none-eabi-gcc/13.3.1-1.1.1/.content/bin/../lib/gcc/arm-none-eabi/13.3.1/../../../../arm-none-eabi/lib/thumb/v7e-m+fp/hard/libc_nano.a(libc_a-nano-vfprintf_float.o)
                0x0800951c                __cvt
 .text.__exponent
                0x080095e6       0x74 /home/dat/.config/Code/User/globalStorage/litaitech.stm32-colir-one/@xpack-dev-tools/arm-none-eabi-gcc/13.3.1-1.1.1/.content/bin/../lib/gcc/arm-none-eabi/13.3.1/../../../../arm-none-eabi/lib/thumb/v7e-m+fp/hard/libc_nano.a(libc_a-nano-vfprintf_float.o)
                0x080095e6                __exponent
 *fill*         0x0800965a        0x2 
 .text._printf_float
                0x0800965c      0x454 /home/dat/.config/Code/User/globalStorage/litaitech.stm32-colir-one/@xpack-dev-tools/arm-none-eabi-gcc/13.3.1-1.1.1/.content/bin/../lib/gcc/arm-none-eabi/13.3.1/../../../../arm-none-eabi/lib/thumb/v7e-m+fp/hard/libc_nano.a(libc_a-nano-vfprintf_float.o)
                0x0800965c                _printf_float
 .text._printf_common
                0x08009ab0       0xda /home/dat/.config/Code/User/globalStorage/litaitech.stm32-colir-one/@xpack-dev-tools/arm-none-eabi-gcc/13.3.1-1.1.1/.content/bin/../lib/gcc/arm-none-eabi/13.3.1/../../../../arm-none-eabi/lib/thumb/v7e-m+fp/hard/libc_nano.a(libc_a-nano-vfprintf_i.o)
                0x08009ab0                _printf_common
 *fill*         0x08009b8a        0x2 
 .text._printf_i
                0x08009b8c      0x23c /home/dat/.config/Code/User/globalStorage/litaitech.stm32-colir-one/@xpack-dev-tools/arm-none-eabi-gcc/13.3.1-1.1.1/.content/bin/../lib/gcc/arm-none-eabi/13.3.1/../../../../arm-none-eabi/lib/thumb/v7e-m+fp/hard/libc_nano.a(libc_a-nano-vfprintf_i.o)
                0x08009b8c                _printf_i
 .text.std      0x08009dc8       0x6c /home/dat/.config/Code/User/globalStorage/litaitech.stm32-colir-one/@xpack-dev-tools/arm-none-eabi-gcc/13.3.1-1.1.1/.content/bin/../lib/gcc/arm-none-eabi/13.3.1/../../../../arm-none-eabi/lib/thumb/v7e-m+fp/hard/libc_nano.a(libc_a-findfp.o)
 .text.stdio_exit_handler
                0x08009e34       0x18 /home/dat/.config/Code/User/globalStorage/litaitech.stm32-colir-one/@xpack-dev-tools/arm-none-eabi-gcc/13.3.1-1.1.1/.content/bin/../lib/gcc/arm-none-eabi/13.3.1/../../../../arm-none-eabi/lib/thumb/v7e-m+fp/hard/libc_nano.a(libc_a-findfp.o)
 .text.cleanup_stdio
                0x08009e4c       0x40 /home/dat/.config/Code/User/globalStorage/litaitech.stm32-colir-one/@xpack-dev-tools/arm-none-eabi-gcc/13.3.1-1.1.1/.content/bin/../lib/gcc/arm-none-eabi/13.3.1/../../../../arm-none-eabi/lib/thumb/v7e-m+fp/hard/libc_nano.a(libc_a-findfp.o)
 .text.global_stdio_init.part.0
                0x08009e8c       0x3c /home/dat/.config/Code/User/globalStorage/litaitech.stm32-colir-one/@xpack-dev-tools/arm-none-eabi-gcc/13.3.1-1.1.1/.content/bin/../lib/gcc/arm-none-eabi/13.3.1/../../../../arm-none-eabi/lib/thumb/v7e-m+fp/hard/libc_nano.a(libc_a-findfp.o)
 .text.__sfp_lock_acquire
                0x08009ec8        0xc /home/dat/.config/Code/User/globalStorage/litaitech.stm32-colir-one/@xpack-dev-tools/arm-none-eabi-gcc/13.3.1-1.1.1/.content/bin/../lib/gcc/arm-none-eabi/13.3.1/../../../../arm-none-eabi/lib/thumb/v7e-m+fp/hard/libc_nano.a(libc_a-findfp.o)
                0x08009ec8                __sfp_lock_acquire
 .text.__sfp_lock_release
                0x08009ed4        0xc /home/dat/.config/Code/User/globalStorage/litaitech.stm32-colir-one/@xpack-dev-tools/arm-none-eabi-gcc/13.3.1-1.1.1/.content/bin/../lib/gcc/arm-none-eabi/13.3.1/../../../../arm-none-eabi/lib/thumb/v7e-m+fp/hard/libc_nano.a(libc_a-findfp.o)
                0x08009ed4                __sfp_lock_release
 .text.__sinit  0x08009ee0       0x30 /home/dat/.config/Code/User/globalStorage/litaitech.stm32-colir-one/@xpack-dev-tools/arm-none-eabi-gcc/13.3.1-1.1.1/.content/bin/../lib/gcc/arm-none-eabi/13.3.1/../../../../arm-none-eabi/lib/thumb/v7e-m+fp/hard/libc_nano.a(libc_a-findfp.o)
                0x08009ee0                __sinit
 .text._fwalk_sglue
                0x08009f10       0x3c /home/dat/.config/Code/User/globalStorage/litaitech.stm32-colir-one/@xpack-dev-tools/arm-none-eabi-gcc/13.3.1-1.1.1/.content/bin/../lib/gcc/arm-none-eabi/13.3.1/../../../../arm-none-eabi/lib/thumb/v7e-m+fp/hard/libc_nano.a(libc_a-fwalk.o)
                0x08009f10                _fwalk_sglue
 .text.printf   0x08009f4c       0x24 /home/dat/.config/Code/User/globalStorage/litaitech.stm32-colir-one/@xpack-dev-tools/arm-none-eabi-gcc/13.3.1-1.1.1/.content/bin/../lib/gcc/arm-none-eabi/13.3.1/../../../../arm-none-eabi/lib/thumb/v7e-m+fp/hard/libc_nano.a(libc_a-printf.o)
                0x08009f4c                printf
                0x08009f4c                iprintf
 .text.__sread  0x08009f70       0x22 /home/dat/.config/Code/User/globalStorage/litaitech.stm32-colir-one/@xpack-dev-tools/arm-none-eabi-gcc/13.3.1-1.1.1/.content/bin/../lib/gcc/arm-none-eabi/13.3.1/../../../../arm-none-eabi/lib/thumb/v7e-m+fp/hard/libc_nano.a(libc_a-stdio.o)
                0x08009f70                __sread
 .text.__swrite
                0x08009f92       0x38 /home/dat/.config/Code/User/globalStorage/litaitech.stm32-colir-one/@xpack-dev-tools/arm-none-eabi-gcc/13.3.1-1.1.1/.content/bin/../lib/gcc/arm-none-eabi/13.3.1/../../../../arm-none-eabi/lib/thumb/v7e-m+fp/hard/libc_nano.a(libc_a-stdio.o)
                0x08009f92                __swrite
 .text.__sseek  0x08009fca       0x24 /home/dat/.config/Code/User/globalStorage/litaitech.stm32-colir-one/@xpack-dev-tools/arm-none-eabi-gcc/13.3.1-1.1.1/.content/bin/../lib/gcc/arm-none-eabi/13.3.1/../../../../arm-none-eabi/lib/thumb/v7e-m+fp/hard/libc_nano.a(libc_a-stdio.o)
                0x08009fca                __sseek
 .text.__sclose
                0x08009fee        0x8 /home/dat/.config/Code/User/globalStorage/litaitech.stm32-colir-one/@xpack-dev-tools/arm-none-eabi-gcc/13.3.1-1.1.1/.content/bin/../lib/gcc/arm-none-eabi/13.3.1/../../../../arm-none-eabi/lib/thumb/v7e-m+fp/hard/libc_nano.a(libc_a-stdio.o)
                0x08009fee                __sclose
 .text.__swbuf_r
                0x08009ff6       0x7c /home/dat/.config/Code/User/globalStorage/litaitech.stm32-colir-one/@xpack-dev-tools/arm-none-eabi-gcc/13.3.1-1.1.1/.content/bin/../lib/gcc/arm-none-eabi/13.3.1/../../../../arm-none-eabi/lib/thumb/v7e-m+fp/hard/libc_nano.a(libc_a-wbuf.o)
                0x08009ff6                __swbuf_r
 *fill*         0x0800a072        0x2 
 .text.__swsetup_r
                0x0800a074       0xac /home/dat/.config/Code/User/globalStorage/litaitech.stm32-colir-one/@xpack-dev-tools/arm-none-eabi-gcc/13.3.1-1.1.1/.content/bin/../lib/gcc/arm-none-eabi/13.3.1/../../../../arm-none-eabi/lib/thumb/v7e-m+fp/hard/libc_nano.a(libc_a-wsetup.o)
                0x0800a074                __swsetup_r
 .text.memset   0x0800a120       0x10 /home/dat/.config/Code/User/globalStorage/litaitech.stm32-colir-one/@xpack-dev-tools/arm-none-eabi-gcc/13.3.1-1.1.1/.content/bin/../lib/gcc/arm-none-eabi/13.3.1/../../../../arm-none-eabi/lib/thumb/v7e-m+fp/hard/libc_nano.a(libc_a-memset.o)
                0x0800a120                memset
 .text._localeconv_r
                0x0800a130        0x8 /home/dat/.config/Code/User/globalStorage/litaitech.stm32-colir-one/@xpack-dev-tools/arm-none-eabi-gcc/13.3.1-1.1.1/.content/bin/../lib/gcc/arm-none-eabi/13.3.1/../../../../arm-none-eabi/lib/thumb/v7e-m+fp/hard/libc_nano.a(libc_a-localeconv.o)
                0x0800a130                _localeconv_r
 .text._close_r
                0x0800a138       0x20 /home/dat/.config/Code/User/globalStorage/litaitech.stm32-colir-one/@xpack-dev-tools/arm-none-eabi-gcc/13.3.1-1.1.1/.content/bin/../lib/gcc/arm-none-eabi/13.3.1/../../../../arm-none-eabi/lib/thumb/v7e-m+fp/hard/libc_nano.a(libc_a-closer.o)
                0x0800a138                _close_r
 .text._lseek_r
                0x0800a158       0x24 /home/dat/.config/Code/User/globalStorage/litaitech.stm32-colir-one/@xpack-dev-tools/arm-none-eabi-gcc/13.3.1-1.1.1/.content/bin/../lib/gcc/arm-none-eabi/13.3.1/../../../../arm-none-eabi/lib/thumb/v7e-m+fp/hard/libc_nano.a(libc_a-lseekr.o)
                0x0800a158                _lseek_r
 .text._read_r  0x0800a17c       0x24 /home/dat/.config/Code/User/globalStorage/litaitech.stm32-colir-one/@xpack-dev-tools/arm-none-eabi-gcc/13.3.1-1.1.1/.content/bin/../lib/gcc/arm-none-eabi/13.3.1/../../../../arm-none-eabi/lib/thumb/v7e-m+fp/hard/libc_nano.a(libc_a-readr.o)
                0x0800a17c                _read_r
 .text._sbrk_r  0x0800a1a0       0x20 /home/dat/.config/Code/User/globalStorage/litaitech.stm32-colir-one/@xpack-dev-tools/arm-none-eabi-gcc/13.3.1-1.1.1/.content/bin/../lib/gcc/arm-none-eabi/13.3.1/../../../../arm-none-eabi/lib/thumb/v7e-m+fp/hard/libc_nano.a(libc_a-sbrkr.o)
                0x0800a1a0                _sbrk_r
 .text._write_r
                0x0800a1c0       0x24 /home/dat/.config/Code/User/globalStorage/litaitech.stm32-colir-one/@xpack-dev-tools/arm-none-eabi-gcc/13.3.1-1.1.1/.content/bin/../lib/gcc/arm-none-eabi/13.3.1/../../../../arm-none-eabi/lib/thumb/v7e-m+fp/hard/libc_nano.a(libc_a-writer.o)
                0x0800a1c0                _write_r
 .text.__errno  0x0800a1e4        0xc /home/dat/.config/Code/User/globalStorage/litaitech.stm32-colir-one/@xpack-dev-tools/arm-none-eabi-gcc/13.3.1-1.1.1/.content/bin/../lib/gcc/arm-none-eabi/13.3.1/../../../../arm-none-eabi/lib/thumb/v7e-m+fp/hard/libc_nano.a(libc_a-errno.o)
                0x0800a1e4                __errno
 .text.__libc_init_array
                0x0800a1f0       0x48 /home/dat/.config/Code/User/globalStorage/litaitech.stm32-colir-one/@xpack-dev-tools/arm-none-eabi-gcc/13.3.1-1.1.1/.content/bin/../lib/gcc/arm-none-eabi/13.3.1/../../../../arm-none-eabi/lib/thumb/v7e-m+fp/hard/libc_nano.a(libc_a-init.o)
                0x0800a1f0                __libc_init_array
 .text.__retarget_lock_init_recursive
                0x0800a238        0x2 /home/dat/.config/Code/User/globalStorage/litaitech.stm32-colir-one/@xpack-dev-tools/arm-none-eabi-gcc/13.3.1-1.1.1/.content/bin/../lib/gcc/arm-none-eabi/13.3.1/../../../../arm-none-eabi/lib/thumb/v7e-m+fp/hard/libc_nano.a(libc_a-lock.o)
                0x0800a238                __retarget_lock_init_recursive
 .text.__retarget_lock_acquire_recursive
                0x0800a23a        0x2 /home/dat/.config/Code/User/globalStorage/litaitech.stm32-colir-one/@xpack-dev-tools/arm-none-eabi-gcc/13.3.1-1.1.1/.content/bin/../lib/gcc/arm-none-eabi/13.3.1/../../../../arm-none-eabi/lib/thumb/v7e-m+fp/hard/libc_nano.a(libc_a-lock.o)
                0x0800a23a                __retarget_lock_acquire_recursive
 .text.__retarget_lock_release_recursive
                0x0800a23c        0x2 /home/dat/.config/Code/User/globalStorage/litaitech.stm32-colir-one/@xpack-dev-tools/arm-none-eabi-gcc/13.3.1-1.1.1/.content/bin/../lib/gcc/arm-none-eabi/13.3.1/../../../../arm-none-eabi/lib/thumb/v7e-m+fp/hard/libc_nano.a(libc_a-lock.o)
                0x0800a23c                __retarget_lock_release_recursive
 .text.memcpy   0x0800a23e       0x1c /home/dat/.config/Code/User/globalStorage/litaitech.stm32-colir-one/@xpack-dev-tools/arm-none-eabi-gcc/13.3.1-1.1.1/.content/bin/../lib/gcc/arm-none-eabi/13.3.1/../../../../arm-none-eabi/lib/thumb/v7e-m+fp/hard/libc_nano.a(libc_a-memcpy-stub.o)
                0x0800a23e                memcpy
 *fill*         0x0800a25a        0x2 
 .text.__assert_func
                0x0800a25c       0x3c /home/dat/.config/Code/User/globalStorage/litaitech.stm32-colir-one/@xpack-dev-tools/arm-none-eabi-gcc/13.3.1-1.1.1/.content/bin/../lib/gcc/arm-none-eabi/13.3.1/../../../../arm-none-eabi/lib/thumb/v7e-m+fp/hard/libc_nano.a(libc_a-assert.o)
                0x0800a25c                __assert_func
 .text.quorem   0x0800a298      0x110 /home/dat/.config/Code/User/globalStorage/litaitech.stm32-colir-one/@xpack-dev-tools/arm-none-eabi-gcc/13.3.1-1.1.1/.content/bin/../lib/gcc/arm-none-eabi/13.3.1/../../../../arm-none-eabi/lib/thumb/v7e-m+fp/hard/libc_nano.a(libc_a-dtoa.o)
 .text._dtoa_r  0x0800a3a8      0xb74 /home/dat/.config/Code/User/globalStorage/litaitech.stm32-colir-one/@xpack-dev-tools/arm-none-eabi-gcc/13.3.1-1.1.1/.content/bin/../lib/gcc/arm-none-eabi/13.3.1/../../../../arm-none-eabi/lib/thumb/v7e-m+fp/hard/libc_nano.a(libc_a-dtoa.o)
                0x0800a3a8                _dtoa_r
 .text._free_r  0x0800af1c       0x94 /home/dat/.config/Code/User/globalStorage/litaitech.stm32-colir-one/@xpack-dev-tools/arm-none-eabi-gcc/13.3.1-1.1.1/.content/bin/../lib/gcc/arm-none-eabi/13.3.1/../../../../arm-none-eabi/lib/thumb/v7e-m+fp/hard/libc_nano.a(libc_a-freer.o)
                0x0800af1c                _free_r
 .text.__ascii_mbtowc
                0x0800afb0       0x24 /home/dat/.config/Code/User/globalStorage/litaitech.stm32-colir-one/@xpack-dev-tools/arm-none-eabi-gcc/13.3.1-1.1.1/.content/bin/../lib/gcc/arm-none-eabi/13.3.1/../../../../arm-none-eabi/lib/thumb/v7e-m+fp/hard/libc_nano.a(libc_a-mbtowc_r.o)
                0x0800afb0                __ascii_mbtowc
 .text._Balloc  0x0800afd4       0x80 /home/dat/.config/Code/User/globalStorage/litaitech.stm32-colir-one/@xpack-dev-tools/arm-none-eabi-gcc/13.3.1-1.1.1/.content/bin/../lib/gcc/arm-none-eabi/13.3.1/../../../../arm-none-eabi/lib/thumb/v7e-m+fp/hard/libc_nano.a(libc_a-mprec.o)
                0x0800afd4                _Balloc
 .text._Bfree   0x0800b054       0x44 /home/dat/.config/Code/User/globalStorage/litaitech.stm32-colir-one/@xpack-dev-tools/arm-none-eabi-gcc/13.3.1-1.1.1/.content/bin/../lib/gcc/arm-none-eabi/13.3.1/../../../../arm-none-eabi/lib/thumb/v7e-m+fp/hard/libc_nano.a(libc_a-mprec.o)
                0x0800b054                _Bfree
 .text.__multadd
                0x0800b098       0x8c /home/dat/.config/Code/User/globalStorage/litaitech.stm32-colir-one/@xpack-dev-tools/arm-none-eabi-gcc/13.3.1-1.1.1/.content/bin/../lib/gcc/arm-none-eabi/13.3.1/../../../../arm-none-eabi/lib/thumb/v7e-m+fp/hard/libc_nano.a(libc_a-mprec.o)
                0x0800b098                __multadd
 .text.__hi0bits
                0x0800b124       0x3e /home/dat/.config/Code/User/globalStorage/litaitech.stm32-colir-one/@xpack-dev-tools/arm-none-eabi-gcc/13.3.1-1.1.1/.content/bin/../lib/gcc/arm-none-eabi/13.3.1/../../../../arm-none-eabi/lib/thumb/v7e-m+fp/hard/libc_nano.a(libc_a-mprec.o)
                0x0800b124                __hi0bits
 .text.__lo0bits
                0x0800b162       0x5a /home/dat/.config/Code/User/globalStorage/litaitech.stm32-colir-one/@xpack-dev-tools/arm-none-eabi-gcc/13.3.1-1.1.1/.content/bin/../lib/gcc/arm-none-eabi/13.3.1/../../../../arm-none-eabi/lib/thumb/v7e-m+fp/hard/libc_nano.a(libc_a-mprec.o)
                0x0800b162                __lo0bits
 .text.__i2b    0x0800b1bc       0x2c /home/dat/.config/Code/User/globalStorage/litaitech.stm32-colir-one/@xpack-dev-tools/arm-none-eabi-gcc/13.3.1-1.1.1/.content/bin/../lib/gcc/arm-none-eabi/13.3.1/../../../../arm-none-eabi/lib/thumb/v7e-m+fp/hard/libc_nano.a(libc_a-mprec.o)
                0x0800b1bc                __i2b
 .text.__multiply
                0x0800b1e8      0x144 /home/dat/.config/Code/User/globalStorage/litaitech.stm32-colir-one/@xpack-dev-tools/arm-none-eabi-gcc/13.3.1-1.1.1/.content/bin/../lib/gcc/arm-none-eabi/13.3.1/../../../../arm-none-eabi/lib/thumb/v7e-m+fp/hard/libc_nano.a(libc_a-mprec.o)
                0x0800b1e8                __multiply
 .text.__pow5mult
                0x0800b32c       0xb4 /home/dat/.config/Code/User/globalStorage/litaitech.stm32-colir-one/@xpack-dev-tools/arm-none-eabi-gcc/13.3.1-1.1.1/.content/bin/../lib/gcc/arm-none-eabi/13.3.1/../../../../arm-none-eabi/lib/thumb/v7e-m+fp/hard/libc_nano.a(libc_a-mprec.o)
                0x0800b32c                __pow5mult
 .text.__lshift
                0x0800b3e0       0xd8 /home/dat/.config/Code/User/globalStorage/litaitech.stm32-colir-one/@xpack-dev-tools/arm-none-eabi-gcc/13.3.1-1.1.1/.content/bin/../lib/gcc/arm-none-eabi/13.3.1/../../../../arm-none-eabi/lib/thumb/v7e-m+fp/hard/libc_nano.a(libc_a-mprec.o)
                0x0800b3e0                __lshift
 .text.__mcmp   0x0800b4b8       0x36 /home/dat/.config/Code/User/globalStorage/litaitech.stm32-colir-one/@xpack-dev-tools/arm-none-eabi-gcc/13.3.1-1.1.1/.content/bin/../lib/gcc/arm-none-eabi/13.3.1/../../../../arm-none-eabi/lib/thumb/v7e-m+fp/hard/libc_nano.a(libc_a-mprec.o)
                0x0800b4b8                __mcmp
 *fill*         0x0800b4ee        0x2 
 .text.__mdiff  0x0800b4f0      0x128 /home/dat/.config/Code/User/globalStorage/litaitech.stm32-colir-one/@xpack-dev-tools/arm-none-eabi-gcc/13.3.1-1.1.1/.content/bin/../lib/gcc/arm-none-eabi/13.3.1/../../../../arm-none-eabi/lib/thumb/v7e-m+fp/hard/libc_nano.a(libc_a-mprec.o)
                0x0800b4f0                __mdiff
 .text.__d2b    0x0800b618       0xb0 /home/dat/.config/Code/User/globalStorage/litaitech.stm32-colir-one/@xpack-dev-tools/arm-none-eabi-gcc/13.3.1-1.1.1/.content/bin/../lib/gcc/arm-none-eabi/13.3.1/../../../../arm-none-eabi/lib/thumb/v7e-m+fp/hard/libc_nano.a(libc_a-mprec.o)
                0x0800b618                __d2b
 .text.__ascii_wctomb
                0x0800b6c8       0x1a /home/dat/.config/Code/User/globalStorage/litaitech.stm32-colir-one/@xpack-dev-tools/arm-none-eabi-gcc/13.3.1-1.1.1/.content/bin/../lib/gcc/arm-none-eabi/13.3.1/../../../../arm-none-eabi/lib/thumb/v7e-m+fp/hard/libc_nano.a(libc_a-wctomb_r.o)
                0x0800b6c8                __ascii_wctomb
 .text.__sfputc_r
                0x0800b6e2       0x2e /home/dat/.config/Code/User/globalStorage/litaitech.stm32-colir-one/@xpack-dev-tools/arm-none-eabi-gcc/13.3.1-1.1.1/.content/bin/../lib/gcc/arm-none-eabi/13.3.1/../../../../arm-none-eabi/lib/thumb/v7e-m+fp/hard/libc_nano.a(libc_a-nano-vfprintf.o)
 .text.__sfputs_r
                0x0800b710       0x24 /home/dat/.config/Code/User/globalStorage/litaitech.stm32-colir-one/@xpack-dev-tools/arm-none-eabi-gcc/13.3.1-1.1.1/.content/bin/../lib/gcc/arm-none-eabi/13.3.1/../../../../arm-none-eabi/lib/thumb/v7e-m+fp/hard/libc_nano.a(libc_a-nano-vfprintf.o)
                0x0800b710                __sfputs_r
 .text._vfprintf_r
                0x0800b734      0x230 /home/dat/.config/Code/User/globalStorage/litaitech.stm32-colir-one/@xpack-dev-tools/arm-none-eabi-gcc/13.3.1-1.1.1/.content/bin/../lib/gcc/arm-none-eabi/13.3.1/../../../../arm-none-eabi/lib/thumb/v7e-m+fp/hard/libc_nano.a(libc_a-nano-vfprintf.o)
                0x0800b734                _vfiprintf_r
                0x0800b734                _vfprintf_r
 .text.__sflush_r
                0x0800b964      0x108 /home/dat/.config/Code/User/globalStorage/litaitech.stm32-colir-one/@xpack-dev-tools/arm-none-eabi-gcc/13.3.1-1.1.1/.content/bin/../lib/gcc/arm-none-eabi/13.3.1/../../../../arm-none-eabi/lib/thumb/v7e-m+fp/hard/libc_nano.a(libc_a-fflush.o)
                0x0800b964                __sflush_r
 .text._fflush_r
                0x0800ba6c       0x50 /home/dat/.config/Code/User/globalStorage/litaitech.stm32-colir-one/@xpack-dev-tools/arm-none-eabi-gcc/13.3.1-1.1.1/.content/bin/../lib/gcc/arm-none-eabi/13.3.1/../../../../arm-none-eabi/lib/thumb/v7e-m+fp/hard/libc_nano.a(libc_a-fflush.o)
                0x0800ba6c                _fflush_r
 .text.fprintf  0x0800babc       0x24 /home/dat/.config/Code/User/globalStorage/litaitech.stm32-colir-one/@xpack-dev-tools/arm-none-eabi-gcc/13.3.1-1.1.1/.content/bin/../lib/gcc/arm-none-eabi/13.3.1/../../../../arm-none-eabi/lib/thumb/v7e-m+fp/hard/libc_nano.a(libc_a-fprintf.o)
                0x0800babc                fprintf
                0x0800babc                fiprintf
 .text.__swhatbuf_r
                0x0800bae0       0x4c /home/dat/.config/Code/User/globalStorage/litaitech.stm32-colir-one/@xpack-dev-tools/arm-none-eabi-gcc/13.3.1-1.1.1/.content/bin/../lib/gcc/arm-none-eabi/13.3.1/../../../../arm-none-eabi/lib/thumb/v7e-m+fp/hard/libc_nano.a(libc_a-makebuf.o)
                0x0800bae0                __swhatbuf_r
 .text.__smakebuf_r
                0x0800bb2c       0x78 /home/dat/.config/Code/User/globalStorage/litaitech.stm32-colir-one/@xpack-dev-tools/arm-none-eabi-gcc/13.3.1-1.1.1/.content/bin/../lib/gcc/arm-none-eabi/13.3.1/../../../../arm-none-eabi/lib/thumb/v7e-m+fp/hard/libc_nano.a(libc_a-makebuf.o)
                0x0800bb2c                __smakebuf_r
 .text._fstat_r
                0x0800bba4       0x24 /home/dat/.config/Code/User/globalStorage/litaitech.stm32-colir-one/@xpack-dev-tools/arm-none-eabi-gcc/13.3.1-1.1.1/.content/bin/../lib/gcc/arm-none-eabi/13.3.1/../../../../arm-none-eabi/lib/thumb/v7e-m+fp/hard/libc_nano.a(libc_a-fstatr.o)
                0x0800bba4                _fstat_r
 .text._isatty_r
                0x0800bbc8       0x20 /home/dat/.config/Code/User/globalStorage/litaitech.stm32-colir-one/@xpack-dev-tools/arm-none-eabi-gcc/13.3.1-1.1.1/.content/bin/../lib/gcc/arm-none-eabi/13.3.1/../../../../arm-none-eabi/lib/thumb/v7e-m+fp/hard/libc_nano.a(libc_a-isattyr.o)
                0x0800bbc8                _isatty_r
 .text.abort    0x0800bbe8        0xe /home/dat/.config/Code/User/globalStorage/litaitech.stm32-colir-one/@xpack-dev-tools/arm-none-eabi-gcc/13.3.1-1.1.1/.content/bin/../lib/gcc/arm-none-eabi/13.3.1/../../../../arm-none-eabi/lib/thumb/v7e-m+fp/hard/libc_nano.a(libc_a-abort.o)
                0x0800bbe8                abort
 .text._calloc_r
                0x0800bbf6       0x28 /home/dat/.config/Code/User/globalStorage/litaitech.stm32-colir-one/@xpack-dev-tools/arm-none-eabi-gcc/13.3.1-1.1.1/.content/bin/../lib/gcc/arm-none-eabi/13.3.1/../../../../arm-none-eabi/lib/thumb/v7e-m+fp/hard/libc_nano.a(libc_a-callocr.o)
                0x0800bbf6                _calloc_r
 .text._raise_r
                0x0800bc1e       0x50 /home/dat/.config/Code/User/globalStorage/litaitech.stm32-colir-one/@xpack-dev-tools/arm-none-eabi-gcc/13.3.1-1.1.1/.content/bin/../lib/gcc/arm-none-eabi/13.3.1/../../../../arm-none-eabi/lib/thumb/v7e-m+fp/hard/libc_nano.a(libc_a-signal.o)
                0x0800bc1e                _raise_r
 *fill*         0x0800bc6e        0x2 
 .text.raise    0x0800bc70       0x10 /home/dat/.config/Code/User/globalStorage/litaitech.stm32-colir-one/@xpack-dev-tools/arm-none-eabi-gcc/13.3.1-1.1.1/.content/bin/../lib/gcc/arm-none-eabi/13.3.1/../../../../arm-none-eabi/lib/thumb/v7e-m+fp/hard/libc_nano.a(libc_a-signal.o)
                0x0800bc70                raise
 .text._kill_r  0x0800bc80       0x24 /home/dat/.config/Code/User/globalStorage/litaitech.stm32-colir-one/@xpack-dev-tools/arm-none-eabi-gcc/13.3.1-1.1.1/.content/bin/../lib/gcc/arm-none-eabi/13.3.1/../../../../arm-none-eabi/lib/thumb/v7e-m+fp/hard/libc_nano.a(libc_a-signalr.o)
                0x0800bc80                _kill_r
 .text._getpid_r
                0x0800bca4        0x4 /home/dat/.config/Code/User/globalStorage/litaitech.stm32-colir-one/@xpack-dev-tools/arm-none-eabi-gcc/13.3.1-1.1.1/.content/bin/../lib/gcc/arm-none-eabi/13.3.1/../../../../arm-none-eabi/lib/thumb/v7e-m+fp/hard/libc_nano.a(libc_a-signalr.o)
                0x0800bca4                _getpid_r
 .text.pow      0x0800bca8       0xf0 /home/dat/.config/Code/User/globalStorage/litaitech.stm32-colir-one/@xpack-dev-tools/arm-none-eabi-gcc/13.3.1-1.1.1/.content/bin/../lib/gcc/arm-none-eabi/13.3.1/../../../../arm-none-eabi/lib/thumb/v7e-m+fp/hard/libm.a(libm_a-w_pow.o)
                0x0800bca8                pow